Archive member included because of file (symbol)

.\CortexM0\ARM_GCC_484\Release\Atom.a(cyfitter_cfg.o)
                              .\CortexM0\ARM_GCC_484\Release\Cm0Start.o (cyfitter_cfg)
.\CortexM0\ARM_GCC_484\Release\Atom.a(UART.o)
                              .\CortexM0\ARM_GCC_484\Release\main.o (UART_Init)
.\CortexM0\ARM_GCC_484\Release\Atom.a(UART_UART.o)
                              .\CortexM0\ARM_GCC_484\Release\Atom.a(UART.o) (UART_UartInit)
.\CortexM0\ARM_GCC_484\Release\Atom.a(isr_WDT.o)
                              .\CortexM0\ARM_GCC_484\Release\main.o (isr_WDT_StartEx)
.\CortexM0\ARM_GCC_484\Release\Atom.a(CyBootAsmGnu.o)
                              .\CortexM0\ARM_GCC_484\Release\sleepMgr.o (CyEnterCriticalSection)
.\CortexM0\ARM_GCC_484\Release\Atom.a(CyLib.o)
                              .\CortexM0\ARM_GCC_484\Release\sysTimer.o (CyIntSetSysVector)
.\CortexM0\ARM_GCC_484\Release\Atom.a(cyPm.o)
                              .\CortexM0\ARM_GCC_484\Release\sleepMgr.o (CySysPmSleep)
.\CortexM0\ARM_GCC_484\Release\Atom.a(comm.o)
                              .\CortexM0\ARM_GCC_484\Release\main.o (comm_Init)
.\CortexM0\ARM_GCC_484\Release\Atom.a(LED.o)
                              .\CortexM0\ARM_GCC_484\Release\main.o (LED_Write)
.\CortexM0\ARM_GCC_484\Release\Atom.a(comm_RS485.o)
                              .\CortexM0\ARM_GCC_484\Release\Atom.a(comm.o) (comm_RS485_Init)
.\CortexM0\ARM_GCC_484\Release\Atom.a(comm_conv.o)
                              .\CortexM0\ARM_GCC_484\Release\waterControl.o (conv_i2str)
.\CortexM0\ARM_GCC_484\Release\Atom.a(comm_jsmn.o)
                              .\CortexM0\ARM_GCC_484\Release\Atom.a(comm.o) (jsmn_parse)
.\CortexM0\ARM_GCC_484\Release\Atom.a(comm_RS485_UART.o)
                              .\CortexM0\ARM_GCC_484\Release\Atom.a(comm_RS485.o) (comm_RS485_UART_Start)
.\CortexM0\ARM_GCC_484\Release\Atom.a(comm_RS485_UART_SPI_UART.o)
                              .\CortexM0\ARM_GCC_484\Release\Atom.a(comm_RS485.o) (comm_RS485_UART_SpiUartClearRxBuffer)
.\CortexM0\ARM_GCC_484\Release\Atom.a(comm_RS485_UART_PM.o)
                              .\CortexM0\ARM_GCC_484\Release\Atom.a(comm_RS485.o) (comm_RS485_UART_Sleep)
.\CortexM0\ARM_GCC_484\Release\Atom.a(comm_RS485_UART_UART.o)
                              .\CortexM0\ARM_GCC_484\Release\Atom.a(comm_RS485_UART.o) (comm_RS485_UART_UartInit)
.\CortexM0\ARM_GCC_484\Release\Atom.a(comm_RS485_WAKE.o)
                              .\CortexM0\ARM_GCC_484\Release\Atom.a(comm_RS485.o) (comm_RS485_WAKE_ReadDataReg)
.\CortexM0\ARM_GCC_484\Release\Atom.a(comm_RS485_isr_WAKE.o)
                              .\CortexM0\ARM_GCC_484\Release\Atom.a(comm_RS485.o) (comm_RS485_isr_WAKE_StartEx)
.\CortexM0\ARM_GCC_484\Release\Atom.a(comm_RS485_isr_Timeout.o)
                              .\CortexM0\ARM_GCC_484\Release\Atom.a(comm_RS485.o) (comm_RS485_isr_Timeout_StartEx)
.\CortexM0\ARM_GCC_484\Release\Atom.a(comm_RS485_Timeout.o)
                              .\CortexM0\ARM_GCC_484\Release\Atom.a(comm_RS485.o) (comm_RS485_Timeout_Enable)
.\CortexM0\ARM_GCC_484\Release\Atom.a(comm_RS485_Timeout_PM.o)
                              .\CortexM0\ARM_GCC_484\Release\Atom.a(comm_RS485.o) (comm_RS485_Timeout_Sleep)
.\CortexM0\ARM_GCC_484\Release\Atom.a(CyLFClk.o)
                              .\CortexM0\ARM_GCC_484\Release\main.o (CySysWdtSetMode)
.\CortexM0\ARM_GCC_484\Release\Atom.a(Counter.o)
                              .\CortexM0\ARM_GCC_484\Release\hwInterface.o (Counter_WriteCounter)
.\CortexM0\ARM_GCC_484\Release\Atom.a(ON1_DIR1.o)
                              .\CortexM0\ARM_GCC_484\Release\hwInterface.o (ON1_DIR1_Write)
.\CortexM0\ARM_GCC_484\Release\Atom.a(ON1_DIR2.o)
                              .\CortexM0\ARM_GCC_484\Release\hwInterface.o (ON1_DIR2_Write)
.\CortexM0\ARM_GCC_484\Release\Atom.a(ON2_DIR1.o)
                              .\CortexM0\ARM_GCC_484\Release\hwInterface.o (ON2_DIR1_Write)
.\CortexM0\ARM_GCC_484\Release\Atom.a(ON2_DIR2.o)
                              .\CortexM0\ARM_GCC_484\Release\hwInterface.o (ON2_DIR2_Write)
.\CortexM0\ARM_GCC_484\Release\Atom.a(ON3_DIR1.o)
                              .\CortexM0\ARM_GCC_484\Release\hwInterface.o (ON3_DIR1_Write)
.\CortexM0\ARM_GCC_484\Release\Atom.a(ON3_DIR2.o)
                              .\CortexM0\ARM_GCC_484\Release\hwInterface.o (ON3_DIR2_Write)
.\CortexM0\ARM_GCC_484\Release\Atom.a(ON4_DIR1.o)
                              .\CortexM0\ARM_GCC_484\Release\hwInterface.o (ON4_DIR1_Write)
.\CortexM0\ARM_GCC_484\Release\Atom.a(ON4_DIR2.o)
                              .\CortexM0\ARM_GCC_484\Release\hwInterface.o (ON4_DIR2_Write)
.\CortexM0\ARM_GCC_484\Release\Atom.a(Ctrl_5V.o)
                              .\CortexM0\ARM_GCC_484\Release\hwInterface.o (Ctrl_5V_Write)
.\CortexM0\ARM_GCC_484\Release\Atom.a(Ctrl_12V.o)
                              .\CortexM0\ARM_GCC_484\Release\hwInterface.o (Ctrl_12V_Write)
.\CortexM0\ARM_GCC_484\Release\Atom.a(ADC.o)
[...]
Memory Configuration

Name             Origin             Length             Attributes
rom              0x00000000         0x00008000         xr
ram              0x20000000         0x00001000         xrw
*default*        0x00000000         0xffffffff

Linker script and memory map

LOAD c:/program files (x86)/cypress/psoc creator/3.2/psoc creator/import/gnu/arm/4.8.4/bin/../lib/gcc/arm-none-eabi/4.8.4/armv6-m/crti.o
LOAD c:/program files (x86)/cypress/psoc creator/3.2/psoc creator/import/gnu/arm/4.8.4/bin/../lib/gcc/arm-none-eabi/4.8.4/armv6-m/crtbegin.o
LOAD c:/program files (x86)/cypress/psoc creator/3.2/psoc creator/import/gnu/arm/4.8.4/bin/../lib/gcc/arm-none-eabi/4.8.4/../../../../arm-none-eabi/lib/armv6-m/crt0.o
START GROUP
LOAD .\CortexM0\ARM_GCC_484\Release\main.o
LOAD .\CortexM0\ARM_GCC_484\Release\Fsm.o
LOAD .\CortexM0\ARM_GCC_484\Release\sysTimer.o
LOAD .\CortexM0\ARM_GCC_484\Release\sleepMgr.o
LOAD .\CortexM0\ARM_GCC_484\Release\waterControl.o
LOAD .\CortexM0\ARM_GCC_484\Release\hwInterface.o
LOAD .\CortexM0\ARM_GCC_484\Release\cymetadata.o
LOAD .\CortexM0\ARM_GCC_484\Release\Cm0Start.o
LOAD .\CortexM0\ARM_GCC_484\Release\Atom.a
LOAD C:\Program Files (x86)\Cypress\PSoC Creator\3.2\PSoC Creator\psoc\content\cycomponentlibrary\CyComponentLibrary.cylib\CortexM0\ARM_GCC_484\Release\CyComponentLibrary.a
END GROUP
START GROUP
LOAD c:/program files (x86)/cypress/psoc creator/3.2/psoc creator/import/gnu/arm/4.8.4/bin/../lib/gcc/arm-none-eabi/4.8.4/armv6-m\libgcc.a
LOAD c:/program files (x86)/cypress/psoc creator/3.2/psoc creator/import/gnu/arm/4.8.4/bin/../lib/gcc/arm-none-eabi/4.8.4/../../../../arm-none-eabi/lib/armv6-m\libg_s.a
LOAD c:/program files (x86)/cypress/psoc creator/3.2/psoc creator/import/gnu/arm/4.8.4/bin/../lib/gcc/arm-none-eabi/4.8.4/../../../../arm-none-eabi/lib/armv6-m\libc_s.a
END GROUP
START GROUP
LOAD c:/program files (x86)/cypress/psoc creator/3.2/psoc creator/import/gnu/arm/4.8.4/bin/../lib/gcc/arm-none-eabi/4.8.4/armv6-m\libgcc.a
LOAD c:/program files (x86)/cypress/psoc creator/3.2/psoc creator/import/gnu/arm/4.8.4/bin/../lib/gcc/arm-none-eabi/4.8.4/../../../../arm-none-eabi/lib/armv6-m\libc_s.a
END GROUP
LOAD c:/program files (x86)/cypress/psoc creator/3.2/psoc creator/import/gnu/arm/4.8.4/bin/../lib/gcc/arm-none-eabi/4.8.4/armv6-m/crtend.o
LOAD c:/program files (x86)/cypress/psoc creator/3.2/psoc creator/import/gnu/arm/4.8.4/bin/../lib/gcc/arm-none-eabi/4.8.4/armv6-m/crtn.o
START GROUP
LOAD c:/program files (x86)/cypress/psoc creator/3.2/psoc creator/import/gnu/arm/4.8.4/bin/../lib/gcc/arm-none-eabi/4.8.4/armv6-m\libgcc.a
LOAD c:/program files (x86)/cypress/psoc creator/3.2/psoc creator/import/gnu/arm/4.8.4/bin/../lib/gcc/arm-none-eabi/4.8.4/../../../../arm-none-eabi/lib/armv6-m\libc.a
LOAD c:/program files (x86)/cypress/psoc creator/3.2/psoc creator/import/gnu/arm/4.8.4/bin/../lib/gcc/arm-none-eabi/4.8.4/../../../../arm-none-eabi/lib/armv6-m\libnosys.a
END GROUP
                0x00000000                CY_APPL_ORIGIN = 0x0
                0x00000080                CY_FLASH_ROW_SIZE = 0x80
                0x00000001                CY_APPL_NUM = 0x1
                0x00000040                CY_METADATA_SIZE = 0x40
                0x20000b80                PROVIDE (__cy_heap_start, _end)
                0x00000001                PROVIDE (__cy_region_num, ((__cy_regions_end - __cy_regions) / 0x10))
                0x20001000                PROVIDE (__cy_stack, (ORIGIN (ram) + 0x1000))
                0x20000c00                PROVIDE (__cy_heap_end, (__cy_stack - 0x400))

.cybootloader   0x00000000        0x0
 *(.cybootloader)
                0x00000000                appl1_start = CY_APPL_ORIGIN?CY_APPL_ORIGIN:ALIGN (CY_FLASH_ROW_SIZE)
                0x00003f80                appl2_start = (appl1_start + ALIGN ((((0x8000 - appl1_start) - (0x2 * CY_FLASH_ROW_SIZE)) / 0x2), CY_FLASH_ROW_SIZE))
                0x00000000                appl_start = (CY_APPL_NUM == 0x1)?appl1_start:appl2_start

.text           0x00000000     0x4978
 CREATE_OBJECT_SYMBOLS
                0x00000000                PROVIDE (__cy_interrupt_vector, RomVectors)
 *(.romvectors)
 .romvectors    0x00000000       0x10 .\CortexM0\ARM_GCC_484\Release\Cm0Start.o
                0x00000000                RomVectors
                0x00000001                ASSERT ((. != __cy_interrupt_vector), No interrupt vector)
                0x00000001                ASSERT (CY_APPL_ORIGIN?(SIZEOF (.cybootloader) <= CY_APPL_ORIGIN):0x1, Wrong image location)
                0x00000010                PROVIDE (__cy_reset, Reset)
 *(.text.Reset)
 .text.Reset    0x00000010        0x6 .\CortexM0\ARM_GCC_484\Release\Cm0Start.o
                0x00000010                Reset
                0x00000001                ASSERT ((. != __cy_reset), No reset code)
 *(.psocinit)
 *fill*         0x00000016        0x2 
 .psocinit      0x00000018      0x278 .\CortexM0\ARM_GCC_484\Release\Atom.a(cyfitter_cfg.o)
                0x00000018                cyfitter_cfg
                0x00000290                . = MAX (., 0x100)
 *(.text .text.* .gnu.linkonce.t.*)
 .text          0x00000290       0x60 c:/program files (x86)/cypress/psoc creator/3.2/psoc creator/import/gnu/arm/4.8.4/bin/../lib/gcc/arm-none-eabi/4.8.4/armv6-m/crtbegin.o
 .text.WDT_ISR_Handler
                0x000002f0       0x28 .\CortexM0\ARM_GCC_484\Release\main.o
                0x000002f0                WDT_ISR_Handler
 .text.setvar_test
                0x00000318        0xe .\CortexM0\ARM_GCC_484\Release\main.o
                0x00000318                setvar_test
 *fill*         0x00000326        0x2 
 .text.getvar_test
                0x00000328       0x1c .\CortexM0\ARM_GCC_484\Release\main.o
                0x00000328                getvar_test
 .text.getvar_sleepPeriod
                0x00000344        0xa .\CortexM0\ARM_GCC_484\Release\main.o
                0x00000344                getvar_sleepPeriod
 .text.setvar_sleepPeriod
                0x0000034e       0x24 .\CortexM0\ARM_GCC_484\Release\main.o
                0x0000034e                setvar_sleepPeriod
 .text.getvar_shutdownTime
                0x00000372        0x4 .\CortexM0\ARM_GCC_484\Release\main.o
                0x00000372                getvar_shutdownTime
 .text.setvar_shutdownTime
                0x00000376        0x2 .\CortexM0\ARM_GCC_484\Release\main.o
                0x00000376                setvar_shutdownTime
 .text.comm_ModeChange
                0x00000378       0x2c .\CortexM0\ARM_GCC_484\Release\main.o
                0x00000378                comm_ModeChange
 .text.getTime  0x000003a4       0x14 .\CortexM0\ARM_GCC_484\Release\main.o
                0x000003a4                getTime
 .text.preset   0x000003b8       0x28 .\CortexM0\ARM_GCC_484\Release\main.o
                0x000003b8                preset
 .text.CheckTime
                0x000003e0       0x58 .\CortexM0\ARM_GCC_484\Release\main.o
                0x000003e0                CheckTime
 .text.SetUpWDT
                0x00000438       0x6c .\CortexM0\ARM_GCC_484\Release\main.o
                0x00000438                SetUpWDT
 .text.init     0x000004a4       0x4c .\CortexM0\ARM_GCC_484\Release\main.o
                0x000004a4                init
 .text.fsmIfacePlatform_sleep
                0x000004f0       0x28 .\CortexM0\ARM_GCC_484\Release\main.o
                0x000004f0                fsmIfacePlatform_sleep
 .text.fsmIfacePlatform_resume
                0x00000518       0x1c .\CortexM0\ARM_GCC_484\Release\main.o
                0x00000518                fsmIfacePlatform_resume
 .text.startup.main
                0x00000534       0x48 .\CortexM0\ARM_GCC_484\Release\main.o
                0x00000534                main
 .text.fsm_init
                0x0000057c       0x1a .\CortexM0\ARM_GCC_484\Release\Fsm.o
                0x0000057c                fsm_init
 .text.fsm_enter
                0x00000596       0x18 .\CortexM0\ARM_GCC_484\Release\Fsm.o
                0x00000596                fsm_enter
 .text.fsm_runCycle
                0x000005ae      0x14c .\CortexM0\ARM_GCC_484\Release\Fsm.o
                0x000005ae                fsm_runCycle
 .text.fsm_raiseTimeEvent
                0x000006fa       0x14 .\CortexM0\ARM_GCC_484\Release\Fsm.o
                0x000006fa                fsm_raiseTimeEvent
 .text.fsmIfacePlatform_raise_start
                0x0000070e        0x6 .\CortexM0\ARM_GCC_484\Release\Fsm.o
                0x0000070e                fsmIfacePlatform_raise_start
 .text.fsmIfacePlatform_raise_test
                0x00000714        0x6 .\CortexM0\ARM_GCC_484\Release\Fsm.o
                0x00000714                fsmIfacePlatform_raise_test
 .text.fsmIfacePlatform_raise_idle
                0x0000071a        0x6 .\CortexM0\ARM_GCC_484\Release\Fsm.o
                0x0000071a                fsmIfacePlatform_raise_idle
 .text.fsmIfacePlatform_raise_timer
                0x00000720        0x6 .\CortexM0\ARM_GCC_484\Release\Fsm.o
                0x00000720                fsmIfacePlatform_raise_timer
 *fill*         0x00000726        0x2 
 .text.sys_tick_isr
                0x00000728       0x10 .\CortexM0\ARM_GCC_484\Release\sysTimer.o
                0x00000728                sys_tick_isr
 .text.SysTimer_Init
                0x00000738       0x3c .\CortexM0\ARM_GCC_484\Release\sysTimer.o
                0x00000738                SysTimer_Init
 .text.SysTimer_GetTicks
                0x00000774        0xc .\CortexM0\ARM_GCC_484\Release\sysTimer.o
                0x00000774                SysTimer_GetTicks
 .text.fsm_setTimer
                0x00000780       0x1c .\CortexM0\ARM_GCC_484\Release\sysTimer.o
                0x00000780                fsm_setTimer
 .text.fsm_unsetTimer
                0x0000079c       0x14 .\CortexM0\ARM_GCC_484\Release\sysTimer.o
                0x0000079c                fsm_unsetTimer
 .text.SysTimer_FsmHandler
                0x000007b0       0x2c .\CortexM0\ARM_GCC_484\Release\sysTimer.o
                0x000007b0                SysTimer_FsmHandler
 .text.sleepMgr_sleep
                0x000007dc       0x20 .\CortexM0\ARM_GCC_484\Release\sleepMgr.o
                0x000007dc                sleepMgr_sleep
 .text.sleepMgr_requestDeepSleep
                0x000007fc       0x18 .\CortexM0\ARM_GCC_484\Release\sleepMgr.o
                0x000007fc                sleepMgr_requestDeepSleep
 .text.sleepMgr_releaseDeepSleep
                0x00000814       0x20 .\CortexM0\ARM_GCC_484\Release\sleepMgr.o
                0x00000814                sleepMgr_releaseDeepSleep
 .text.sleepMgr_requestSleep
                0x00000834       0x18 .\CortexM0\ARM_GCC_484\Release\sleepMgr.o
                0x00000834                sleepMgr_requestSleep
 .text.sleepMgr_releaseSleep
                0x0000084c       0x20 .\CortexM0\ARM_GCC_484\Release\sleepMgr.o
                0x0000084c                sleepMgr_releaseSleep
 .text.waterControl_Init
                0x0000086c        0x8 .\CortexM0\ARM_GCC_484\Release\waterControl.o
                0x0000086c                waterControl_Init
 .text.setvar_fertigationTable0
                0x00000874       0x14 .\CortexM0\ARM_GCC_484\Release\waterControl.o
                0x00000874                setvar_fertigationTable0
 .text.setvar_fertigationTable1
                0x00000888       0x14 .\CortexM0\ARM_GCC_484\Release\waterControl.o
                0x00000888                setvar_fertigationTable1
 .text.setvar_fertigationTable2
                0x0000089c       0x14 .\CortexM0\ARM_GCC_484\Release\waterControl.o
                0x0000089c                setvar_fertigationTable2
 .text.setvar_fertigationTable3
                0x000008b0       0x14 .\CortexM0\ARM_GCC_484\Release\waterControl.o
                0x000008b0                setvar_fertigationTable3
 .text.setvar_fertigationTable4
                0x000008c4       0x14 .\CortexM0\ARM_GCC_484\Release\waterControl.o
                0x000008c4                setvar_fertigationTable4
 .text.setvar_fertigationTable5
                0x000008d8       0x14 .\CortexM0\ARM_GCC_484\Release\waterControl.o
                0x000008d8                setvar_fertigationTable5
 .text.setvar_fertigationTable6
                0x000008ec       0x14 .\CortexM0\ARM_GCC_484\Release\waterControl.o
                0x000008ec                setvar_fertigationTable6
 .text.setvar_fertigationTable7
                0x00000900       0x14 .\CortexM0\ARM_GCC_484\Release\waterControl.o
                0x00000900                setvar_fertigationTable7
 .text.setvar_fertigationTable8
                0x00000914       0x14 .\CortexM0\ARM_GCC_484\Release\waterControl.o
                0x00000914                setvar_fertigationTable8
 .text.setvar_fertigationTable9
                0x00000928       0x14 .\CortexM0\ARM_GCC_484\Release\waterControl.o
                0x00000928                setvar_fertigationTable9
 .text.getvar_fertigationTable0
                0x0000093c        0x8 .\CortexM0\ARM_GCC_484\Release\waterControl.o
                0x0000093c                getvar_fertigationTable0
 .text.getvar_fertigationTable1
                0x00000944        0x8 .\CortexM0\ARM_GCC_484\Release\waterControl.o
                0x00000944                getvar_fertigationTable1
 .text.getvar_fertigationTable2
                0x0000094c        0x8 .\CortexM0\ARM_GCC_484\Release\waterControl.o
                0x0000094c                getvar_fertigationTable2
 .text.getvar_fertigationTable3
                0x00000954        0x8 .\CortexM0\ARM_GCC_484\Release\waterControl.o
                0x00000954                getvar_fertigationTable3
 .text.getvar_fertigationTable4
                0x0000095c        0x8 .\CortexM0\ARM_GCC_484\Release\waterControl.o
                0x0000095c                getvar_fertigationTable4
 .text.getvar_fertigationTable5
                0x00000964        0x8 .\CortexM0\ARM_GCC_484\Release\waterControl.o
                0x00000964                getvar_fertigationTable5
 .text.getvar_fertigationTable6
                0x0000096c        0x8 .\CortexM0\ARM_GCC_484\Release\waterControl.o
                0x0000096c                getvar_fertigationTable6
 .text.getvar_fertigationTable7
                0x00000974        0x8 .\CortexM0\ARM_GCC_484\Release\waterControl.o
                0x00000974                getvar_fertigationTable7
 .text.getvar_fertigationTable8
                0x0000097c        0x8 .\CortexM0\ARM_GCC_484\Release\waterControl.o
                0x0000097c                getvar_fertigationTable8
 .text.getvar_fertigationTable9
                0x00000984        0x8 .\CortexM0\ARM_GCC_484\Release\waterControl.o
                0x00000984                getvar_fertigationTable9
 .text.conv_ia2str
                0x0000098c       0x46 .\CortexM0\ARM_GCC_484\Release\waterControl.o
                0x0000098c                conv_ia2str
 *fill*         0x000009d2        0x2 
 .text.conv_str2ia
                0x000009d4       0x38 .\CortexM0\ARM_GCC_484\Release\waterControl.o
                0x000009d4                conv_str2ia
 .text.setvar_notBefore
                0x00000a0c        0xc .\CortexM0\ARM_GCC_484\Release\waterControl.o
                0x00000a0c                setvar_notBefore
 .text.setvar_notAfter
                0x00000a18        0xc .\CortexM0\ARM_GCC_484\Release\waterControl.o
                0x00000a18                setvar_notAfter
 .text.setvar_dilutionFactorA
                0x00000a24        0xc .\CortexM0\ARM_GCC_484\Release\waterControl.o
                0x00000a24                setvar_dilutionFactorA
 .text.setvar_dilutionFactorB
                0x00000a30        0xc .\CortexM0\ARM_GCC_484\Release\waterControl.o
                0x00000a30                setvar_dilutionFactorB
 .text.setvar_venturiSuctionA
                0x00000a3c        0xc .\CortexM0\ARM_GCC_484\Release\waterControl.o
                0x00000a3c                setvar_venturiSuctionA
 .text.setvar_venturiSuctionB
                0x00000a48        0xc .\CortexM0\ARM_GCC_484\Release\waterControl.o
                0x00000a48                setvar_venturiSuctionB
 .text.setvar_squareMeters
                0x00000a54        0xc .\CortexM0\ARM_GCC_484\Release\waterControl.o
                0x00000a54                setvar_squareMeters
 .text.setvar_lPerSqMeterPerDay
                0x00000a60        0xc .\CortexM0\ARM_GCC_484\Release\waterControl.o
                0x00000a60                setvar_lPerSqMeterPerDay
 .text.setvar_cropType
                0x00000a6c        0x2 .\CortexM0\ARM_GCC_484\Release\waterControl.o
                0x00000a6c                setvar_cropType
 .text.setvar_innerPressure
                0x00000a6e        0x2 .\CortexM0\ARM_GCC_484\Release\waterControl.o
                0x00000a6e                setvar_innerPressure
 .text.setvar_outerPressure
                0x00000a70        0x2 .\CortexM0\ARM_GCC_484\Release\waterControl.o
                0x00000a70                setvar_outerPressure
 .text.setvar_currentFlow
                0x00000a72        0x2 .\CortexM0\ARM_GCC_484\Release\waterControl.o
                0x00000a72                setvar_currentFlow
 .text.setvar_totalVolume
                0x00000a74        0x2 .\CortexM0\ARM_GCC_484\Release\waterControl.o
                0x00000a74                setvar_totalVolume
 .text.setvar_valveStatus
                0x00000a76        0x2 .\CortexM0\ARM_GCC_484\Release\waterControl.o
                0x00000a76                setvar_valveStatus
 .text.setvar_lastStartNumber
                0x00000a78        0x2 .\CortexM0\ARM_GCC_484\Release\waterControl.o
                0x00000a78                setvar_lastStartNumber
 .text.setvar_lastStartVolume
                0x00000a7a        0x2 .\CortexM0\ARM_GCC_484\Release\waterControl.o
                0x00000a7a                setvar_lastStartVolume
 .text.setvar_lastStartFlow
                0x00000a7c        0x2 .\CortexM0\ARM_GCC_484\Release\waterControl.o
                0x00000a7c                setvar_lastStartFlow
 *fill*         0x00000a7e        0x2 
 .text.setvar_startTime
                0x00000a80        0xc .\CortexM0\ARM_GCC_484\Release\waterControl.o
                0x00000a80                setvar_startTime
 .text.setvar_stopTime
                0x00000a8c        0xc .\CortexM0\ARM_GCC_484\Release\waterControl.o
                0x00000a8c                setvar_stopTime
 .text.setvar_numStarts
                0x00000a98        0xc .\CortexM0\ARM_GCC_484\Release\waterControl.o
                0x00000a98                setvar_numStarts
 .text.setvar_volPerStart
                0x00000aa4        0xc .\CortexM0\ARM_GCC_484\Release\waterControl.o
                0x00000aa4                setvar_volPerStart
 .text.setvar_maxVol
                0x00000ab0        0xc .\CortexM0\ARM_GCC_484\Release\waterControl.o
                0x00000ab0                setvar_maxVol
 .text.setvar_minVol
                0x00000abc        0xc .\CortexM0\ARM_GCC_484\Release\waterControl.o
                0x00000abc                setvar_minVol
 .text.getvar_notBefore
                0x00000ac8        0xc .\CortexM0\ARM_GCC_484\Release\waterControl.o
                0x00000ac8                getvar_notBefore
 .text.getvar_notAfter
                0x00000ad4        0xc .\CortexM0\ARM_GCC_484\Release\waterControl.o
                0x00000ad4                getvar_notAfter
 .text.getvar_dilutionFactorA
                0x00000ae0        0xc .\CortexM0\ARM_GCC_484\Release\waterControl.o
                0x00000ae0                getvar_dilutionFactorA
 .text.getvar_dilutionFactorB
                0x00000aec        0xc .\CortexM0\ARM_GCC_484\Release\waterControl.o
                0x00000aec                getvar_dilutionFactorB
 .text.getvar_venturiSuctionA
                0x00000af8        0xc .\CortexM0\ARM_GCC_484\Release\waterControl.o
                0x00000af8                getvar_venturiSuctionA
 .text.getvar_venturiSuctionB
                0x00000b04        0xc .\CortexM0\ARM_GCC_484\Release\waterControl.o
                0x00000b04                getvar_venturiSuctionB
 .text.getvar_squareMeters
                0x00000b10        0xc .\CortexM0\ARM_GCC_484\Release\waterControl.o
                0x00000b10                getvar_squareMeters
 .text.getvar_lPerSqMeterPerDay
                0x00000b1c        0xc .\CortexM0\ARM_GCC_484\Release\waterControl.o
                0x00000b1c                getvar_lPerSqMeterPerDay
 .text.getvar_cropType
                0x00000b28        0xc .\CortexM0\ARM_GCC_484\Release\waterControl.o
                0x00000b28                getvar_cropType
 .text.getvar_innerPressure
                0x00000b34        0xc .\CortexM0\ARM_GCC_484\Release\waterControl.o
                0x00000b34                getvar_innerPressure
 .text.getvar_outerPressure
                0x00000b40        0xc .\CortexM0\ARM_GCC_484\Release\waterControl.o
                0x00000b40                getvar_outerPressure
 .text.getvar_currentFlow
                0x00000b4c        0xc .\CortexM0\ARM_GCC_484\Release\waterControl.o
                0x00000b4c                getvar_currentFlow
 .text.getvar_totalVolume
                0x00000b58        0xc .\CortexM0\ARM_GCC_484\Release\waterControl.o
                0x00000b58                getvar_totalVolume
 .text.getvar_valveStatus
                0x00000b64        0xc .\CortexM0\ARM_GCC_484\Release\waterControl.o
                0x00000b64                getvar_valveStatus
 .text.getvar_lastStartNumber
                0x00000b70        0xc .\CortexM0\ARM_GCC_484\Release\waterControl.o
                0x00000b70                getvar_lastStartNumber
 .text.getvar_lastStartVolume
                0x00000b7c        0xc .\CortexM0\ARM_GCC_484\Release\waterControl.o
                0x00000b7c                getvar_lastStartVolume
 .text.getvar_lastStartFlow
                0x00000b88        0xc .\CortexM0\ARM_GCC_484\Release\waterControl.o
                0x00000b88                getvar_lastStartFlow
 .text.getvar_startTime
                0x00000b94        0xc .\CortexM0\ARM_GCC_484\Release\waterControl.o
                0x00000b94                getvar_startTime
 .text.getvar_stopTime
                0x00000ba0        0xc .\CortexM0\ARM_GCC_484\Release\waterControl.o
                0x00000ba0                getvar_stopTime
 .text.getvar_numStarts
                0x00000bac        0xc .\CortexM0\ARM_GCC_484\Release\waterControl.o
                0x00000bac                getvar_numStarts
 .text.getvar_volPerStart
                0x00000bb8        0xc .\CortexM0\ARM_GCC_484\Release\waterControl.o
                0x00000bb8                getvar_volPerStart
 .text.getvar_maxVol
                0x00000bc4        0xc .\CortexM0\ARM_GCC_484\Release\waterControl.o
                0x00000bc4                getvar_maxVol
 .text.getvar_minVol
                0x00000bd0        0xc .\CortexM0\ARM_GCC_484\Release\waterControl.o
                0x00000bd0                getvar_minVol
 .text.comm_GenerateInfo
                0x00000bdc      0x1c8 .\CortexM0\ARM_GCC_484\Release\waterControl.o
                0x00000bdc                comm_GenerateInfo
 .text.fsmIfaceWaterControl_setExpTime
                0x00000da4       0x4c .\CortexM0\ARM_GCC_484\Release\waterControl.o
                0x00000da4                fsmIfaceWaterControl_setExpTime
 .text.fsmIfaceWaterControl_getOpMode
                0x00000df0       0x1c .\CortexM0\ARM_GCC_484\Release\waterControl.o
                0x00000df0                fsmIfaceWaterControl_getOpMode
 .text.fsmIfaceWaterControl_getCurrentVolume
                0x00000e0c        0x4 .\CortexM0\ARM_GCC_484\Release\waterControl.o
                0x00000e0c                fsmIfaceWaterControl_getCurrentVolume
 .text.fsmIfaceWaterControl_getMaxVolume
                0x00000e10        0x6 .\CortexM0\ARM_GCC_484\Release\waterControl.o
                0x00000e10                fsmIfaceWaterControl_getMaxVolume
 .text.fsmIfaceWaterControl_valveOn
                0x00000e16        0x2 .\CortexM0\ARM_GCC_484\Release\waterControl.o
                0x00000e16                fsmIfaceWaterControl_valveOn
 .text.fsmIfaceWaterControl_valveOff
                0x00000e18        0xa .\CortexM0\ARM_GCC_484\Release\waterControl.o
                0x00000e18                fsmIfaceWaterControl_valveOff
 *fill*         0x00000e22        0x2 
 .text.fsmIfaceWaterControl_sendStats
                0x00000e24       0x60 .\CortexM0\ARM_GCC_484\Release\waterControl.o
                0x00000e24                fsmIfaceWaterControl_sendStats
 .text.hwInterface_Init
                0x00000e84       0x1c .\CortexM0\ARM_GCC_484\Release\hwInterface.o
                0x00000e84                hwInterface_Init
 .text.setValve1ON
                0x00000ea0       0x1e .\CortexM0\ARM_GCC_484\Release\hwInterface.o
                0x00000ea0                setValve1ON
 .text.PressureSensor1_Read
                0x00000ebe       0x16 .\CortexM0\ARM_GCC_484\Release\hwInterface.o
                0x00000ebe                PressureSensor1_Read
 .text.PressureSensor2_Read
                0x00000ed4       0x18 .\CortexM0\ARM_GCC_484\Release\hwInterface.o
                0x00000ed4                PressureSensor2_Read
 .text.FlowSensor1_Read
                0x00000eec       0x12 .\CortexM0\ARM_GCC_484\Release\hwInterface.o
                0x00000eec                FlowSensor1_Read
 .text.IntDefaultHandler
                0x00000efe        0x2 .\CortexM0\ARM_GCC_484\Release\Cm0Start.o
                0x00000efe                IntDefaultHandler
 .text._sbrk    0x00000f00       0x2c .\CortexM0\ARM_GCC_484\Release\Cm0Start.o
                0x00000f00                _sbrk
 .text.Start_c  0x00000f2c       0x4c .\CortexM0\ARM_GCC_484\Release\Cm0Start.o
                0x00000f2c                Start_c
 .text.startup.initialize_psoc
                0x00000f78       0x44 .\CortexM0\ARM_GCC_484\Release\Cm0Start.o
                0x00000f78                initialize_psoc
 .text.SetAnalogRoutingPumps
                0x00000fbc       0x20 .\CortexM0\ARM_GCC_484\Release\Atom.a(cyfitter_cfg.o)
                0x00000fbc                SetAnalogRoutingPumps
 .text.UART_Init
                0x00000fdc        0x8 .\CortexM0\ARM_GCC_484\Release\Atom.a(UART.o)
                0x00000fdc                UART_Init
 .text.UART_Enable
                0x00000fe4       0x18 .\CortexM0\ARM_GCC_484\Release\Atom.a(UART.o)
                0x00000fe4                UART_Enable
 .text.UART_Start
                0x00000ffc       0x1c .\CortexM0\ARM_GCC_484\Release\Atom.a(UART.o)
                0x00000ffc                UART_Start
 .text.UART_Stop
                0x00001018       0x20 .\CortexM0\ARM_GCC_484\Release\Atom.a(UART.o)
                0x00001018                UART_Stop
 .text.UART_UartInit
                0x00001038       0x90 .\CortexM0\ARM_GCC_484\Release\Atom.a(UART_UART.o)
                0x00001038                UART_UartInit
 .text.UART_UartPostEnable
                0x000010c8       0x1c .\CortexM0\ARM_GCC_484\Release\Atom.a(UART_UART.o)
                0x000010c8                UART_UartPostEnable
 .text.UART_UartStop
                0x000010e4       0x14 .\CortexM0\ARM_GCC_484\Release\Atom.a(UART_UART.o)
                0x000010e4                UART_UartStop
 .text.UART_UartPutString
                0x000010f8       0x16 .\CortexM0\ARM_GCC_484\Release\Atom.a(UART_UART.o)
                0x000010f8                UART_UartPutString
 *fill*         0x0000110e        0x2 
 .text.isr_WDT_SetPriority
                0x00001110       0x28 .\CortexM0\ARM_GCC_484\Release\Atom.a(isr_WDT.o)
                0x00001110                isr_WDT_SetPriority
 .text.isr_WDT_StartEx
                0x00001138       0x28 .\CortexM0\ARM_GCC_484\Release\Atom.a(isr_WDT.o)
                0x00001138                isr_WDT_StartEx
 .text          0x00001160       0x28 .\CortexM0\ARM_GCC_484\Release\Atom.a(CyBootAsmGnu.o)
                0x00001160                CyDelayCycles
                0x00001174                CyEnterCriticalSection
                0x0000117c                CyExitCriticalSection
 .text.CySysClkWriteSysclkDiv
                0x00001188       0x2c .\CortexM0\ARM_GCC_484\Release\Atom.a(CyLib.o)
                0x00001188                CySysClkWriteSysclkDiv
 .text.CyIntSetSysVector
                0x000011b4        0xe .\CortexM0\ARM_GCC_484\Release\Atom.a(CyLib.o)
                0x000011b4                CyIntSetSysVector
 *fill*         0x000011c2        0x2 
 .text.CyIntSetVector
                0x000011c4       0x10 .\CortexM0\ARM_GCC_484\Release\Atom.a(CyLib.o)
                0x000011c4                CyIntSetVector
 .text.CyIntSetPriority
                0x000011d4       0x34 .\CortexM0\ARM_GCC_484\Release\Atom.a(CyLib.o)
                0x000011d4                CyIntSetPriority
 .text.CyIntEnable
                0x00001208       0x14 .\CortexM0\ARM_GCC_484\Release\Atom.a(CyLib.o)
                0x00001208                CyIntEnable
 .text.CyIntDisable
                0x0000121c       0x14 .\CortexM0\ARM_GCC_484\Release\Atom.a(CyLib.o)
                0x0000121c                CyIntDisable
 .text.CyIntClearPending
                0x00001230       0x14 .\CortexM0\ARM_GCC_484\Release\Atom.a(CyLib.o)
                0x00001230                CyIntClearPending
 .text.CyDelay  0x00001244       0x2c .\CortexM0\ARM_GCC_484\Release\Atom.a(CyLib.o)
                0x00001244                CyDelay
 .text.CyDelayUs
                0x00001270       0x14 .\CortexM0\ARM_GCC_484\Release\Atom.a(CyLib.o)
                0x00001270                CyDelayUs
 .text.CySysClkWriteImoFreq
                0x00001284      0x120 .\CortexM0\ARM_GCC_484\Release\Atom.a(CyLib.o)
                0x00001284                CySysClkWriteImoFreq
 .text.CySysPmSleep
                0x000013a4       0x1c .\CortexM0\ARM_GCC_484\Release\Atom.a(cyPm.o)
                0x000013a4                CySysPmSleep
 .text.CySysPmDeepSleep
                0x000013c0       0x68 .\CortexM0\ARM_GCC_484\Release\Atom.a(cyPm.o)
                0x000013c0                CySysPmDeepSleep
 .text.skipToNextTokenInLevel
                0x00001428       0x22 .\CortexM0\ARM_GCC_484\Release\Atom.a(comm.o)
 *fill*         0x0000144a        0x2 
 .text.rs485_selected_as_slave_callback
                0x0000144c       0x14 .\CortexM0\ARM_GCC_484\Release\Atom.a(comm.o)
                0x0000144c                rs485_selected_as_slave_callback
 .text.rs485_released_as_slave_callback
                0x00001460       0x14 .\CortexM0\ARM_GCC_484\Release\Atom.a(comm.o)
                0x00001460                rs485_released_as_slave_callback
 .text.rs485_receive_callback
                0x00001474       0x1c .\CortexM0\ARM_GCC_484\Release\Atom.a(comm.o)
                0x00001474                rs485_receive_callback
 .text.rs485_bus_granted_callback
                0x00001490       0x10 .\CortexM0\ARM_GCC_484\Release\Atom.a(comm.o)
                0x00001490                rs485_bus_granted_callback
 .text.rs485_slave_selected_callback
                0x000014a0       0x10 .\CortexM0\ARM_GCC_484\Release\Atom.a(comm.o)
                0x000014a0                rs485_slave_selected_callback
 .text.rs485_slave_released_callback
                0x000014b0       0x10 .\CortexM0\ARM_GCC_484\Release\Atom.a(comm.o)
                0x000014b0                rs485_slave_released_callback
 .text.rs485_bus_released_callback
                0x000014c0       0x10 .\CortexM0\ARM_GCC_484\Release\Atom.a(comm.o)
                0x000014c0                rs485_bus_released_callback
 .text.resp_GenDestSrcOrder
                0x000014d0       0xb0 .\CortexM0\ARM_GCC_484\Release\Atom.a(comm.o)
 .text.compKey  0x00001580       0x26 .\CortexM0\ARM_GCC_484\Release\Atom.a(comm.o)
 *fill*         0x000015a6        0x2 
 .text.get_atom_variable_id_from_string
                0x000015a8      0x304 .\CortexM0\ARM_GCC_484\Release\Atom.a(comm.o)
 .text.get_atom_mode_from_string
                0x000018ac       0x5c .\CortexM0\ARM_GCC_484\Release\Atom.a(comm.o)
 .text.rs485_wake_callback
                0x00001908       0x12 .\CortexM0\ARM_GCC_484\Release\Atom.a(comm.o)
                0x00001908                rs485_wake_callback
 *fill*         0x0000191a        0x2 
 .text.rs485_frame_sent_callback
                0x0000191c       0x3c .\CortexM0\ARM_GCC_484\Release\Atom.a(comm.o)
                0x0000191c                rs485_frame_sent_callback
 .text.comm_handle_Get.part.1
                0x00001958      0x594 .\CortexM0\ARM_GCC_484\Release\Atom.a(comm.o)
 .text.comm_handle_Set.part.2
                0x00001eec      0x5b0 .\CortexM0\ARM_GCC_484\Release\Atom.a(comm.o)
 .text.comm_handle_Info.part.3
                0x0000249c       0x44 .\CortexM0\ARM_GCC_484\Release\Atom.a(comm.o)
 .text.comm_handle_Mode.part.4
                0x000024e0       0x28 .\CortexM0\ARM_GCC_484\Release\Atom.a(comm.o)
 .text.resp_AddFlags
                0x00002508       0xb4 .\CortexM0\ARM_GCC_484\Release\Atom.a(comm.o)
                0x00002508                resp_AddFlags
 .text.validateDestinationAndParse
                0x000025bc      0x274 .\CortexM0\ARM_GCC_484\Release\Atom.a(comm.o)
                0x000025bc                validateDestinationAndParse
 .text.comm_handle_Get
                0x00002830       0x14 .\CortexM0\ARM_GCC_484\Release\Atom.a(comm.o)
                0x00002830                comm_handle_Get
 .text.comm_handle_Status
                0x00002844       0x4c .\CortexM0\ARM_GCC_484\Release\Atom.a(comm.o)
                0x00002844                comm_handle_Status
 .text.comm_handle_Mode
                0x00002890       0x48 .\CortexM0\ARM_GCC_484\Release\Atom.a(comm.o)
                0x00002890                comm_handle_Mode
 .text.comm_Init
                0x000028d8       0x58 .\CortexM0\ARM_GCC_484\Release\Atom.a(comm.o)
                0x000028d8                comm_Init
 .text.comm_ScheduleMessage
                0x00002930       0x48 .\CortexM0\ARM_GCC_484\Release\Atom.a(comm.o)
                0x00002930                comm_ScheduleMessage
 .text.comm_Handler
                0x00002978      0x2ec .\CortexM0\ARM_GCC_484\Release\Atom.a(comm.o)
                0x00002978                comm_Handler
 .text.LED_Write
                0x00002c64       0x18 .\CortexM0\ARM_GCC_484\Release\Atom.a(LED.o)
                0x00002c64                LED_Write
 .text.LED_Read
                0x00002c7c       0x10 .\CortexM0\ARM_GCC_484\Release\Atom.a(LED.o)
                0x00002c7c                LED_Read
 .text.comm_RS485_Uart_isr
                0x00002c8c      0x33c .\CortexM0\ARM_GCC_484\Release\Atom.a(comm_RS485.o)
                0x00002c8c                comm_RS485_Uart_isr
 .text.comm_RS485_Timeout_isr
                0x00002fc8       0x70 .\CortexM0\ARM_GCC_484\Release\Atom.a(comm_RS485.o)
                0x00002fc8                comm_RS485_Timeout_isr
 .text.comm_RS485_Wake_isr
                0x00003038       0x8c .\CortexM0\ARM_GCC_484\Release\Atom.a(comm_RS485.o)
                0x00003038                comm_RS485_Wake_isr
 .text.comm_RS485_Init
                0x000030c4       0x6c .\CortexM0\ARM_GCC_484\Release\Atom.a(comm_RS485.o)
                0x000030c4                comm_RS485_Init
 .text.comm_RS485_SetCallbackOnWake
                0x00003130        0xc .\CortexM0\ARM_GCC_484\Release\Atom.a(comm_RS485.o)
                0x00003130                comm_RS485_SetCallbackOnWake
 .text.comm_RS485_SetCallbackOnSelectedAsSlave
                0x0000313c        0xc .\CortexM0\ARM_GCC_484\Release\Atom.a(comm_RS485.o)
                0x0000313c                comm_RS485_SetCallbackOnSelectedAsSlave
 .text.comm_RS485_SetCallbackOnReleasedAsSlave
                0x00003148        0xc .\CortexM0\ARM_GCC_484\Release\Atom.a(comm_RS485.o)
                0x00003148                comm_RS485_SetCallbackOnReleasedAsSlave
 .text.comm_RS485_SetCallbackOnSlaveReceive
                0x00003154       0x14 .\CortexM0\ARM_GCC_484\Release\Atom.a(comm_RS485.o)
                0x00003154                comm_RS485_SetCallbackOnSlaveReceive
 .text.comm_RS485_SetCallbackOnMasterReceive
                0x00003168       0x14 .\CortexM0\ARM_GCC_484\Release\Atom.a(comm_RS485.o)
                0x00003168                comm_RS485_SetCallbackOnMasterReceive
 .text.comm_RS485_SendFrame
                0x0000317c       0x5c .\CortexM0\ARM_GCC_484\Release\Atom.a(comm_RS485.o)
                0x0000317c                comm_RS485_SendFrame
 .text.comm_RS485_RequestBus
                0x000031d8       0x1c .\CortexM0\ARM_GCC_484\Release\Atom.a(comm_RS485.o)
                0x000031d8                comm_RS485_RequestBus
 .text.comm_RS485_SelectSlave
                0x000031f4       0x58 .\CortexM0\ARM_GCC_484\Release\Atom.a(comm_RS485.o)
                0x000031f4                comm_RS485_SelectSlave
 .text.comm_RS485_ReleaseSlave
                0x0000324c       0x58 .\CortexM0\ARM_GCC_484\Release\Atom.a(comm_RS485.o)
                0x0000324c                comm_RS485_ReleaseSlave
 .text.comm_RS485_ReleaseBus
                0x000032a4       0x54 .\CortexM0\ARM_GCC_484\Release\Atom.a(comm_RS485.o)
                0x000032a4                comm_RS485_ReleaseBus
 .text.conv_i2str
                0x000032f8       0x80 .\CortexM0\ARM_GCC_484\Release\Atom.a(comm_conv.o)
                0x000032f8                conv_i2str
 .text.conv_s2str
                0x00003378       0x30 .\CortexM0\ARM_GCC_484\Release\Atom.a(comm_conv.o)
                0x00003378                conv_s2str
 .text.conv_str2i
                0x000033a8       0x2e .\CortexM0\ARM_GCC_484\Release\Atom.a(comm_conv.o)
                0x000033a8                conv_str2i
 *fill*         0x000033d6        0x2 
 .text.conv_str2s
                0x000033d8       0x20 .\CortexM0\ARM_GCC_484\Release\Atom.a(comm_conv.o)
                0x000033d8                conv_str2s
 .text.jsmn_parse
                0x000033f8      0x2f8 .\CortexM0\ARM_GCC_484\Release\Atom.a(comm_jsmn.o)
                0x000033f8                jsmn_parse
 .text.jsmn_init
                0x000036f0        0xe .\CortexM0\ARM_GCC_484\Release\Atom.a(comm_jsmn.o)
                0x000036f0                jsmn_init
 *fill*         0x000036fe        0x2 
 .text.comm_RS485_UART_Enable
                0x00003700       0x1c .\CortexM0\ARM_GCC_484\Release\Atom.a(comm_RS485_UART.o)
                0x00003700                comm_RS485_UART_Enable
 .text.comm_RS485_UART_Start
                0x0000371c       0x1c .\CortexM0\ARM_GCC_484\Release\Atom.a(comm_RS485_UART.o)
                0x0000371c                comm_RS485_UART_Start
 .text.comm_RS485_UART_Stop
                0x00003738       0x20 .\CortexM0\ARM_GCC_484\Release\Atom.a(comm_RS485_UART.o)
                0x00003738                comm_RS485_UART_Stop
 .text.comm_RS485_UART_SetCustomInterruptHandler
                0x00003758        0xc .\CortexM0\ARM_GCC_484\Release\Atom.a(comm_RS485_UART.o)
                0x00003758                comm_RS485_UART_SetCustomInterruptHandler
 .text.comm_RS485_UART_SpiUartClearRxBuffer
                0x00003764       0x20 .\CortexM0\ARM_GCC_484\Release\Atom.a(comm_RS485_UART_SPI_UART.o)
                0x00003764                comm_RS485_UART_SpiUartClearRxBuffer
 .text.comm_RS485_UART_Sleep
                0x00003784       0x1c .\CortexM0\ARM_GCC_484\Release\Atom.a(comm_RS485_UART_PM.o)
                0x00003784                comm_RS485_UART_Sleep
 .text.comm_RS485_UART_Wakeup
                0x000037a0       0x14 .\CortexM0\ARM_GCC_484\Release\Atom.a(comm_RS485_UART_PM.o)
                0x000037a0                comm_RS485_UART_Wakeup
 .text.comm_RS485_UART_UartInit
                0x000037b4       0xbc .\CortexM0\ARM_GCC_484\Release\Atom.a(comm_RS485_UART_UART.o)
                0x000037b4                comm_RS485_UART_UartInit
 .text.comm_RS485_UART_UartSetRxAddress
                0x00003870       0x14 .\CortexM0\ARM_GCC_484\Release\Atom.a(comm_RS485_UART_UART.o)
                0x00003870                comm_RS485_UART_UartSetRxAddress
 .text.comm_RS485_UART_UartSetRxAddressMask
                0x00003884       0x18 .\CortexM0\ARM_GCC_484\Release\Atom.a(comm_RS485_UART_UART.o)
                0x00003884                comm_RS485_UART_UartSetRxAddressMask
 .text.comm_RS485_WAKE_ReadDataReg
                0x0000389c       0x10 .\CortexM0\ARM_GCC_484\Release\Atom.a(comm_RS485_WAKE.o)
                0x0000389c                comm_RS485_WAKE_ReadDataReg
 .text.comm_RS485_WAKE_ClearInterrupt
                0x000038ac       0x14 .\CortexM0\ARM_GCC_484\Release\Atom.a(comm_RS485_WAKE.o)
                0x000038ac                comm_RS485_WAKE_ClearInterrupt
 .text.comm_RS485_isr_WAKE_SetPriority
                0x000038c0       0x24 .\CortexM0\ARM_GCC_484\Release\Atom.a(comm_RS485_isr_WAKE.o)
                0x000038c0                comm_RS485_isr_WAKE_SetPriority
 .text.comm_RS485_isr_WAKE_StartEx
                0x000038e4       0x24 .\CortexM0\ARM_GCC_484\Release\Atom.a(comm_RS485_isr_WAKE.o)
                0x000038e4                comm_RS485_isr_WAKE_StartEx
 .text.comm_RS485_isr_Timeout_SetPriority
                0x00003908       0x28 .\CortexM0\ARM_GCC_484\Release\Atom.a(comm_RS485_isr_Timeout.o)
                0x00003908                comm_RS485_isr_Timeout_SetPriority
 .text.comm_RS485_isr_Timeout_StartEx
                0x00003930       0x24 .\CortexM0\ARM_GCC_484\Release\Atom.a(comm_RS485_isr_Timeout.o)
                0x00003930                comm_RS485_isr_Timeout_StartEx
 .text.comm_RS485_Timeout_Enable
                0x00003954       0x1c .\CortexM0\ARM_GCC_484\Release\Atom.a(comm_RS485_Timeout.o)
                0x00003954                comm_RS485_Timeout_Enable
 .text.comm_RS485_Timeout_Start
                0x00003970       0x24 .\CortexM0\ARM_GCC_484\Release\Atom.a(comm_RS485_Timeout.o)
                0x00003970                comm_RS485_Timeout_Start
 .text.comm_RS485_Timeout_Stop
                0x00003994       0x1c .\CortexM0\ARM_GCC_484\Release\Atom.a(comm_RS485_Timeout.o)
                0x00003994                comm_RS485_Timeout_Stop
 .text.comm_RS485_Timeout_WriteCounter
                0x000039b0       0x10 .\CortexM0\ARM_GCC_484\Release\Atom.a(comm_RS485_Timeout.o)
                0x000039b0                comm_RS485_Timeout_WriteCounter
 .text.comm_RS485_Timeout_SaveConfig
                0x000039c0       0x14 .\CortexM0\ARM_GCC_484\Release\Atom.a(comm_RS485_Timeout_PM.o)
                0x000039c0                comm_RS485_Timeout_SaveConfig
 .text.comm_RS485_Timeout_Sleep
                0x000039d4       0x28 .\CortexM0\ARM_GCC_484\Release\Atom.a(comm_RS485_Timeout_PM.o)
                0x000039d4                comm_RS485_Timeout_Sleep
 .text.comm_RS485_Timeout_RestoreConfig
                0x000039fc       0x14 .\CortexM0\ARM_GCC_484\Release\Atom.a(comm_RS485_Timeout_PM.o)
                0x000039fc                comm_RS485_Timeout_RestoreConfig
 .text.comm_RS485_Timeout_Wakeup
                0x00003a10       0x18 .\CortexM0\ARM_GCC_484\Release\Atom.a(comm_RS485_Timeout_PM.o)
                0x00003a10                comm_RS485_Timeout_Wakeup
 .text.CySysClkIloStart
                0x00003a28       0x14 .\CortexM0\ARM_GCC_484\Release\Atom.a(CyLFClk.o)
                0x00003a28                CySysClkIloStart
 .text.CySysWdtLock
                0x00003a3c       0x1c .\CortexM0\ARM_GCC_484\Release\Atom.a(CyLFClk.o)
                0x00003a3c                CySysWdtLock
 .text.CySysWdtUnlock
                0x00003a58       0x30 .\CortexM0\ARM_GCC_484\Release\Atom.a(CyLFClk.o)
                0x00003a58                CySysWdtUnlock
 .text.CySysWdtGetEnabledStatus
                0x00003a88       0x18 .\CortexM0\ARM_GCC_484\Release\Atom.a(CyLFClk.o)
                0x00003a88                CySysWdtGetEnabledStatus
 .text.CySysWdtSetMode
                0x00003aa0       0x2c .\CortexM0\ARM_GCC_484\Release\Atom.a(CyLFClk.o)
                0x00003aa0                CySysWdtSetMode
 .text.CySysWdtSetClearOnMatch
                0x00003acc       0x2c .\CortexM0\ARM_GCC_484\Release\Atom.a(CyLFClk.o)
                0x00003acc                CySysWdtSetClearOnMatch
 .text.CySysWdtEnable
                0x00003af8       0x34 .\CortexM0\ARM_GCC_484\Release\Atom.a(CyLFClk.o)
                0x00003af8                CySysWdtEnable
 .text.CySysWdtDisable
                0x00003b2c       0x3c .\CortexM0\ARM_GCC_484\Release\Atom.a(CyLFClk.o)
                0x00003b2c                CySysWdtDisable
 .text.CySysWdtSetCascade
                0x00003b68       0x34 .\CortexM0\ARM_GCC_484\Release\Atom.a(CyLFClk.o)
                0x00003b68                CySysWdtSetCascade
 .text.CySysWdtSetMatch
                0x00003b9c       0x30 .\CortexM0\ARM_GCC_484\Release\Atom.a(CyLFClk.o)
                0x00003b9c                CySysWdtSetMatch
 .text.CySysWdtGetMatch
                0x00003bcc       0x10 .\CortexM0\ARM_GCC_484\Release\Atom.a(CyLFClk.o)
                0x00003bcc                CySysWdtGetMatch
 .text.CySysWdtClearInterrupt
                0x00003bdc       0x50 .\CortexM0\ARM_GCC_484\Release\Atom.a(CyLFClk.o)
                0x00003bdc                CySysWdtClearInterrupt
 .text.CySysWdtResetCounters
                0x00003c2c       0x1c .\CortexM0\ARM_GCC_484\Release\Atom.a(CyLFClk.o)
                0x00003c2c                CySysWdtResetCounters
 .text.Counter_Enable
                0x00003c48       0x10 .\CortexM0\ARM_GCC_484\Release\Atom.a(Counter.o)
                0x00003c48                Counter_Enable
 .text.Counter_WriteCounter
                0x00003c58        0xc .\CortexM0\ARM_GCC_484\Release\Atom.a(Counter.o)
                0x00003c58                Counter_WriteCounter
 .text.Counter_ReadCounter
                0x00003c64       0x14 .\CortexM0\ARM_GCC_484\Release\Atom.a(Counter.o)
                0x00003c64                Counter_ReadCounter
 .text.Counter_ClearFIFO
                0x00003c78       0x18 .\CortexM0\ARM_GCC_484\Release\Atom.a(Counter.o)
                0x00003c78                Counter_ClearFIFO
 .text.Counter_Init
                0x00003c90       0x68 .\CortexM0\ARM_GCC_484\Release\Atom.a(Counter.o)
                0x00003c90                Counter_Init
 .text.Counter_Start
                0x00003cf8       0x1c .\CortexM0\ARM_GCC_484\Release\Atom.a(Counter.o)
                0x00003cf8                Counter_Start
 .text.ON1_DIR1_Write
                0x00003d14       0x18 .\CortexM0\ARM_GCC_484\Release\Atom.a(ON1_DIR1.o)
                0x00003d14                ON1_DIR1_Write
 .text.ON2_DIR2_Write
                0x00003d2c       0x18 .\CortexM0\ARM_GCC_484\Release\Atom.a(ON2_DIR2.o)
                0x00003d2c                ON2_DIR2_Write
 .text.Ctrl_5V_Write
                0x00003d44       0x18 .\CortexM0\ARM_GCC_484\Release\Atom.a(Ctrl_5V.o)
                0x00003d44                Ctrl_5V_Write
 .text.Ctrl_12V_Write
                0x00003d5c       0x18 .\CortexM0\ARM_GCC_484\Release\Atom.a(Ctrl_12V.o)
                0x00003d5c                Ctrl_12V_Write
 .text.ADC_Init
                0x00003d74      0x104 .\CortexM0\ARM_GCC_484\Release\Atom.a(ADC.o)
                0x00003d74                ADC_Init
 .text.ADC_Enable
                0x00003e78       0x20 .\CortexM0\ARM_GCC_484\Release\Atom.a(ADC.o)
                0x00003e78                ADC_Enable
 .text.ADC_Start
                0x00003e98       0x1c .\CortexM0\ARM_GCC_484\Release\Atom.a(ADC.o)
                0x00003e98                ADC_Start
 .text.ADC_StartConvert
                0x00003eb4       0x14 .\CortexM0\ARM_GCC_484\Release\Atom.a(ADC.o)
                0x00003eb4                ADC_StartConvert
 .text.ADC_IsEndConversion
                0x00003ec8       0x24 .\CortexM0\ARM_GCC_484\Release\Atom.a(ADC.o)
                0x00003ec8                ADC_IsEndConversion
 .text.ADC_GetResult16
                0x00003eec       0x18 .\CortexM0\ARM_GCC_484\Release\Atom.a(ADC.o)
                0x00003eec                ADC_GetResult16
 .text.ADC_ISR  0x00003f04        0xc .\CortexM0\ARM_GCC_484\Release\Atom.a(ADC_INT.o)
                0x00003f04                ADC_ISR
 .text.UART_SpiUartWriteTxData
                0x00003f10       0x1c .\CortexM0\ARM_GCC_484\Release\Atom.a(UART_SPI_UART.o)
                0x00003f10                UART_SpiUartWriteTxData
 .text.comm_RS485_UART_SPI_UART_ISR
                0x00003f2c       0x14 .\CortexM0\ARM_GCC_484\Release\Atom.a(comm_RS485_UART_SPI_UART_INT.o)
                0x00003f2c                comm_RS485_UART_SPI_UART_ISR
 .text          0x00003f40       0x14 c:/program files (x86)/cypress/psoc creator/3.2/psoc creator/import/gnu/arm/4.8.4/bin/../lib/gcc/arm-none-eabi/4.8.4/armv6-m\libgcc.a(_thumb1_case_uqi.o)
                0x00003f40                __gnu_thumb1_case_uqi
 .text          0x00003f54       0x14 c:/program files (x86)/cypress/psoc creator/3.2/psoc creator/import/gnu/arm/4.8.4/bin/../lib/gcc/arm-none-eabi/4.8.4/armv6-m\libgcc.a(_thumb1_case_uhi.o)
                0x00003f54                __gnu_thumb1_case_uhi
 .text          0x00003f68       0x9c c:/program files (x86)/cypress/psoc creator/3.2/psoc creator/import/gnu/arm/4.8.4/bin/../lib/gcc/arm-none-eabi/4.8.4/armv6-m\libgcc.a(_udivsi3.o)
                0x00003f68                __aeabi_uidiv
                0x00003f68                __udivsi3
                0x00003ff0                __aeabi_uidivmod
 .text          0x00004004       0xc0 c:/program files (x86)/cypress/psoc creator/3.2/psoc creator/import/gnu/arm/4.8.4/bin/../lib/gcc/arm-none-eabi/4.8.4/armv6-m\libgcc.a(_divsi3.o)
                0x00004004                __divsi3
                0x00004004                __aeabi_idiv
                0x000040b0                __aeabi_idivmod
 .text          0x000040c4        0x4 c:/program files (x86)/cypress/psoc creator/3.2/psoc creator/import/gnu/arm/4.8.4/bin/../lib/gcc/arm-none-eabi/4.8.4/armv6-m\libgcc.a(_dvmd_tls.o)
                0x000040c4                __aeabi_idiv0
                0x000040c4                __aeabi_ldiv0
 .text.__errno  0x000040c8        0xc c:/program files (x86)/cypress/psoc creator/3.2/psoc creator/import/gnu/arm/4.8.4/bin/../lib/gcc/arm-none-eabi/4.8.4/../../../../arm-none-eabi/lib/armv6-m\libg_s.a(lib_a-errno.o)
                0x000040c8                __errno
 .text.__libc_init_array
                0x000040d4       0x4c c:/program files (x86)/cypress/psoc creator/3.2/psoc creator/import/gnu/arm/4.8.4/bin/../lib/gcc/arm-none-eabi/4.8.4/../../../../arm-none-eabi/lib/armv6-m\libg_s.a(lib_a-init.o)
                0x000040d4                __libc_init_array
 .text.memcpy   0x00004120       0x12 c:/program files (x86)/cypress/psoc creator/3.2/psoc creator/import/gnu/arm/4.8.4/bin/../lib/gcc/arm-none-eabi/4.8.4/../../../../arm-none-eabi/lib/armv6-m\libg_s.a(lib_a-memcpy-stub.o)
                0x00004120                memcpy
 .text.memset   0x00004132       0x10 c:/program files (x86)/cypress/psoc creator/3.2/psoc creator/import/gnu/arm/4.8.4/bin/../lib/gcc/arm-none-eabi/4.8.4/../../../../arm-none-eabi/lib/armv6-m\libg_s.a(lib_a-memset.o)
                0x00004132                memset
 *fill*         0x00004142        0x2 
 .text.sprintf  0x00004144       0x44 c:/program files (x86)/cypress/psoc creator/3.2/psoc creator/import/gnu/arm/4.8.4/bin/../lib/gcc/arm-none-eabi/4.8.4/../../../../arm-none-eabi/lib/armv6-m\libg_s.a(lib_a-sprintf.o)
                0x00004144                siprintf
                0x00004144                sprintf
 .text.strncmp  0x00004188       0x2c c:/program files (x86)/cypress/psoc creator/3.2/psoc creator/import/gnu/arm/4.8.4/bin/../lib/gcc/arm-none-eabi/4.8.4/../../../../arm-none-eabi/lib/armv6-m\libg_s.a(lib_a-strncmp.o)
                0x00004188                strncmp
 .text.__ssputs_r
                0x000041b4       0xc0 c:/program files (x86)/cypress/psoc creator/3.2/psoc creator/import/gnu/arm/4.8.4/bin/../lib/gcc/arm-none-eabi/4.8.4/../../../../arm-none-eabi/lib/armv6-m\libg_s.a(lib_a-svfprintf.o)
                0x000041b4                __ssputs_r
 .text._svfprintf_r
                0x00004274      0x1e0 c:/program files (x86)/cypress/psoc creator/3.2/psoc creator/import/gnu/arm/4.8.4/bin/../lib/gcc/arm-none-eabi/4.8.4/../../../../arm-none-eabi/lib/armv6-m\libg_s.a(lib_a-svfprintf.o)
                0x00004274                _svfiprintf_r
                0x00004274                _svfprintf_r
 .text._printf_common
                0x00004454       0xe8 c:/program files (x86)/cypress/psoc creator/3.2/psoc creator/import/gnu/arm/4.8.4/bin/../lib/gcc/arm-none-eabi/4.8.4/../../../../arm-none-eabi/lib/armv6-m\libg_s.a(lib_a-vfprintf_i.o)
                0x00004454                _printf_common
 .text._printf_i
                0x0000453c      0x22c c:/program files (x86)/cypress/psoc creator/3.2/psoc creator/import/gnu/arm/4.8.4/bin/../lib/gcc/arm-none-eabi/4.8.4/../../../../arm-none-eabi/lib/armv6-m\libg_s.a(lib_a-vfprintf_i.o)
                0x0000453c                _printf_i
 .text.memchr   0x00004768       0x16 c:/program files (x86)/cypress/psoc creator/3.2/psoc creator/import/gnu/arm/4.8.4/bin/../lib/gcc/arm-none-eabi/4.8.4/../../../../arm-none-eabi/lib/armv6-m\libg_s.a(lib_a-memchr-stub.o)
                0x00004768                memchr
 .text.memmove  0x0000477e       0x32 c:/program files (x86)/cypress/psoc creator/3.2/psoc creator/import/gnu/arm/4.8.4/bin/../lib/gcc/arm-none-eabi/4.8.4/../../../../arm-none-eabi/lib/armv6-m\libg_s.a(lib_a-memmove.o)
                0x0000477e                memmove
 .text._free_r  0x000047b0       0x90 c:/program files (x86)/cypress/psoc creator/3.2/psoc creator/import/gnu/arm/4.8.4/bin/../lib/gcc/arm-none-eabi/4.8.4/../../../../arm-none-eabi/lib/armv6-m\libg_s.a(lib_a-nano-freer.o)
                0x000047b0                _free_r
 .text._malloc_r
                0x00004840       0xa8 c:/program files (x86)/cypress/psoc creator/3.2/psoc creator/import/gnu/arm/4.8.4/bin/../lib/gcc/arm-none-eabi/4.8.4/../../../../arm-none-eabi/lib/armv6-m\libg_s.a(lib_a-nano-mallocr.o)
                0x00004840                _malloc_r
 .text._realloc_r
                0x000048e8       0x4c c:/program files (x86)/cypress/psoc creator/3.2/psoc creator/import/gnu/arm/4.8.4/bin/../lib/gcc/arm-none-eabi/4.8.4/../../../../arm-none-eabi/lib/armv6-m\libg_s.a(lib_a-nano-reallocr.o)
                0x000048e8                _realloc_r
 .text._sbrk_r  0x00004934       0x24 c:/program files (x86)/cypress/psoc creator/3.2/psoc creator/import/gnu/arm/4.8.4/bin/../lib/gcc/arm-none-eabi/4.8.4/../../../../arm-none-eabi/lib/armv6-m\libg_s.a(lib_a-sbrkr.o)
                0x00004934                _sbrk_r
 .text.strlen   0x00004958        0xe c:/program files (x86)/cypress/psoc creator/3.2/psoc creator/import/gnu/arm/4.8.4/bin/../lib/gcc/arm-none-eabi/4.8.4/../../../../arm-none-eabi/lib/armv6-m\libg_s.a(lib_a-strlen.o)
                0x00004958                strlen
 .text._malloc_usable_size_r
                0x00004966       0x12 c:/program files (x86)/cypress/psoc creator/3.2/psoc creator/import/gnu/arm/4.8.4/bin/../lib/gcc/arm-none-eabi/4.8.4/../../../../arm-none-eabi/lib/armv6-m\libg_s.a(lib_a-nano-msizer.o)
                0x00004966                _malloc_usable_size_r
 *(.plt)
 *(.gnu.warning)
 *(.glue_7t)
 .glue_7t       0x00000000        0x0 linker stubs
 *(.glue_7)
 .glue_7        0x00000000        0x0 linker stubs
 *(.vfp11_veneer)
 .vfp11_veneer  0x00000000        0x0 linker stubs
 *(.bootloader)
 *(.ARM.extab* .gnu.linkonce.armextab.*)
 *(.gcc_except_table)

.v4_bx          0x00004978        0x0
 .v4_bx         0x00000000        0x0 linker stubs

.iplt           0x00004978        0x0
 .iplt          0x00000000        0x0 c:/program files (x86)/cypress/psoc creator/3.2/psoc creator/import/gnu/arm/4.8.4/bin/../lib/gcc/arm-none-eabi/4.8.4/armv6-m/crtbegin.o

.eh_frame_hdr
 *(.eh_frame_hdr)

.eh_frame       0x00004978        0x4
 *(.eh_frame)
 .eh_frame      0x00004978        0x0 c:/program files (x86)/cypress/psoc creator/3.2/psoc creator/import/gnu/arm/4.8.4/bin/../lib/gcc/arm-none-eabi/4.8.4/armv6-m/crtbegin.o
 .eh_frame      0x00004978        0x4 c:/program files (x86)/cypress/psoc creator/3.2/psoc creator/import/gnu/arm/4.8.4/bin/../lib/gcc/arm-none-eabi/4.8.4/armv6-m/crtend.o
                0x0000497c                PROVIDE (__exidx_start, .)

.ARM.exidx
 *(.ARM.exidx* .gnu.linkonce.armexidx.*)
                0x0000497c                __exidx_end = .

.rodata         0x0000497c      0xc1c
 *(.rodata .rodata.* .gnu.linkonce.r.*)
 .rodata.str1.1
                0x0000497c        0x5 .\CortexM0\ARM_GCC_484\Release\main.o
                                  0x9 (size before relaxing)
 .rodata.str1.1
                0x00004981      0x154 .\CortexM0\ARM_GCC_484\Release\waterControl.o
                                0x159 (size before relaxing)
 *fill*         0x00004ad5        0x3 
 .rodata        0x00004ad8       0xf0 .\CortexM0\ARM_GCC_484\Release\Atom.a(cyfitter_cfg.o)
 .rodata        0x00004bc8       0x2e .\CortexM0\ARM_GCC_484\Release\Atom.a(CyLib.o)
                0x00004bc8                cyImoFreqMhz2Reg
 .rodata.str1.1
                0x00004bf6      0x937 .\CortexM0\ARM_GCC_484\Release\Atom.a(comm.o)
                                0x955 (size before relaxing)
 .rodata.str1.1
                0x0000552d        0x2 c:/program files (x86)/cypress/psoc creator/3.2/psoc creator/import/gnu/arm/4.8.4/bin/../lib/gcc/arm-none-eabi/4.8.4/../../../../arm-none-eabi/lib/armv6-m\libg_s.a(lib_a-impure.o)
 .rodata.str1.1
                0x0000552f       0x11 c:/program files (x86)/cypress/psoc creator/3.2/psoc creator/import/gnu/arm/4.8.4/bin/../lib/gcc/arm-none-eabi/4.8.4/../../../../arm-none-eabi/lib/armv6-m\libg_s.a(lib_a-svfprintf.o)
 .rodata.str1.1
                0x00005540       0x22 c:/program files (x86)/cypress/psoc creator/3.2/psoc creator/import/gnu/arm/4.8.4/bin/../lib/gcc/arm-none-eabi/4.8.4/../../../../arm-none-eabi/lib/armv6-m\libg_s.a(lib_a-vfprintf_i.o)
                0x00005564                . = ALIGN (0x4)
 *fill*         0x00005562        0x2 
 *(.init)
 .init          0x00005564        0x4 c:/program files (x86)/cypress/psoc creator/3.2/psoc creator/import/gnu/arm/4.8.4/bin/../lib/gcc/arm-none-eabi/4.8.4/armv6-m/crti.o
                0x00005564                _init
 .init          0x00005568        0x8 c:/program files (x86)/cypress/psoc creator/3.2/psoc creator/import/gnu/arm/4.8.4/bin/../lib/gcc/arm-none-eabi/4.8.4/armv6-m/crtn.o
                0x00005570                . = ALIGN (0x4)
                0x00005570                __preinit_array_start = .
 *(.preinit_array)
                0x00005570                __preinit_array_end = .
                0x00005570                . = ALIGN (0x4)
                0x00005570                __init_array_start = .
 *(SORT(.init_array.*))
 *(.init_array)
 .init_array    0x00005570        0x4 c:/program files (x86)/cypress/psoc creator/3.2/psoc creator/import/gnu/arm/4.8.4/bin/../lib/gcc/arm-none-eabi/4.8.4/armv6-m/crtbegin.o
 .init_array    0x00005574        0x4 .\CortexM0\ARM_GCC_484\Release\Cm0Start.o
                0x00005578                __init_array_end = .
                0x00005578                . = ALIGN (0x4)
 *(.fini)
 .fini          0x00005578        0x4 c:/program files (x86)/cypress/psoc creator/3.2/psoc creator/import/gnu/arm/4.8.4/bin/../lib/gcc/arm-none-eabi/4.8.4/armv6-m/crti.o
                0x00005578                _fini
 .fini          0x0000557c        0x8 c:/program files (x86)/cypress/psoc creator/3.2/psoc creator/import/gnu/arm/4.8.4/bin/../lib/gcc/arm-none-eabi/4.8.4/armv6-m/crtn.o
                0x00005584                . = ALIGN (0x4)
                0x00005584                __fini_array_start = .
 *(.fini_array)
 .fini_array    0x00005584        0x4 c:/program files (x86)/cypress/psoc creator/3.2/psoc creator/import/gnu/arm/4.8.4/bin/../lib/gcc/arm-none-eabi/4.8.4/armv6-m/crtbegin.o
 *(SORT(.fini_array.*))
                0x00005588                __fini_array_end = .
                0x00005588                . = ALIGN (0x4)
 *crtbegin.o(.ctors)
 *(EXCLUDE_FILE(*crtend.o) .ctors)
 *(SORT(.ctors.*))
 *crtend.o(.ctors)
                0x00005588                . = ALIGN (0x4)
 *crtbegin.o(.dtors)
 *(EXCLUDE_FILE(*crtend.o) .dtors)
 *(SORT(.dtors.*))
 *crtend.o(.dtors)
                0x00005588                . = ALIGN (0x4)
                0x00005588                __cy_regions = .
                0x00005588        0x4 LONG 0x5598 __cy_region_init_ram
                0x0000558c        0x4 LONG 0x200000c8 __cy_region_start_data
                0x00005590        0x4 LONG 0x230 __cy_region_init_size_ram
                0x00005594        0x4 LONG 0x888 __cy_region_zero_size_ram
                0x00005598                __cy_regions_end = .
                0x00005598                . = ALIGN (0x8)
                0x00005598                _etext = .

.ramvectors     0x20000000       0xc0
                0x20000000                __cy_region_start_ram = .
 *(.ramvectors)
 .ramvectors    0x20000000       0xc0 .\CortexM0\ARM_GCC_484\Release\Cm0Start.o
                0x20000000                CyRamVectors

.noinit         0x200000c0        0x4
 *(.noinit)
 .noinit        0x200000c0        0x4 .\CortexM0\ARM_GCC_484\Release\Cm0Start.o

.data           0x200000c8      0x230 load address 0x00005598
                0x200000c8                __cy_region_start_data = .
 *(.jcr)
 .jcr           0x200000c8        0x0 c:/program files (x86)/cypress/psoc creator/3.2/psoc creator/import/gnu/arm/4.8.4/bin/../lib/gcc/arm-none-eabi/4.8.4/armv6-m/crtbegin.o
 .jcr           0x200000c8        0x4 c:/program files (x86)/cypress/psoc creator/3.2/psoc creator/import/gnu/arm/4.8.4/bin/../lib/gcc/arm-none-eabi/4.8.4/armv6-m/crtend.o
 *(.got.plt)
 *(.got)
 *(.shdata)
 *(.data .data.* .gnu.linkonce.d.*)
 .data          0x200000cc      0x180 .\CortexM0\ARM_GCC_484\Release\waterControl.o
                0x200000cc                opVals
 .data          0x2000024c        0x4 .\CortexM0\ARM_GCC_484\Release\Cm0Start.o
 .data          0x20000250       0x10 .\CortexM0\ARM_GCC_484\Release\Atom.a(CyLib.o)
                0x20000250                cydelay32kMs
                0x20000254                cydelayFreqKhz
                0x20000258                cydelayFreqMhz
                0x2000025c                cydelayFreqHz
 .data          0x20000260       0x2c .\CortexM0\ARM_GCC_484\Release\Atom.a(comm.o)
                0x20000260                respEnd
                0x20000264                respFreeSpace
                0x20000268                msgDestinationHolderAtomType
                0x2000026c                msgDestinationHolderAtomId
                0x20000270                msgDestinationHolder
 .data          0x2000028c        0x2 .\CortexM0\ARM_GCC_484\Release\Atom.a(comm_RS485.o)
 *fill*         0x2000028e        0x2 
 .data.impure_data
                0x20000290       0x60 c:/program files (x86)/cypress/psoc creator/3.2/psoc creator/import/gnu/arm/4.8.4/bin/../lib/gcc/arm-none-eabi/4.8.4/../../../../arm-none-eabi/lib/armv6-m\libg_s.a(lib_a-impure.o)
 .data._impure_ptr
                0x200002f0        0x4 c:/program files (x86)/cypress/psoc creator/3.2/psoc creator/import/gnu/arm/4.8.4/bin/../lib/gcc/arm-none-eabi/4.8.4/../../../../arm-none-eabi/lib/armv6-m\libg_s.a(lib_a-impure.o)
                0x200002f0                _impure_ptr
                0x200002f8                . = ALIGN (0x8)
 *fill*         0x200002f4        0x4 
 *(.ram)
                0x200002f8                _edata = .

.igot.plt       0x200002f8        0x0 load address 0x000057c8
 .igot.plt      0x00000000        0x0 c:/program files (x86)/cypress/psoc creator/3.2/psoc creator/import/gnu/arm/4.8.4/bin/../lib/gcc/arm-none-eabi/4.8.4/armv6-m/crtbegin.o

.bss            0x200002f8      0x888 load address 0x000057c8
                0x200002f8                PROVIDE (__bss_start__, .)
 *(.shbss)
 *(.bss .bss.* .gnu.linkonce.b.*)
 .bss           0x200002f8       0x1c c:/program files (x86)/cypress/psoc creator/3.2/psoc creator/import/gnu/arm/4.8.4/bin/../lib/gcc/arm-none-eabi/4.8.4/armv6-m/crtbegin.o
 .bss           0x20000314        0x1 .\CortexM0\ARM_GCC_484\Release\main.o
                0x20000314                Flag
 *fill*         0x20000315        0x3 
 .bss           0x20000318       0x14 .\CortexM0\ARM_GCC_484\Release\sysTimer.o
 .bss           0x2000032c        0x8 .\CortexM0\ARM_GCC_484\Release\sleepMgr.o
 .bss           0x20000334       0x10 .\CortexM0\ARM_GCC_484\Release\waterControl.o
 .bss           0x20000344        0x1 .\CortexM0\ARM_GCC_484\Release\Atom.a(UART.o)
                0x20000344                UART_initVar
 *fill*         0x20000345        0x3 
 .bss           0x20000348       0x3c .\CortexM0\ARM_GCC_484\Release\Atom.a(comm.o)
 .bss           0x20000384       0x60 .\CortexM0\ARM_GCC_484\Release\Atom.a(comm_RS485.o)
 .bss           0x200003e4       0x14 .\CortexM0\ARM_GCC_484\Release\Atom.a(comm_conv.o)
 .bss           0x200003f8        0x8 .\CortexM0\ARM_GCC_484\Release\Atom.a(comm_RS485_UART.o)
                0x200003f8                comm_RS485_UART_initVar
                0x200003fc                comm_RS485_UART_customIntrHandler
 .bss           0x20000400        0x1 .\CortexM0\ARM_GCC_484\Release\Atom.a(comm_RS485_UART_PM.o)
                0x20000400                comm_RS485_UART_backup
 .bss           0x20000401        0x1 .\CortexM0\ARM_GCC_484\Release\Atom.a(comm_RS485_Timeout.o)
                0x20000401                comm_RS485_Timeout_initVar
 .bss           0x20000402        0x1 .\CortexM0\ARM_GCC_484\Release\Atom.a(Counter.o)
                0x20000402                Counter_initVar
 .bss           0x20000403        0x1 .\CortexM0\ARM_GCC_484\Release\Atom.a(ADC.o)
                0x20000403                ADC_initVar
 .bss.__malloc_sbrk_start
                0x20000404        0x4 c:/program files (x86)/cypress/psoc creator/3.2/psoc creator/import/gnu/arm/4.8.4/bin/../lib/gcc/arm-none-eabi/4.8.4/../../../../arm-none-eabi/lib/armv6-m\libg_s.a(lib_a-nano-mallocr.o)
                0x20000404                __malloc_sbrk_start
 .bss.__malloc_free_list
                0x20000408        0x4 c:/program files (x86)/cypress/psoc creator/3.2/psoc creator/import/gnu/arm/4.8.4/bin/../lib/gcc/arm-none-eabi/4.8.4/../../../../arm-none-eabi/lib/armv6-m\libg_s.a(lib_a-nano-mallocr.o)
                0x20000408                __malloc_free_list
 *(COMMON)
 COMMON         0x2000040c       0x21 .\CortexM0\ARM_GCC_484\Release\main.o
                0x2000040c                modelHandle
                0x20000428                time
 *fill*         0x2000042d        0x3 
 COMMON         0x20000430      0x109 .\CortexM0\ARM_GCC_484\Release\waterControl.o
                0x20000430                expTime
                0x20000438                water_data
                0x20000534                currentTime
 *fill*         0x20000539        0x3 
 COMMON         0x2000053c      0x630 .\CortexM0\ARM_GCC_484\Release\Atom.a(comm.o)
                0x2000053c                respBuff
                0x20000668                tokens
                0x20000a28                comm
 COMMON         0x20000b6c        0x2 .\CortexM0\ARM_GCC_484\Release\Atom.a(comm_RS485_Timeout_PM.o)
                0x20000b6c                comm_RS485_Timeout_backup
 *fill*         0x20000b6e        0x2 
 COMMON         0x20000b70        0xc .\CortexM0\ARM_GCC_484\Release\Atom.a(ADC.o)
                0x20000b70                ADC_countsPer10Volt
                0x20000b78                ADC_offset
 COMMON         0x20000b7c        0x4 c:/program files (x86)/cypress/psoc creator/3.2/psoc creator/import/gnu/arm/4.8.4/bin/../lib/gcc/arm-none-eabi/4.8.4/../../../../arm-none-eabi/lib/armv6-m\libg_s.a(lib_a-reent.o)
                0x20000b7c                errno
                0x20000b80                . = ALIGN (0x8)
 *(.ram.b)
                0x20000b80                _end = .
                0x20000b80                __end = .
                0x20000b80                PROVIDE (end, .)
                0x20000b80                PROVIDE (__bss_end__, .)
                0x00005598                __cy_region_init_ram = LOADADDR (.data)
                0x00000230                __cy_region_init_size_ram = (_edata - ADDR (.data))
                0x00000888                __cy_region_zero_size_ram = (_end - _edata)

.heap           0x20000b80       0x80 load address 0x000057c8
                0x20000b80                . = _end
                0x20000c00                . = (. + 0x80)
 *fill*         0x20000b80       0x80 
                0x20000c00                __cy_heap_limit = .

.stack          0x20000c00      0x400
                0x20000c00                __cy_stack_limit = .
                0x20001000                . = (. + 0x400)
 *fill*         0x20000c00      0x400 
                0x00000001                ASSERT ((__cy_stack_limit >= __cy_heap_limit), region RAM overflowed with stack)

.cyloadermeta
 *(.cyloadermeta)

.cyloadablemeta
 *(.cyloadablemeta)

.cyflashprotect
                0x90400000       0x20
 *(.cyflashprotect)
 .cyflashprotect
                0x90400000       0x20 .\CortexM0\ARM_GCC_484\Release\cymetadata.o
                0x90400000                cy_meta_flashprotect

.cymeta         0x90500000        0xc
 *(.cymeta)
 .cymeta        0x90500000        0xc .\CortexM0\ARM_GCC_484\Release\cymetadata.o
                0x90500000                cy_metadata

.cychipprotect  0x90600000        0x1
 *(.cychipprotect)
 .cychipprotect
                0x90600000        0x1 .\CortexM0\ARM_GCC_484\Release\cymetadata.o
                0x90600000                cy_meta_chipprotect

.rel.dyn        0x000057c8        0x0 load address 0x90600004
 .rel.iplt      0x00000000        0x0 c:/program files (x86)/cypress/psoc creator/3.2/psoc creator/import/gnu/arm/4.8.4/bin/../lib/gcc/arm-none-eabi/4.8.4/armv6-m/crtbegin.o

.stab
 *(.stab)

.stabstr
 *(.stabstr)

.debug
 *(.debug)

.line
 *(.line)

.debug_srcinfo
 *(.debug_srcinfo)

.debug_sfnames
 *(.debug_sfnames)

.debug_aranges  0x00000000     0x1368
 *(.debug_aranges)
 .debug_aranges
                0x00000000       0xb0 .\CortexM0\ARM_GCC_484\Release\main.o
 .debug_aranges
                0x000000b0       0x98 .\CortexM0\ARM_GCC_484\Release\Fsm.o
 .debug_aranges
                0x00000148       0x48 .\CortexM0\ARM_GCC_484\Release\sysTimer.o
 .debug_aranges
                0x00000190       0x40 .\CortexM0\ARM_GCC_484\Release\sleepMgr.o
 .debug_aranges
                0x000001d0      0x288 .\CortexM0\ARM_GCC_484\Release\waterControl.o
 .debug_aranges
                0x00000458       0x78 .\CortexM0\ARM_GCC_484\Release\hwInterface.o
 .debug_aranges
                0x000004d0       0x18 .\CortexM0\ARM_GCC_484\Release\cymetadata.o
 .debug_aranges
                0x000004e8       0x48 .\CortexM0\ARM_GCC_484\Release\Cm0Start.o
 .debug_aranges
                0x00000530       0x28 .\CortexM0\ARM_GCC_484\Release\Atom.a(cyfitter_cfg.o)
 .debug_aranges
                0x00000558       0x50 .\CortexM0\ARM_GCC_484\Release\Atom.a(UART.o)
 .debug_aranges
                0x000005a8       0x60 .\CortexM0\ARM_GCC_484\Release\Atom.a(UART_UART.o)
 .debug_aranges
                0x00000608       0x80 .\CortexM0\ARM_GCC_484\Release\Atom.a(isr_WDT.o)
 .debug_aranges
                0x00000688       0x20 .\CortexM0\ARM_GCC_484\Release\Atom.a(CyBootAsmGnu.o)
 .debug_aranges
                0x000006a8      0x170 .\CortexM0\ARM_GCC_484\Release\Atom.a(CyLib.o)
 .debug_aranges
                0x00000818       0x58 .\CortexM0\ARM_GCC_484\Release\Atom.a(cyPm.o)
 .debug_aranges
                0x00000870       0xf8 .\CortexM0\ARM_GCC_484\Release\Atom.a(comm.o)
 .debug_aranges
                0x00000968       0x40 .\CortexM0\ARM_GCC_484\Release\Atom.a(LED.o)
 .debug_aranges
                0x000009a8       0x90 .\CortexM0\ARM_GCC_484\Release\Atom.a(comm_RS485.o)
 .debug_aranges
                0x00000a38       0xa8 .\CortexM0\ARM_GCC_484\Release\Atom.a(comm_conv.o)
 .debug_aranges
                0x00000ae0       0x28 .\CortexM0\ARM_GCC_484\Release\Atom.a(comm_jsmn.o)
 .debug_aranges
                0x00000b08       0x58 .\CortexM0\ARM_GCC_484\Release\Atom.a(comm_RS485_UART.o)
 .debug_aranges
                0x00000b60       0x60 .\CortexM0\ARM_GCC_484\Release\Atom.a(comm_RS485_UART_SPI_UART.o)
 .debug_aranges
                0x00000bc0       0x28 .\CortexM0\ARM_GCC_484\Release\Atom.a(comm_RS485_UART_PM.o)
 .debug_aranges
                0x00000be8       0x50 .\CortexM0\ARM_GCC_484\Release\Atom.a(comm_RS485_UART_UART.o)
 .debug_aranges
                0x00000c38       0x40 .\CortexM0\ARM_GCC_484\Release\Atom.a(comm_RS485_WAKE.o)
 .debug_aranges
                0x00000c78       0x80 .\CortexM0\ARM_GCC_484\Release\Atom.a(comm_RS485_isr_WAKE.o)
 .debug_aranges
                0x00000cf8       0x80 .\CortexM0\ARM_GCC_484\Release\Atom.a(comm_RS485_isr_Timeout.o)
 .debug_aranges
                0x00000d78       0x58 .\CortexM0\ARM_GCC_484\Release\Atom.a(comm_RS485_Timeout.o)
 .debug_aranges
                0x00000dd0       0x38 .\CortexM0\ARM_GCC_484\Release\Atom.a(comm_RS485_Timeout_PM.o)
 .debug_aranges
                0x00000e08      0x100 .\CortexM0\ARM_GCC_484\Release\Atom.a(CyLFClk.o)
 .debug_aranges
                0x00000f08       0x98 .\CortexM0\ARM_GCC_484\Release\Atom.a(Counter.o)
 .debug_aranges
                0x00000fa0       0x40 .\CortexM0\ARM_GCC_484\Release\Atom.a(ON1_DIR1.o)
 .debug_aranges
                0x00000fe0       0x40 .\CortexM0\ARM_GCC_484\Release\Atom.a(ON1_DIR2.o)
 .debug_aranges
                0x00001020       0x40 .\CortexM0\ARM_GCC_484\Release\Atom.a(ON2_DIR1.o)
 .debug_aranges
                0x00001060       0x40 .\CortexM0\ARM_GCC_484\Release\Atom.a(ON2_DIR2.o)
 .debug_aranges
                0x000010a0       0x40 .\CortexM0\ARM_GCC_484\Release\Atom.a(ON3_DIR1.o)
 .debug_aranges
                0x000010e0       0x40 .\CortexM0\ARM_GCC_484\Release\Atom.a(ON3_DIR2.o)
 .debug_aranges
                0x00001120       0x40 .\CortexM0\ARM_GCC_484\Release\Atom.a(ON4_DIR1.o)
 .debug_aranges
                0x00001160       0x40 .\CortexM0\ARM_GCC_484\Release\Atom.a(ON4_DIR2.o)
 .debug_aranges
                0x000011a0       0x40 .\CortexM0\ARM_GCC_484\Release\Atom.a(Ctrl_5V.o)
 .debug_aranges
                0x000011e0       0x40 .\CortexM0\ARM_GCC_484\Release\Atom.a(Ctrl_12V.o)
 .debug_aranges
                0x00001220       0xa8 .\CortexM0\ARM_GCC_484\Release\Atom.a(ADC.o)
 .debug_aranges
                0x000012c8       0x20 .\CortexM0\ARM_GCC_484\Release\Atom.a(ADC_INT.o)
 .debug_aranges
                0x000012e8       0x60 .\CortexM0\ARM_GCC_484\Release\Atom.a(UART_SPI_UART.o)
 .debug_aranges
                0x00001348       0x20 .\CortexM0\ARM_GCC_484\Release\Atom.a(comm_RS485_UART_SPI_UART_INT.o)

.debug_pubnames
 *(.debug_pubnames)

.debug_info     0x00000000     0xdabb
 *(.debug_info .gnu.linkonce.wi.*)
 .debug_info    0x00000000      0xb6b .\CortexM0\ARM_GCC_484\Release\main.o
 .debug_info    0x00000b6b      0x8f5 .\CortexM0\ARM_GCC_484\Release\Fsm.o
 .debug_info    0x00001460      0x706 .\CortexM0\ARM_GCC_484\Release\sysTimer.o
 .debug_info    0x00001b66      0x1ef .\CortexM0\ARM_GCC_484\Release\sleepMgr.o
 .debug_info    0x00001d55     0x1160 .\CortexM0\ARM_GCC_484\Release\waterControl.o
 .debug_info    0x00002eb5      0x536 .\CortexM0\ARM_GCC_484\Release\hwInterface.o
 .debug_info    0x000033eb       0xfd .\CortexM0\ARM_GCC_484\Release\cymetadata.o
 .debug_info    0x000034e8      0x38a .\CortexM0\ARM_GCC_484\Release\Cm0Start.o
 .debug_info    0x00003872      0x3f4 .\CortexM0\ARM_GCC_484\Release\Atom.a(cyfitter_cfg.o)
 .debug_info    0x00003c66      0x22b .\CortexM0\ARM_GCC_484\Release\Atom.a(UART.o)
 .debug_info    0x00003e91      0x2ad .\CortexM0\ARM_GCC_484\Release\Atom.a(UART_UART.o)
 .debug_info    0x0000413e      0x34e .\CortexM0\ARM_GCC_484\Release\Atom.a(isr_WDT.o)
 .debug_info    0x0000448c       0x87 .\CortexM0\ARM_GCC_484\Release\Atom.a(CyBootAsmGnu.o)
 .debug_info    0x00004513      0xa7f .\CortexM0\ARM_GCC_484\Release\Atom.a(CyLib.o)
 .debug_info    0x00004f92      0x2d0 .\CortexM0\ARM_GCC_484\Release\Atom.a(cyPm.o)
 .debug_info    0x00005262     0x37ed .\CortexM0\ARM_GCC_484\Release\Atom.a(comm.o)
 .debug_info    0x00008a4f      0x14c .\CortexM0\ARM_GCC_484\Release\Atom.a(LED.o)
 .debug_info    0x00008b9b      0x941 .\CortexM0\ARM_GCC_484\Release\Atom.a(comm_RS485.o)
 .debug_info    0x000094dc      0x661 .\CortexM0\ARM_GCC_484\Release\Atom.a(comm_conv.o)
 .debug_info    0x00009b3d      0x574 .\CortexM0\ARM_GCC_484\Release\Atom.a(comm_jsmn.o)
 .debug_info    0x0000a0b1      0x298 .\CortexM0\ARM_GCC_484\Release\Atom.a(comm_RS485_UART.o)
 .debug_info    0x0000a349      0x219 .\CortexM0\ARM_GCC_484\Release\Atom.a(comm_RS485_UART_SPI_UART.o)
 .debug_info    0x0000a562      0x12c .\CortexM0\ARM_GCC_484\Release\Atom.a(comm_RS485_UART_PM.o)
 .debug_info    0x0000a68e      0x34b .\CortexM0\ARM_GCC_484\Release\Atom.a(comm_RS485_UART_UART.o)
 .debug_info    0x0000a9d9      0x14c .\CortexM0\ARM_GCC_484\Release\Atom.a(comm_RS485_WAKE.o)
 .debug_info    0x0000ab25      0x34e .\CortexM0\ARM_GCC_484\Release\Atom.a(comm_RS485_isr_WAKE.o)
 .debug_info    0x0000ae73      0x34e .\CortexM0\ARM_GCC_484\Release\Atom.a(comm_RS485_isr_Timeout.o)
 .debug_info    0x0000b1c1      0x1f2 .\CortexM0\ARM_GCC_484\Release\Atom.a(comm_RS485_Timeout.o)
 .debug_info    0x0000b3b3      0x15a .\CortexM0\ARM_GCC_484\Release\Atom.a(comm_RS485_Timeout_PM.o)
 .debug_info    0x0000b50d      0xc39 .\CortexM0\ARM_GCC_484\Release\Atom.a(CyLFClk.o)
 .debug_info    0x0000c146      0x39c .\CortexM0\ARM_GCC_484\Release\Atom.a(Counter.o)
 .debug_info    0x0000c4e2      0x14c .\CortexM0\ARM_GCC_484\Release\Atom.a(ON1_DIR1.o)
 .debug_info    0x0000c62e      0x14c .\CortexM0\ARM_GCC_484\Release\Atom.a(ON1_DIR2.o)
 .debug_info    0x0000c77a      0x14c .\CortexM0\ARM_GCC_484\Release\Atom.a(ON2_DIR1.o)
 .debug_info    0x0000c8c6      0x150 .\CortexM0\ARM_GCC_484\Release\Atom.a(ON2_DIR2.o)
 .debug_info    0x0000ca16      0x150 .\CortexM0\ARM_GCC_484\Release\Atom.a(ON3_DIR1.o)
 .debug_info    0x0000cb66      0x14c .\CortexM0\ARM_GCC_484\Release\Atom.a(ON3_DIR2.o)
 .debug_info    0x0000ccb2      0x151 .\CortexM0\ARM_GCC_484\Release\Atom.a(ON4_DIR1.o)
 .debug_info    0x0000ce03      0x14c .\CortexM0\ARM_GCC_484\Release\Atom.a(ON4_DIR2.o)
 .debug_info    0x0000cf4f      0x14c .\CortexM0\ARM_GCC_484\Release\Atom.a(Ctrl_5V.o)
 .debug_info    0x0000d09b      0x14c .\CortexM0\ARM_GCC_484\Release\Atom.a(Ctrl_12V.o)
 .debug_info    0x0000d1e7      0x541 .\CortexM0\ARM_GCC_484\Release\Atom.a(ADC.o)
 .debug_info    0x0000d728       0xc3 .\CortexM0\ARM_GCC_484\Release\Atom.a(ADC_INT.o)
 .debug_info    0x0000d7eb      0x219 .\CortexM0\ARM_GCC_484\Release\Atom.a(UART_SPI_UART.o)
 .debug_info    0x0000da04       0xb7 .\CortexM0\ARM_GCC_484\Release\Atom.a(comm_RS485_UART_SPI_UART_INT.o)

.debug_abbrev   0x00000000     0x4269
 *(.debug_abbrev)
 .debug_abbrev  0x00000000      0x2de .\CortexM0\ARM_GCC_484\Release\main.o
 .debug_abbrev  0x000002de      0x250 .\CortexM0\ARM_GCC_484\Release\Fsm.o
 .debug_abbrev  0x0000052e      0x271 .\CortexM0\ARM_GCC_484\Release\sysTimer.o
 .debug_abbrev  0x0000079f       0xbd .\CortexM0\ARM_GCC_484\Release\sleepMgr.o
 .debug_abbrev  0x0000085c      0x2a3 .\CortexM0\ARM_GCC_484\Release\waterControl.o
 .debug_abbrev  0x00000aff      0x11e .\CortexM0\ARM_GCC_484\Release\hwInterface.o
 .debug_abbrev  0x00000c1d       0x5d .\CortexM0\ARM_GCC_484\Release\cymetadata.o
 .debug_abbrev  0x00000c7a      0x1fe .\CortexM0\ARM_GCC_484\Release\Cm0Start.o
 .debug_abbrev  0x00000e78      0x232 .\CortexM0\ARM_GCC_484\Release\Atom.a(cyfitter_cfg.o)
 .debug_abbrev  0x000010aa      0x134 .\CortexM0\ARM_GCC_484\Release\Atom.a(UART.o)
 .debug_abbrev  0x000011de      0x157 .\CortexM0\ARM_GCC_484\Release\Atom.a(UART_UART.o)
 .debug_abbrev  0x00001335      0x25a .\CortexM0\ARM_GCC_484\Release\Atom.a(isr_WDT.o)
 .debug_abbrev  0x0000158f       0x14 .\CortexM0\ARM_GCC_484\Release\Atom.a(CyBootAsmGnu.o)
 .debug_abbrev  0x000015a3      0x309 .\CortexM0\ARM_GCC_484\Release\Atom.a(CyLib.o)
 .debug_abbrev  0x000018ac      0x144 .\CortexM0\ARM_GCC_484\Release\Atom.a(cyPm.o)
 .debug_abbrev  0x000019f0      0x48f .\CortexM0\ARM_GCC_484\Release\Atom.a(comm.o)
 .debug_abbrev  0x00001e7f       0xc4 .\CortexM0\ARM_GCC_484\Release\Atom.a(LED.o)
 .debug_abbrev  0x00001f43      0x264 .\CortexM0\ARM_GCC_484\Release\Atom.a(comm_RS485.o)
 .debug_abbrev  0x000021a7      0x12b .\CortexM0\ARM_GCC_484\Release\Atom.a(comm_conv.o)
 .debug_abbrev  0x000022d2      0x1e8 .\CortexM0\ARM_GCC_484\Release\Atom.a(comm_jsmn.o)
 .debug_abbrev  0x000024ba      0x1b1 .\CortexM0\ARM_GCC_484\Release\Atom.a(comm_RS485_UART.o)
 .debug_abbrev  0x0000266b      0x176 .\CortexM0\ARM_GCC_484\Release\Atom.a(comm_RS485_UART_SPI_UART.o)
 .debug_abbrev  0x000027e1       0xae .\CortexM0\ARM_GCC_484\Release\Atom.a(comm_RS485_UART_PM.o)
 .debug_abbrev  0x0000288f      0x183 .\CortexM0\ARM_GCC_484\Release\Atom.a(comm_RS485_UART_UART.o)
 .debug_abbrev  0x00002a12       0xc4 .\CortexM0\ARM_GCC_484\Release\Atom.a(comm_RS485_WAKE.o)
 .debug_abbrev  0x00002ad6      0x25a .\CortexM0\ARM_GCC_484\Release\Atom.a(comm_RS485_isr_WAKE.o)
 .debug_abbrev  0x00002d30      0x25a .\CortexM0\ARM_GCC_484\Release\Atom.a(comm_RS485_isr_Timeout.o)
 .debug_abbrev  0x00002f8a      0x123 .\CortexM0\ARM_GCC_484\Release\Atom.a(comm_RS485_Timeout.o)
 .debug_abbrev  0x000030ad       0xc6 .\CortexM0\ARM_GCC_484\Release\Atom.a(comm_RS485_Timeout_PM.o)
 .debug_abbrev  0x00003173      0x349 .\CortexM0\ARM_GCC_484\Release\Atom.a(CyLFClk.o)
 .debug_abbrev  0x000034bc      0x1e6 .\CortexM0\ARM_GCC_484\Release\Atom.a(Counter.o)
 .debug_abbrev  0x000036a2       0xc4 .\CortexM0\ARM_GCC_484\Release\Atom.a(ON1_DIR1.o)
 .debug_abbrev  0x00003766       0xc4 .\CortexM0\ARM_GCC_484\Release\Atom.a(ON1_DIR2.o)
 .debug_abbrev  0x0000382a       0xc4 .\CortexM0\ARM_GCC_484\Release\Atom.a(ON2_DIR1.o)
 .debug_abbrev  0x000038ee       0xb7 .\CortexM0\ARM_GCC_484\Release\Atom.a(ON2_DIR2.o)
 .debug_abbrev  0x000039a5       0xb7 .\CortexM0\ARM_GCC_484\Release\Atom.a(ON3_DIR1.o)
 .debug_abbrev  0x00003a5c       0xc4 .\CortexM0\ARM_GCC_484\Release\Atom.a(ON3_DIR2.o)
 .debug_abbrev  0x00003b20       0xc6 .\CortexM0\ARM_GCC_484\Release\Atom.a(ON4_DIR1.o)
 .debug_abbrev  0x00003be6       0xc4 .\CortexM0\ARM_GCC_484\Release\Atom.a(ON4_DIR2.o)
 .debug_abbrev  0x00003caa       0xc4 .\CortexM0\ARM_GCC_484\Release\Atom.a(Ctrl_5V.o)
 .debug_abbrev  0x00003d6e       0xc4 .\CortexM0\ARM_GCC_484\Release\Atom.a(Ctrl_12V.o)
 .debug_abbrev  0x00003e32      0x1df .\CortexM0\ARM_GCC_484\Release\Atom.a(ADC.o)
 .debug_abbrev  0x00004011       0x72 .\CortexM0\ARM_GCC_484\Release\Atom.a(ADC_INT.o)
 .debug_abbrev  0x00004083      0x176 .\CortexM0\ARM_GCC_484\Release\Atom.a(UART_SPI_UART.o)
 .debug_abbrev  0x000041f9       0x70 .\CortexM0\ARM_GCC_484\Release\Atom.a(comm_RS485_UART_SPI_UART_INT.o)

.debug_line     0x00000000     0x507c
 *(.debug_line)
 .debug_line    0x00000000      0x3b7 .\CortexM0\ARM_GCC_484\Release\main.o
 .debug_line    0x000003b7      0x319 .\CortexM0\ARM_GCC_484\Release\Fsm.o
 .debug_line    0x000006d0      0x235 .\CortexM0\ARM_GCC_484\Release\sysTimer.o
 .debug_line    0x00000905       0xd6 .\CortexM0\ARM_GCC_484\Release\sleepMgr.o
 .debug_line    0x000009db      0x7e7 .\CortexM0\ARM_GCC_484\Release\waterControl.o
 .debug_line    0x000011c2      0x302 .\CortexM0\ARM_GCC_484\Release\hwInterface.o
 .debug_line    0x000014c4       0x53 .\CortexM0\ARM_GCC_484\Release\cymetadata.o
 .debug_line    0x00001517      0x216 .\CortexM0\ARM_GCC_484\Release\Cm0Start.o
 .debug_line    0x0000172d      0x18b .\CortexM0\ARM_GCC_484\Release\Atom.a(cyfitter_cfg.o)
 .debug_line    0x000018b8      0x136 .\CortexM0\ARM_GCC_484\Release\Atom.a(UART.o)
 .debug_line    0x000019ee      0x175 .\CortexM0\ARM_GCC_484\Release\Atom.a(UART_UART.o)
 .debug_line    0x00001b63      0x1b3 .\CortexM0\ARM_GCC_484\Release\Atom.a(isr_WDT.o)
 .debug_line    0x00001d16       0x69 .\CortexM0\ARM_GCC_484\Release\Atom.a(CyBootAsmGnu.o)
 .debug_line    0x00001d7f      0x484 .\CortexM0\ARM_GCC_484\Release\Atom.a(CyLib.o)
 .debug_line    0x00002203      0x144 .\CortexM0\ARM_GCC_484\Release\Atom.a(cyPm.o)
 .debug_line    0x00002347      0x65f .\CortexM0\ARM_GCC_484\Release\Atom.a(comm.o)
 .debug_line    0x000029a6       0xb3 .\CortexM0\ARM_GCC_484\Release\Atom.a(LED.o)
 .debug_line    0x00002a59      0x46c .\CortexM0\ARM_GCC_484\Release\Atom.a(comm_RS485.o)
 .debug_line    0x00002ec5      0x248 .\CortexM0\ARM_GCC_484\Release\Atom.a(comm_conv.o)
 .debug_line    0x0000310d      0x22c .\CortexM0\ARM_GCC_484\Release\Atom.a(comm_jsmn.o)
 .debug_line    0x00003339      0x165 .\CortexM0\ARM_GCC_484\Release\Atom.a(comm_RS485_UART.o)
 .debug_line    0x0000349e      0x151 .\CortexM0\ARM_GCC_484\Release\Atom.a(comm_RS485_UART_SPI_UART.o)
 .debug_line    0x000035ef       0xb2 .\CortexM0\ARM_GCC_484\Release\Atom.a(comm_RS485_UART_PM.o)
 .debug_line    0x000036a1      0x188 .\CortexM0\ARM_GCC_484\Release\Atom.a(comm_RS485_UART_UART.o)
 .debug_line    0x00003829       0xbf .\CortexM0\ARM_GCC_484\Release\Atom.a(comm_RS485_WAKE.o)
 .debug_line    0x000038e8      0x1cf .\CortexM0\ARM_GCC_484\Release\Atom.a(comm_RS485_isr_WAKE.o)
 .debug_line    0x00003ab7      0x1d2 .\CortexM0\ARM_GCC_484\Release\Atom.a(comm_RS485_isr_Timeout.o)
 .debug_line    0x00003c89      0x10d .\CortexM0\ARM_GCC_484\Release\Atom.a(comm_RS485_Timeout.o)
 .debug_line    0x00003d96       0xc7 .\CortexM0\ARM_GCC_484\Release\Atom.a(comm_RS485_Timeout_PM.o)
 .debug_line    0x00003e5d      0x3da .\CortexM0\ARM_GCC_484\Release\Atom.a(CyLFClk.o)
 .debug_line    0x00004237      0x1e5 .\CortexM0\ARM_GCC_484\Release\Atom.a(Counter.o)
 .debug_line    0x0000441c       0xb8 .\CortexM0\ARM_GCC_484\Release\Atom.a(ON1_DIR1.o)
 .debug_line    0x000044d4       0xb8 .\CortexM0\ARM_GCC_484\Release\Atom.a(ON1_DIR2.o)
 .debug_line    0x0000458c       0xb8 .\CortexM0\ARM_GCC_484\Release\Atom.a(ON2_DIR1.o)
 .debug_line    0x00004644       0xb8 .\CortexM0\ARM_GCC_484\Release\Atom.a(ON2_DIR2.o)
 .debug_line    0x000046fc       0xb8 .\CortexM0\ARM_GCC_484\Release\Atom.a(ON3_DIR1.o)
 .debug_line    0x000047b4       0xb6 .\CortexM0\ARM_GCC_484\Release\Atom.a(ON3_DIR2.o)
 .debug_line    0x0000486a       0xb7 .\CortexM0\ARM_GCC_484\Release\Atom.a(ON4_DIR1.o)
 .debug_line    0x00004921       0xb8 .\CortexM0\ARM_GCC_484\Release\Atom.a(ON4_DIR2.o)
 .debug_line    0x000049d9       0xb7 .\CortexM0\ARM_GCC_484\Release\Atom.a(Ctrl_5V.o)
 .debug_line    0x00004a90       0xb8 .\CortexM0\ARM_GCC_484\Release\Atom.a(Ctrl_12V.o)
 .debug_line    0x00004b48      0x2e1 .\CortexM0\ARM_GCC_484\Release\Atom.a(ADC.o)
 .debug_line    0x00004e29       0x6a .\CortexM0\ARM_GCC_484\Release\Atom.a(ADC_INT.o)
 .debug_line    0x00004e93      0x13d .\CortexM0\ARM_GCC_484\Release\Atom.a(UART_SPI_UART.o)
 .debug_line    0x00004fd0       0xac .\CortexM0\ARM_GCC_484\Release\Atom.a(comm_RS485_UART_SPI_UART_INT.o)

.debug_frame    0x00000000     0x3264
 *(.debug_frame)
 .debug_frame   0x00000000      0x1ec .\CortexM0\ARM_GCC_484\Release\main.o
 .debug_frame   0x000001ec      0x140 .\CortexM0\ARM_GCC_484\Release\Fsm.o
 .debug_frame   0x0000032c       0x98 .\CortexM0\ARM_GCC_484\Release\sysTimer.o
 .debug_frame   0x000003c4       0x9c .\CortexM0\ARM_GCC_484\Release\sleepMgr.o
 .debug_frame   0x00000460      0x60c .\CortexM0\ARM_GCC_484\Release\waterControl.o
 .debug_frame   0x00000a6c      0x160 .\CortexM0\ARM_GCC_484\Release\hwInterface.o
 .debug_frame   0x00000bcc       0xb0 .\CortexM0\ARM_GCC_484\Release\Cm0Start.o
 .debug_frame   0x00000c7c       0x4c .\CortexM0\ARM_GCC_484\Release\Atom.a(cyfitter_cfg.o)
 .debug_frame   0x00000cc8       0xb0 .\CortexM0\ARM_GCC_484\Release\Atom.a(UART.o)
 .debug_frame   0x00000d78       0xdc .\CortexM0\ARM_GCC_484\Release\Atom.a(UART_UART.o)
 .debug_frame   0x00000e54      0x108 .\CortexM0\ARM_GCC_484\Release\Atom.a(isr_WDT.o)
 .debug_frame   0x00000f5c      0x36c .\CortexM0\ARM_GCC_484\Release\Atom.a(CyLib.o)
 .debug_frame   0x000012c8       0xf4 .\CortexM0\ARM_GCC_484\Release\Atom.a(cyPm.o)
 .debug_frame   0x000013bc      0x31c .\CortexM0\ARM_GCC_484\Release\Atom.a(comm.o)
 .debug_frame   0x000016d8       0x6c .\CortexM0\ARM_GCC_484\Release\Atom.a(LED.o)
 .debug_frame   0x00001744      0x154 .\CortexM0\ARM_GCC_484\Release\Atom.a(comm_RS485.o)
 .debug_frame   0x00001898      0x1b8 .\CortexM0\ARM_GCC_484\Release\Atom.a(comm_conv.o)
 .debug_frame   0x00001a50       0x48 .\CortexM0\ARM_GCC_484\Release\Atom.a(comm_jsmn.o)
 .debug_frame   0x00001a98       0xc0 .\CortexM0\ARM_GCC_484\Release\Atom.a(comm_RS485_UART.o)
 .debug_frame   0x00001b58       0xb0 .\CortexM0\ARM_GCC_484\Release\Atom.a(comm_RS485_UART_SPI_UART.o)
 .debug_frame   0x00001c08       0x48 .\CortexM0\ARM_GCC_484\Release\Atom.a(comm_RS485_UART_PM.o)
 .debug_frame   0x00001c50       0xbc .\CortexM0\ARM_GCC_484\Release\Atom.a(comm_RS485_UART_UART.o)
 .debug_frame   0x00001d0c       0x6c .\CortexM0\ARM_GCC_484\Release\Atom.a(comm_RS485_WAKE.o)
 .debug_frame   0x00001d78      0x104 .\CortexM0\ARM_GCC_484\Release\Atom.a(comm_RS485_isr_WAKE.o)
 .debug_frame   0x00001e7c      0x108 .\CortexM0\ARM_GCC_484\Release\Atom.a(comm_RS485_isr_Timeout.o)
 .debug_frame   0x00001f84       0xb4 .\CortexM0\ARM_GCC_484\Release\Atom.a(comm_RS485_Timeout.o)
 .debug_frame   0x00002038       0x68 .\CortexM0\ARM_GCC_484\Release\Atom.a(comm_RS485_Timeout_PM.o)
 .debug_frame   0x000020a0      0x2a8 .\CortexM0\ARM_GCC_484\Release\Atom.a(CyLFClk.o)
 .debug_frame   0x00002348      0x128 .\CortexM0\ARM_GCC_484\Release\Atom.a(Counter.o)
 .debug_frame   0x00002470       0x6c .\CortexM0\ARM_GCC_484\Release\Atom.a(ON1_DIR1.o)
 .debug_frame   0x000024dc       0x6c .\CortexM0\ARM_GCC_484\Release\Atom.a(ON1_DIR2.o)
 .debug_frame   0x00002548       0x6c .\CortexM0\ARM_GCC_484\Release\Atom.a(ON2_DIR1.o)
 .debug_frame   0x000025b4       0x6c .\CortexM0\ARM_GCC_484\Release\Atom.a(ON2_DIR2.o)
 .debug_frame   0x00002620       0x6c .\CortexM0\ARM_GCC_484\Release\Atom.a(ON3_DIR1.o)
 .debug_frame   0x0000268c       0x60 .\CortexM0\ARM_GCC_484\Release\Atom.a(ON3_DIR2.o)
 .debug_frame   0x000026ec       0x60 .\CortexM0\ARM_GCC_484\Release\Atom.a(ON4_DIR1.o)
 .debug_frame   0x0000274c       0x6c .\CortexM0\ARM_GCC_484\Release\Atom.a(ON4_DIR2.o)
 .debug_frame   0x000027b8       0x6c .\CortexM0\ARM_GCC_484\Release\Atom.a(Ctrl_5V.o)
 .debug_frame   0x00002824       0x6c .\CortexM0\ARM_GCC_484\Release\Atom.a(Ctrl_12V.o)
 .debug_frame   0x00002890      0x180 .\CortexM0\ARM_GCC_484\Release\Atom.a(ADC.o)
 .debug_frame   0x00002a10       0x20 .\CortexM0\ARM_GCC_484\Release\Atom.a(ADC_INT.o)
 .debug_frame   0x00002a30       0xb0 .\CortexM0\ARM_GCC_484\Release\Atom.a(UART_SPI_UART.o)
 .debug_frame   0x00002ae0       0x2c .\CortexM0\ARM_GCC_484\Release\Atom.a(comm_RS485_UART_SPI_UART_INT.o)
 .debug_frame   0x00002b0c       0x20 c:/program files (x86)/cypress/psoc creator/3.2/psoc creator/import/gnu/arm/4.8.4/bin/../lib/gcc/arm-none-eabi/4.8.4/armv6-m\libgcc.a(_udivsi3.o)
 .debug_frame   0x00002b2c       0x20 c:/program files (x86)/cypress/psoc creator/3.2/psoc creator/import/gnu/arm/4.8.4/bin/../lib/gcc/arm-none-eabi/4.8.4/armv6-m\libgcc.a(_divsi3.o)
 .debug_frame   0x00002b4c       0x30 c:/program files (x86)/cypress/psoc creator/3.2/psoc creator/import/gnu/arm/4.8.4/bin/../lib/gcc/arm-none-eabi/4.8.4/armv6-m\libgcc.a(_muldi3.o)
 .debug_frame   0x00002b7c       0x50 c:/program files (x86)/cypress/psoc creator/3.2/psoc creator/import/gnu/arm/4.8.4/bin/../lib/gcc/arm-none-eabi/4.8.4/armv6-m\libgcc.a(bpabi.o)
 .debug_frame   0x00002bcc       0x3c c:/program files (x86)/cypress/psoc creator/3.2/psoc creator/import/gnu/arm/4.8.4/bin/../lib/gcc/arm-none-eabi/4.8.4/armv6-m\libgcc.a(divsf3.o)
 .debug_frame   0x00002c08       0x3c c:/program files (x86)/cypress/psoc creator/3.2/psoc creator/import/gnu/arm/4.8.4/bin/../lib/gcc/arm-none-eabi/4.8.4/armv6-m\libgcc.a(mulsf3.o)
 .debug_frame   0x00002c44       0x2c c:/program files (x86)/cypress/psoc creator/3.2/psoc creator/import/gnu/arm/4.8.4/bin/../lib/gcc/arm-none-eabi/4.8.4/armv6-m\libgcc.a(floatsisf.o)
 .debug_frame   0x00002c70       0x3c c:/program files (x86)/cypress/psoc creator/3.2/psoc creator/import/gnu/arm/4.8.4/bin/../lib/gcc/arm-none-eabi/4.8.4/armv6-m\libgcc.a(adddf3.o)
 .debug_frame   0x00002cac       0x3c c:/program files (x86)/cypress/psoc creator/3.2/psoc creator/import/gnu/arm/4.8.4/bin/../lib/gcc/arm-none-eabi/4.8.4/armv6-m\libgcc.a(divdf3.o)
 .debug_frame   0x00002ce8       0x3c c:/program files (x86)/cypress/psoc creator/3.2/psoc creator/import/gnu/arm/4.8.4/bin/../lib/gcc/arm-none-eabi/4.8.4/armv6-m\libgcc.a(eqdf2.o)
 .debug_frame   0x00002d24       0x38 c:/program files (x86)/cypress/psoc creator/3.2/psoc creator/import/gnu/arm/4.8.4/bin/../lib/gcc/arm-none-eabi/4.8.4/armv6-m\libgcc.a(gedf2.o)
 .debug_frame   0x00002d5c       0x3c c:/program files (x86)/cypress/psoc creator/3.2/psoc creator/import/gnu/arm/4.8.4/bin/../lib/gcc/arm-none-eabi/4.8.4/armv6-m\libgcc.a(ledf2.o)
 .debug_frame   0x00002d98       0x3c c:/program files (x86)/cypress/psoc creator/3.2/psoc creator/import/gnu/arm/4.8.4/bin/../lib/gcc/arm-none-eabi/4.8.4/armv6-m\libgcc.a(muldf3.o)
 .debug_frame   0x00002dd4       0x3c c:/program files (x86)/cypress/psoc creator/3.2/psoc creator/import/gnu/arm/4.8.4/bin/../lib/gcc/arm-none-eabi/4.8.4/armv6-m\libgcc.a(subdf3.o)
 .debug_frame   0x00002e10       0x2c c:/program files (x86)/cypress/psoc creator/3.2/psoc creator/import/gnu/arm/4.8.4/bin/../lib/gcc/arm-none-eabi/4.8.4/armv6-m\libgcc.a(fixdfsi.o)
 .debug_frame   0x00002e3c       0x30 c:/program files (x86)/cypress/psoc creator/3.2/psoc creator/import/gnu/arm/4.8.4/bin/../lib/gcc/arm-none-eabi/4.8.4/armv6-m\libgcc.a(floatsidf.o)
 .debug_frame   0x00002e6c       0x3c c:/program files (x86)/cypress/psoc creator/3.2/psoc creator/import/gnu/arm/4.8.4/bin/../lib/gcc/arm-none-eabi/4.8.4/armv6-m\libgcc.a(_divdi3.o)
 .debug_frame   0x00002ea8       0x3c c:/program files (x86)/cypress/psoc creator/3.2/psoc creator/import/gnu/arm/4.8.4/bin/../lib/gcc/arm-none-eabi/4.8.4/armv6-m\libgcc.a(_udivdi3.o)
 .debug_frame   0x00002ee4       0x20 c:/program files (x86)/cypress/psoc creator/3.2/psoc creator/import/gnu/arm/4.8.4/bin/../lib/gcc/arm-none-eabi/4.8.4/../../../../arm-none-eabi/lib/armv6-m\libg_s.a(lib_a-errno.o)