Archive member included because of file (symbol)

.\CortexM0\ARM_GCC_484\Debug\Atom.a(cyfitter_cfg.o)
                              .\CortexM0\ARM_GCC_484\Debug\Cm0Start.o (cyfitter_cfg)
.\CortexM0\ARM_GCC_484\Debug\Atom.a(UART.o)
                              .\CortexM0\ARM_GCC_484\Debug\main.o (UART_Init)
.\CortexM0\ARM_GCC_484\Debug\Atom.a(UART_SPI_UART.o)
                              .\CortexM0\ARM_GCC_484\Debug\waterControl.o (UART_SpiUartWriteTxData)
.\CortexM0\ARM_GCC_484\Debug\Atom.a(UART_UART.o)
                              .\CortexM0\ARM_GCC_484\Debug\Atom.a(UART.o) (UART_UartInit)
.\CortexM0\ARM_GCC_484\Debug\Atom.a(isr_WDT.o)
                              .\CortexM0\ARM_GCC_484\Debug\main.o (isr_WDT_StartEx)
.\CortexM0\ARM_GCC_484\Debug\Atom.a(CyBootAsmGnu.o)
                              .\CortexM0\ARM_GCC_484\Debug\sleepMgr.o (CyEnterCriticalSection)
.\CortexM0\ARM_GCC_484\Debug\Atom.a(CyLib.o)
                              .\CortexM0\ARM_GCC_484\Debug\Atom.a(cyfitter_cfg.o) (CySysClkWriteImoFreq)
.\CortexM0\ARM_GCC_484\Debug\Atom.a(cyPm.o)
                              .\CortexM0\ARM_GCC_484\Debug\sleepMgr.o (CySysPmSleep)
.\CortexM0\ARM_GCC_484\Debug\Atom.a(comm.o)
                              .\CortexM0\ARM_GCC_484\Debug\waterControl.o (respEnd)
.\CortexM0\ARM_GCC_484\Debug\Atom.a(LED.o)
                              .\CortexM0\ARM_GCC_484\Debug\main.o (LED_Write)
.\CortexM0\ARM_GCC_484\Debug\Atom.a(comm_RS485.o)
                              .\CortexM0\ARM_GCC_484\Debug\Atom.a(comm.o) (comm_RS485_Init)
.\CortexM0\ARM_GCC_484\Debug\Atom.a(comm_conv.o)
                              .\CortexM0\ARM_GCC_484\Debug\waterControl.o (conv_i2str)
.\CortexM0\ARM_GCC_484\Debug\Atom.a(comm_jsmn.o)
                              .\CortexM0\ARM_GCC_484\Debug\Atom.a(comm.o) (jsmn_parse)
.\CortexM0\ARM_GCC_484\Debug\Atom.a(comm_RS485_UART.o)
                              .\CortexM0\ARM_GCC_484\Debug\Atom.a(comm_RS485.o) (comm_RS485_UART_Start)
.\CortexM0\ARM_GCC_484\Debug\Atom.a(comm_RS485_UART_SPI_UART.o)
                              .\CortexM0\ARM_GCC_484\Debug\Atom.a(comm_RS485.o) (comm_RS485_UART_SpiUartClearRxBuffer)
.\CortexM0\ARM_GCC_484\Debug\Atom.a(comm_RS485_UART_PM.o)
                              .\CortexM0\ARM_GCC_484\Debug\Atom.a(comm_RS485.o) (comm_RS485_UART_Sleep)
.\CortexM0\ARM_GCC_484\Debug\Atom.a(comm_RS485_UART_UART.o)
                              .\CortexM0\ARM_GCC_484\Debug\Atom.a(comm_RS485_UART.o) (comm_RS485_UART_UartInit)
.\CortexM0\ARM_GCC_484\Debug\Atom.a(comm_RS485_WAKE.o)
                              .\CortexM0\ARM_GCC_484\Debug\Atom.a(comm_RS485.o) (comm_RS485_WAKE_ReadDataReg)
.\CortexM0\ARM_GCC_484\Debug\Atom.a(comm_RS485_isr_WAKE.o)
                              .\CortexM0\ARM_GCC_484\Debug\Atom.a(comm_RS485.o) (comm_RS485_isr_WAKE_StartEx)
.\CortexM0\ARM_GCC_484\Debug\Atom.a(comm_RS485_isr_Timeout.o)
                              .\CortexM0\ARM_GCC_484\Debug\Atom.a(comm_RS485.o) (comm_RS485_isr_Timeout_StartEx)
.\CortexM0\ARM_GCC_484\Debug\Atom.a(comm_RS485_Timeout.o)
                              .\CortexM0\ARM_GCC_484\Debug\Atom.a(comm_RS485.o) (comm_RS485_Timeout_Enable)
.\CortexM0\ARM_GCC_484\Debug\Atom.a(comm_RS485_Timeout_PM.o)
                              .\CortexM0\ARM_GCC_484\Debug\Atom.a(comm_RS485.o) (comm_RS485_Timeout_Sleep)
.\CortexM0\ARM_GCC_484\Debug\Atom.a(CyLFClk.o)
                              .\CortexM0\ARM_GCC_484\Debug\main.o (CySysWdtSetMode)
.\CortexM0\ARM_GCC_484\Debug\Atom.a(ON1_DIR1.o)
                              .\CortexM0\ARM_GCC_484\Debug\valveControl.o (ON1_DIR1_Write)
.\CortexM0\ARM_GCC_484\Debug\Atom.a(ON1_DIR2.o)
                              .\CortexM0\ARM_GCC_484\Debug\valveControl.o (ON1_DIR2_Write)
.\CortexM0\ARM_GCC_484\Debug\Atom.a(ON2_DIR1.o)
                              .\CortexM0\ARM_GCC_484\Debug\valveControl.o (ON2_DIR1_Write)
.\CortexM0\ARM_GCC_484\Debug\Atom.a(ON2_DIR2.o)
                              .\CortexM0\ARM_GCC_484\Debug\valveControl.o (ON2_DIR2_Write)
.\CortexM0\ARM_GCC_484\Debug\Atom.a(ON3_DIR1.o)
                              .\CortexM0\ARM_GCC_484\Debug\valveControl.o (ON3_DIR1_Write)
.\CortexM0\ARM_GCC_484\Debug\Atom.a(ON3_DIR2.o)
                              .\CortexM0\ARM_GCC_484\Debug\valveControl.o (ON3_DIR2_Write)
.\CortexM0\ARM_GCC_484\Debug\Atom.a(ON4_DIR1.o)
                              .\CortexM0\ARM_GCC_484\Debug\valveControl.o (ON4_DIR1_Write)
.\CortexM0\ARM_GCC_484\Debug\Atom.a(ON4_DIR2.o)
                              .\CortexM0\ARM_GCC_484\Debug\valveControl.o (ON4_DIR2_Write)
.\CortexM0\ARM_GCC_484\Debug\Atom.a(comm_RS485_UART_SPI_UART_INT.o)
                              .\CortexM0\ARM_GCC_484\Debug\Atom.a(comm_RS485_UART_UART.o) (comm_RS485_UART_SPI_UART_ISR)
c:/program files (x86)/cypress/psoc creator/3.2/psoc creator/import/gnu/arm/4.8.4/bin/../lib/gcc/arm-none-eabi/4.8.4/armv6-m\libgcc.a(_udivsi3.o)
[...]
Memory Configuration

Name             Origin             Length             Attributes
rom              0x00000000         0x00008000         xr
ram              0x20000000         0x00001000         xrw
*default*        0x00000000         0xffffffff

Linker script and memory map

LOAD c:/program files (x86)/cypress/psoc creator/3.2/psoc creator/import/gnu/arm/4.8.4/bin/../lib/gcc/arm-none-eabi/4.8.4/armv6-m/crti.o
LOAD c:/program files (x86)/cypress/psoc creator/3.2/psoc creator/import/gnu/arm/4.8.4/bin/../lib/gcc/arm-none-eabi/4.8.4/armv6-m/crtbegin.o
LOAD c:/program files (x86)/cypress/psoc creator/3.2/psoc creator/import/gnu/arm/4.8.4/bin/../lib/gcc/arm-none-eabi/4.8.4/../../../../arm-none-eabi/lib/armv6-m/crt0.o
START GROUP
LOAD .\CortexM0\ARM_GCC_484\Debug\main.o
LOAD .\CortexM0\ARM_GCC_484\Debug\Fsm.o
LOAD .\CortexM0\ARM_GCC_484\Debug\sysTimer.o
LOAD .\CortexM0\ARM_GCC_484\Debug\sleepMgr.o
LOAD .\CortexM0\ARM_GCC_484\Debug\waterControl.o
LOAD .\CortexM0\ARM_GCC_484\Debug\valveControl.o
LOAD .\CortexM0\ARM_GCC_484\Debug\cymetadata.o
LOAD .\CortexM0\ARM_GCC_484\Debug\Cm0Start.o
LOAD .\CortexM0\ARM_GCC_484\Debug\Atom.a
LOAD C:\Program Files (x86)\Cypress\PSoC Creator\3.2\PSoC Creator\psoc\content\cycomponentlibrary\CyComponentLibrary.cylib\CortexM0\ARM_GCC_484\Debug\CyComponentLibrary.a
END GROUP
START GROUP
LOAD c:/program files (x86)/cypress/psoc creator/3.2/psoc creator/import/gnu/arm/4.8.4/bin/../lib/gcc/arm-none-eabi/4.8.4/armv6-m\libgcc.a
LOAD c:/program files (x86)/cypress/psoc creator/3.2/psoc creator/import/gnu/arm/4.8.4/bin/../lib/gcc/arm-none-eabi/4.8.4/../../../../arm-none-eabi/lib/armv6-m\libg_s.a
LOAD c:/program files (x86)/cypress/psoc creator/3.2/psoc creator/import/gnu/arm/4.8.4/bin/../lib/gcc/arm-none-eabi/4.8.4/../../../../arm-none-eabi/lib/armv6-m\libc_s.a
END GROUP
START GROUP
LOAD c:/program files (x86)/cypress/psoc creator/3.2/psoc creator/import/gnu/arm/4.8.4/bin/../lib/gcc/arm-none-eabi/4.8.4/armv6-m\libgcc.a
LOAD c:/program files (x86)/cypress/psoc creator/3.2/psoc creator/import/gnu/arm/4.8.4/bin/../lib/gcc/arm-none-eabi/4.8.4/../../../../arm-none-eabi/lib/armv6-m\libc_s.a
END GROUP
LOAD c:/program files (x86)/cypress/psoc creator/3.2/psoc creator/import/gnu/arm/4.8.4/bin/../lib/gcc/arm-none-eabi/4.8.4/armv6-m/crtend.o
LOAD c:/program files (x86)/cypress/psoc creator/3.2/psoc creator/import/gnu/arm/4.8.4/bin/../lib/gcc/arm-none-eabi/4.8.4/armv6-m/crtn.o
START GROUP
LOAD c:/program files (x86)/cypress/psoc creator/3.2/psoc creator/import/gnu/arm/4.8.4/bin/../lib/gcc/arm-none-eabi/4.8.4/armv6-m\libgcc.a
LOAD c:/program files (x86)/cypress/psoc creator/3.2/psoc creator/import/gnu/arm/4.8.4/bin/../lib/gcc/arm-none-eabi/4.8.4/../../../../arm-none-eabi/lib/armv6-m\libc.a
LOAD c:/program files (x86)/cypress/psoc creator/3.2/psoc creator/import/gnu/arm/4.8.4/bin/../lib/gcc/arm-none-eabi/4.8.4/../../../../arm-none-eabi/lib/armv6-m\libnosys.a
END GROUP
                0x00000000                CY_APPL_ORIGIN = 0x0
                0x00000080                CY_FLASH_ROW_SIZE = 0x80
                0x00000001                CY_APPL_NUM = 0x1
                0x00000040                CY_METADATA_SIZE = 0x40
                0x20000bb0                PROVIDE (__cy_heap_start, _end)
                0x00000001                PROVIDE (__cy_region_num, ((__cy_regions_end - __cy_regions) / 0x10))
                0x20001000                PROVIDE (__cy_stack, (ORIGIN (ram) + 0x1000))
                0x20000c00                PROVIDE (__cy_heap_end, (__cy_stack - 0x400))

.cybootloader   0x00000000        0x0
 *(.cybootloader)
                0x00000000                appl1_start = CY_APPL_ORIGIN?CY_APPL_ORIGIN:ALIGN (CY_FLASH_ROW_SIZE)
                0x00003f80                appl2_start = (appl1_start + ALIGN ((((0x8000 - appl1_start) - (0x2 * CY_FLASH_ROW_SIZE)) / 0x2), CY_FLASH_ROW_SIZE))
                0x00000000                appl_start = (CY_APPL_NUM == 0x1)?appl1_start:appl2_start

.text           0x00000000     0x739e
 CREATE_OBJECT_SYMBOLS
                0x00000000                PROVIDE (__cy_interrupt_vector, RomVectors)
 *(.romvectors)
 .romvectors    0x00000000       0x10 .\CortexM0\ARM_GCC_484\Debug\Cm0Start.o
                0x00000000                RomVectors
                0x00000001                ASSERT ((. != __cy_interrupt_vector), No interrupt vector)
                0x00000001                ASSERT (CY_APPL_ORIGIN?(SIZEOF (.cybootloader) <= CY_APPL_ORIGIN):0x1, Wrong image location)
                0x00000010                PROVIDE (__cy_reset, Reset)
 *(.text.Reset)
 .text.Reset    0x00000010        0x8 .\CortexM0\ARM_GCC_484\Debug\Cm0Start.o
                0x00000010                Reset
                0x00000001                ASSERT ((. != __cy_reset), No reset code)
 *(.psocinit)
 .psocinit      0x00000018      0x2e8 .\CortexM0\ARM_GCC_484\Debug\Atom.a(cyfitter_cfg.o)
                0x00000108                cyfitter_cfg
                0x00000300                . = MAX (., 0x100)
 *(.text .text.* .gnu.linkonce.t.*)
 .text          0x00000300       0x60 c:/program files (x86)/cypress/psoc creator/3.2/psoc creator/import/gnu/arm/4.8.4/bin/../lib/gcc/arm-none-eabi/4.8.4/armv6-m/crtbegin.o
 .text.communicationHandler
                0x00000360       0x14 .\CortexM0\ARM_GCC_484\Debug\main.o
 .text.setvar_test
                0x00000374       0x1c .\CortexM0\ARM_GCC_484\Debug\main.o
                0x00000374                setvar_test
 .text.getvar_test
                0x00000390       0x24 .\CortexM0\ARM_GCC_484\Debug\main.o
                0x00000390                getvar_test
 .text.getvar_sleepPeriod
                0x000003b4       0x14 .\CortexM0\ARM_GCC_484\Debug\main.o
                0x000003b4                getvar_sleepPeriod
 .text.setvar_sleepPeriod
                0x000003c8       0x38 .\CortexM0\ARM_GCC_484\Debug\main.o
                0x000003c8                setvar_sleepPeriod
 .text.getvar_shutdownTime
                0x00000400        0xc .\CortexM0\ARM_GCC_484\Debug\main.o
                0x00000400                getvar_shutdownTime
 .text.setvar_shutdownTime
                0x0000040c       0x10 .\CortexM0\ARM_GCC_484\Debug\main.o
                0x0000040c                setvar_shutdownTime
 .text.comm_ModeChange
                0x0000041c       0x50 .\CortexM0\ARM_GCC_484\Debug\main.o
                0x0000041c                comm_ModeChange
 .text.getTime  0x0000046c       0x28 .\CortexM0\ARM_GCC_484\Debug\main.o
                0x0000046c                getTime
 .text.WDT_ISR_Handler
                0x00000494       0x34 .\CortexM0\ARM_GCC_484\Debug\main.o
                0x00000494                WDT_ISR_Handler
 .text.preset   0x000004c8       0x40 .\CortexM0\ARM_GCC_484\Debug\main.o
                0x000004c8                preset
 .text.init     0x00000508       0x58 .\CortexM0\ARM_GCC_484\Debug\main.o
                0x00000508                init
 .text.ResumePeripherals
                0x00000560        0xc .\CortexM0\ARM_GCC_484\Debug\main.o
 .text.StorePeripherals
                0x0000056c        0xc .\CortexM0\ARM_GCC_484\Debug\main.o
 .text.CheckTime
                0x00000578       0x9c .\CortexM0\ARM_GCC_484\Debug\main.o
                0x00000578                CheckTime
 .text.check_duty_cycle
                0x00000614        0xc .\CortexM0\ARM_GCC_484\Debug\main.o
                0x00000614                check_duty_cycle
 .text.SetUpWDT
                0x00000620       0x9c .\CortexM0\ARM_GCC_484\Debug\main.o
                0x00000620                SetUpWDT
 .text.fsmIfacePlatform_sleep
                0x000006bc       0x38 .\CortexM0\ARM_GCC_484\Debug\main.o
                0x000006bc                fsmIfacePlatform_sleep
 .text.fsmIfacePlatform_resume
                0x000006f4       0x24 .\CortexM0\ARM_GCC_484\Debug\main.o
                0x000006f4                fsmIfacePlatform_resume
 .text.main     0x00000718       0x40 .\CortexM0\ARM_GCC_484\Debug\main.o
                0x00000718                main
 .text.fsm_init
                0x00000758       0x54 .\CortexM0\ARM_GCC_484\Debug\Fsm.o
                0x00000758                fsm_init
 .text.fsm_enter
                0x000007ac       0x24 .\CortexM0\ARM_GCC_484\Debug\Fsm.o
                0x000007ac                fsm_enter
 .text.fsm_exit
                0x000007d0       0xb0 .\CortexM0\ARM_GCC_484\Debug\Fsm.o
                0x000007d0                fsm_exit
 .text.fsm_clearInEvents
                0x00000880       0x2c .\CortexM0\ARM_GCC_484\Debug\Fsm.o
 .text.fsm_clearOutEvents
                0x000008ac       0x10 .\CortexM0\ARM_GCC_484\Debug\Fsm.o
 .text.fsm_runCycle
                0x000008bc       0xa4 .\CortexM0\ARM_GCC_484\Debug\Fsm.o
                0x000008bc                fsm_runCycle
 .text.fsm_raiseTimeEvent
                0x00000960       0x2c .\CortexM0\ARM_GCC_484\Debug\Fsm.o
                0x00000960                fsm_raiseTimeEvent
 .text.fsm_isActive
                0x0000098c       0xdc .\CortexM0\ARM_GCC_484\Debug\Fsm.o
                0x0000098c                fsm_isActive
 .text.fsmIfacePlatform_raise_start
                0x00000a68       0x14 .\CortexM0\ARM_GCC_484\Debug\Fsm.o
                0x00000a68                fsmIfacePlatform_raise_start
 .text.fsmIfacePlatform_raise_test
                0x00000a7c       0x14 .\CortexM0\ARM_GCC_484\Debug\Fsm.o
                0x00000a7c                fsmIfacePlatform_raise_test
 .text.fsmIfacePlatform_raise_idle
                0x00000a90       0x14 .\CortexM0\ARM_GCC_484\Debug\Fsm.o
                0x00000a90                fsmIfacePlatform_raise_idle
 .text.fsmIfacePlatform_raise_timer
                0x00000aa4       0x14 .\CortexM0\ARM_GCC_484\Debug\Fsm.o
                0x00000aa4                fsmIfacePlatform_raise_timer
 .text.fsm_enact_SequenceImpl
                0x00000ab8       0x10 .\CortexM0\ARM_GCC_484\Debug\Fsm.o
 .text.fsm_exact_SequenceImpl
                0x00000ac8       0x10 .\CortexM0\ARM_GCC_484\Debug\Fsm.o
 .text.fsm_react_main_region_Sleep
                0x00000ad8       0x68 .\CortexM0\ARM_GCC_484\Debug\Fsm.o
 .text.fsm_react_main_region_Operation_op_Decide
                0x00000b40      0x15c .\CortexM0\ARM_GCC_484\Debug\Fsm.o
 .text.fsm_react_main_region_Operation_op_ValveOn
                0x00000c9c       0xc4 .\CortexM0\ARM_GCC_484\Debug\Fsm.o
 .text.fsm_react_main_region_Operation_op_ValveOff
                0x00000d60      0x10c .\CortexM0\ARM_GCC_484\Debug\Fsm.o
 .text.fsm_react_main_region_Operation_op_VolumeCheck
                0x00000e6c      0x100 .\CortexM0\ARM_GCC_484\Debug\Fsm.o
 .text.fsm_react_main_region_Operation_op_SendStats
                0x00000f6c       0xc8 .\CortexM0\ARM_GCC_484\Debug\Fsm.o
 .text.fsm_react_main_region_TestState_test__final_
                0x00001034       0x3c .\CortexM0\ARM_GCC_484\Debug\Fsm.o
 .text.fsm_react_main_region_Idle
                0x00001070       0x54 .\CortexM0\ARM_GCC_484\Debug\Fsm.o
 .text.NVIC_SetPriority
                0x000010c4       0xe0 .\CortexM0\ARM_GCC_484\Debug\sysTimer.o
 .text.SysTick_Config
                0x000011a4       0x48 .\CortexM0\ARM_GCC_484\Debug\sysTimer.o
 .text.sys_tick_isr
                0x000011ec       0x18 .\CortexM0\ARM_GCC_484\Debug\sysTimer.o
                0x000011ec                sys_tick_isr
 .text.SysTimer_Init
                0x00001204       0x24 .\CortexM0\ARM_GCC_484\Debug\sysTimer.o
                0x00001204                SysTimer_Init
 .text.SysTimer_GetTicks
                0x00001228       0x14 .\CortexM0\ARM_GCC_484\Debug\sysTimer.o
                0x00001228                SysTimer_GetTicks
 .text.fsm_setTimer
                0x0000123c       0x58 .\CortexM0\ARM_GCC_484\Debug\sysTimer.o
                0x0000123c                fsm_setTimer
 .text.fsm_unsetTimer
                0x00001294       0x24 .\CortexM0\ARM_GCC_484\Debug\sysTimer.o
                0x00001294                fsm_unsetTimer
 .text.SysTimer_FsmHandler
                0x000012b8       0x94 .\CortexM0\ARM_GCC_484\Debug\sysTimer.o
                0x000012b8                SysTimer_FsmHandler
 .text.sleepMgr_sleep
                0x0000134c       0x2c .\CortexM0\ARM_GCC_484\Debug\sleepMgr.o
                0x0000134c                sleepMgr_sleep
 .text.sleepMgr_requestDeepSleep
                0x00001378       0x30 .\CortexM0\ARM_GCC_484\Debug\sleepMgr.o
                0x00001378                sleepMgr_requestDeepSleep
 .text.sleepMgr_releaseDeepSleep
                0x000013a8       0x38 .\CortexM0\ARM_GCC_484\Debug\sleepMgr.o
                0x000013a8                sleepMgr_releaseDeepSleep
 .text.sleepMgr_requestSleep
                0x000013e0       0x30 .\CortexM0\ARM_GCC_484\Debug\sleepMgr.o
                0x000013e0                sleepMgr_requestSleep
 .text.sleepMgr_releaseSleep
                0x00001410       0x38 .\CortexM0\ARM_GCC_484\Debug\sleepMgr.o
                0x00001410                sleepMgr_releaseSleep
 .text.setvar_fertigationTable0
                0x00001448       0x20 .\CortexM0\ARM_GCC_484\Debug\waterControl.o
                0x00001448                setvar_fertigationTable0
 .text.setvar_fertigationTable1
                0x00001468       0x20 .\CortexM0\ARM_GCC_484\Debug\waterControl.o
                0x00001468                setvar_fertigationTable1
 .text.setvar_fertigationTable2
                0x00001488       0x20 .\CortexM0\ARM_GCC_484\Debug\waterControl.o
                0x00001488                setvar_fertigationTable2
 .text.setvar_fertigationTable3
                0x000014a8       0x20 .\CortexM0\ARM_GCC_484\Debug\waterControl.o
                0x000014a8                setvar_fertigationTable3
 .text.setvar_fertigationTable4
                0x000014c8       0x20 .\CortexM0\ARM_GCC_484\Debug\waterControl.o
                0x000014c8                setvar_fertigationTable4
 .text.setvar_fertigationTable5
                0x000014e8       0x20 .\CortexM0\ARM_GCC_484\Debug\waterControl.o
                0x000014e8                setvar_fertigationTable5
 .text.setvar_fertigationTable6
                0x00001508       0x20 .\CortexM0\ARM_GCC_484\Debug\waterControl.o
                0x00001508                setvar_fertigationTable6
 .text.setvar_fertigationTable7
                0x00001528       0x20 .\CortexM0\ARM_GCC_484\Debug\waterControl.o
                0x00001528                setvar_fertigationTable7
 .text.setvar_fertigationTable8
                0x00001548       0x20 .\CortexM0\ARM_GCC_484\Debug\waterControl.o
                0x00001548                setvar_fertigationTable8
 .text.setvar_fertigationTable9
                0x00001568       0x20 .\CortexM0\ARM_GCC_484\Debug\waterControl.o
                0x00001568                setvar_fertigationTable9
 .text.getvar_fertigationTable0
                0x00001588       0x10 .\CortexM0\ARM_GCC_484\Debug\waterControl.o
                0x00001588                getvar_fertigationTable0
 .text.getvar_fertigationTable1
                0x00001598       0x10 .\CortexM0\ARM_GCC_484\Debug\waterControl.o
                0x00001598                getvar_fertigationTable1
 .text.getvar_fertigationTable2
                0x000015a8       0x10 .\CortexM0\ARM_GCC_484\Debug\waterControl.o
                0x000015a8                getvar_fertigationTable2
 .text.getvar_fertigationTable3
                0x000015b8       0x10 .\CortexM0\ARM_GCC_484\Debug\waterControl.o
                0x000015b8                getvar_fertigationTable3
 .text.getvar_fertigationTable4
                0x000015c8       0x10 .\CortexM0\ARM_GCC_484\Debug\waterControl.o
                0x000015c8                getvar_fertigationTable4
 .text.getvar_fertigationTable5
                0x000015d8       0x10 .\CortexM0\ARM_GCC_484\Debug\waterControl.o
                0x000015d8                getvar_fertigationTable5
 .text.getvar_fertigationTable6
                0x000015e8       0x10 .\CortexM0\ARM_GCC_484\Debug\waterControl.o
                0x000015e8                getvar_fertigationTable6
 .text.getvar_fertigationTable7
                0x000015f8       0x10 .\CortexM0\ARM_GCC_484\Debug\waterControl.o
                0x000015f8                getvar_fertigationTable7
 .text.getvar_fertigationTable8
                0x00001608       0x10 .\CortexM0\ARM_GCC_484\Debug\waterControl.o
                0x00001608                getvar_fertigationTable8
 .text.getvar_fertigationTable9
                0x00001618       0x10 .\CortexM0\ARM_GCC_484\Debug\waterControl.o
                0x00001618                getvar_fertigationTable9
 .text.conv_ia2str
                0x00001628       0x94 .\CortexM0\ARM_GCC_484\Debug\waterControl.o
                0x00001628                conv_ia2str
 .text.conv_str2ia
                0x000016bc       0x84 .\CortexM0\ARM_GCC_484\Debug\waterControl.o
                0x000016bc                conv_str2ia
 .text.setvar_notBefore
                0x00001740       0x1c .\CortexM0\ARM_GCC_484\Debug\waterControl.o
                0x00001740                setvar_notBefore
 .text.setvar_notAfter
                0x0000175c       0x1c .\CortexM0\ARM_GCC_484\Debug\waterControl.o
                0x0000175c                setvar_notAfter
 .text.setvar_dilutionFactorA
                0x00001778       0x1c .\CortexM0\ARM_GCC_484\Debug\waterControl.o
                0x00001778                setvar_dilutionFactorA
 .text.setvar_dilutionFactorB
                0x00001794       0x1c .\CortexM0\ARM_GCC_484\Debug\waterControl.o
                0x00001794                setvar_dilutionFactorB
 .text.setvar_venturiSuctionA
                0x000017b0       0x1c .\CortexM0\ARM_GCC_484\Debug\waterControl.o
                0x000017b0                setvar_venturiSuctionA
 .text.setvar_venturiSuctionB
                0x000017cc       0x1c .\CortexM0\ARM_GCC_484\Debug\waterControl.o
                0x000017cc                setvar_venturiSuctionB
 .text.setvar_squareMeters
                0x000017e8       0x1c .\CortexM0\ARM_GCC_484\Debug\waterControl.o
                0x000017e8                setvar_squareMeters
 .text.setvar_lPerSqMeterPerDay
                0x00001804       0x1c .\CortexM0\ARM_GCC_484\Debug\waterControl.o
                0x00001804                setvar_lPerSqMeterPerDay
 .text.setvar_cropType
                0x00001820       0x10 .\CortexM0\ARM_GCC_484\Debug\waterControl.o
                0x00001820                setvar_cropType
 .text.setvar_innerPressure
                0x00001830       0x10 .\CortexM0\ARM_GCC_484\Debug\waterControl.o
                0x00001830                setvar_innerPressure
 .text.setvar_outerPressure
                0x00001840       0x10 .\CortexM0\ARM_GCC_484\Debug\waterControl.o
                0x00001840                setvar_outerPressure
 .text.setvar_currentFlow
                0x00001850       0x10 .\CortexM0\ARM_GCC_484\Debug\waterControl.o
                0x00001850                setvar_currentFlow
 .text.setvar_totalVolume
                0x00001860       0x10 .\CortexM0\ARM_GCC_484\Debug\waterControl.o
                0x00001860                setvar_totalVolume
 .text.setvar_valveStatus
                0x00001870       0x10 .\CortexM0\ARM_GCC_484\Debug\waterControl.o
                0x00001870                setvar_valveStatus
 .text.setvar_lastStartNumber
                0x00001880       0x10 .\CortexM0\ARM_GCC_484\Debug\waterControl.o
                0x00001880                setvar_lastStartNumber
 .text.setvar_lastStartVolume
                0x00001890       0x10 .\CortexM0\ARM_GCC_484\Debug\waterControl.o
                0x00001890                setvar_lastStartVolume
 .text.setvar_lastStartFlow
                0x000018a0       0x10 .\CortexM0\ARM_GCC_484\Debug\waterControl.o
                0x000018a0                setvar_lastStartFlow
 .text.setvar_startTime
                0x000018b0       0x18 .\CortexM0\ARM_GCC_484\Debug\waterControl.o
                0x000018b0                setvar_startTime
 .text.setvar_stopTime
                0x000018c8       0x18 .\CortexM0\ARM_GCC_484\Debug\waterControl.o
                0x000018c8                setvar_stopTime
 .text.setvar_numStarts
                0x000018e0       0x18 .\CortexM0\ARM_GCC_484\Debug\waterControl.o
                0x000018e0                setvar_numStarts
 .text.setvar_volPerStart
                0x000018f8       0x18 .\CortexM0\ARM_GCC_484\Debug\waterControl.o
                0x000018f8                setvar_volPerStart
 .text.setvar_maxVol
                0x00001910       0x18 .\CortexM0\ARM_GCC_484\Debug\waterControl.o
                0x00001910                setvar_maxVol
 .text.setvar_minVol
                0x00001928       0x18 .\CortexM0\ARM_GCC_484\Debug\waterControl.o
                0x00001928                setvar_minVol
 .text.getvar_notBefore
                0x00001940       0x14 .\CortexM0\ARM_GCC_484\Debug\waterControl.o
                0x00001940                getvar_notBefore
 .text.getvar_notAfter
                0x00001954       0x14 .\CortexM0\ARM_GCC_484\Debug\waterControl.o
                0x00001954                getvar_notAfter
 .text.getvar_dilutionFactorA
                0x00001968       0x14 .\CortexM0\ARM_GCC_484\Debug\waterControl.o
                0x00001968                getvar_dilutionFactorA
 .text.getvar_dilutionFactorB
                0x0000197c       0x14 .\CortexM0\ARM_GCC_484\Debug\waterControl.o
                0x0000197c                getvar_dilutionFactorB
 .text.getvar_venturiSuctionA
                0x00001990       0x14 .\CortexM0\ARM_GCC_484\Debug\waterControl.o
                0x00001990                getvar_venturiSuctionA
 .text.getvar_venturiSuctionB
                0x000019a4       0x14 .\CortexM0\ARM_GCC_484\Debug\waterControl.o
                0x000019a4                getvar_venturiSuctionB
 .text.getvar_squareMeters
                0x000019b8       0x14 .\CortexM0\ARM_GCC_484\Debug\waterControl.o
                0x000019b8                getvar_squareMeters
 .text.getvar_lPerSqMeterPerDay
                0x000019cc       0x14 .\CortexM0\ARM_GCC_484\Debug\waterControl.o
                0x000019cc                getvar_lPerSqMeterPerDay
 .text.getvar_cropType
                0x000019e0       0x14 .\CortexM0\ARM_GCC_484\Debug\waterControl.o
                0x000019e0                getvar_cropType
 .text.getvar_innerPressure
                0x000019f4       0x14 .\CortexM0\ARM_GCC_484\Debug\waterControl.o
                0x000019f4                getvar_innerPressure
 .text.getvar_outerPressure
                0x00001a08       0x14 .\CortexM0\ARM_GCC_484\Debug\waterControl.o
                0x00001a08                getvar_outerPressure
 .text.getvar_currentFlow
                0x00001a1c       0x14 .\CortexM0\ARM_GCC_484\Debug\waterControl.o
                0x00001a1c                getvar_currentFlow
 .text.getvar_totalVolume
                0x00001a30       0x14 .\CortexM0\ARM_GCC_484\Debug\waterControl.o
                0x00001a30                getvar_totalVolume
 .text.getvar_valveStatus
                0x00001a44       0x14 .\CortexM0\ARM_GCC_484\Debug\waterControl.o
                0x00001a44                getvar_valveStatus
 .text.getvar_lastStartNumber
                0x00001a58       0x14 .\CortexM0\ARM_GCC_484\Debug\waterControl.o
                0x00001a58                getvar_lastStartNumber
 .text.getvar_lastStartVolume
                0x00001a6c       0x14 .\CortexM0\ARM_GCC_484\Debug\waterControl.o
                0x00001a6c                getvar_lastStartVolume
 .text.getvar_lastStartFlow
                0x00001a80       0x14 .\CortexM0\ARM_GCC_484\Debug\waterControl.o
                0x00001a80                getvar_lastStartFlow
 .text.getvar_startTime
                0x00001a94       0x14 .\CortexM0\ARM_GCC_484\Debug\waterControl.o
                0x00001a94                getvar_startTime
 .text.getvar_stopTime
                0x00001aa8       0x14 .\CortexM0\ARM_GCC_484\Debug\waterControl.o
                0x00001aa8                getvar_stopTime
 .text.getvar_numStarts
                0x00001abc       0x14 .\CortexM0\ARM_GCC_484\Debug\waterControl.o
                0x00001abc                getvar_numStarts
 .text.getvar_volPerStart
                0x00001ad0       0x14 .\CortexM0\ARM_GCC_484\Debug\waterControl.o
                0x00001ad0                getvar_volPerStart
 .text.getvar_maxVol
                0x00001ae4       0x14 .\CortexM0\ARM_GCC_484\Debug\waterControl.o
                0x00001ae4                getvar_maxVol
 .text.getvar_minVol
                0x00001af8       0x14 .\CortexM0\ARM_GCC_484\Debug\waterControl.o
                0x00001af8                getvar_minVol
 .text.comm_GenerateInfo
                0x00001b0c      0x3c8 .\CortexM0\ARM_GCC_484\Debug\waterControl.o
                0x00001b0c                comm_GenerateInfo
 .text.fsmIfaceWaterControl_setExpTime
                0x00001ed4       0x80 .\CortexM0\ARM_GCC_484\Debug\waterControl.o
                0x00001ed4                fsmIfaceWaterControl_setExpTime
 .text.fsmIfaceWaterControl_getOpMode
                0x00001f54       0x94 .\CortexM0\ARM_GCC_484\Debug\waterControl.o
                0x00001f54                fsmIfaceWaterControl_getOpMode
 .text.fsmIfaceWaterControl_getCurrentVolume
                0x00001fe8       0x18 .\CortexM0\ARM_GCC_484\Debug\waterControl.o
                0x00001fe8                fsmIfaceWaterControl_getCurrentVolume
 .text.fsmIfaceWaterControl_getMaxVolume
                0x00002000       0x10 .\CortexM0\ARM_GCC_484\Debug\waterControl.o
                0x00002000                fsmIfaceWaterControl_getMaxVolume
 .text.fsmIfaceWaterControl_valveOn
                0x00002010       0x14 .\CortexM0\ARM_GCC_484\Debug\waterControl.o
                0x00002010                fsmIfaceWaterControl_valveOn
 .text.fsmIfaceWaterControl_valveOff
                0x00002024       0x1c .\CortexM0\ARM_GCC_484\Debug\waterControl.o
                0x00002024                fsmIfaceWaterControl_valveOff
 .text.fsmIfaceWaterControl_sendStats
                0x00002040       0x1c .\CortexM0\ARM_GCC_484\Debug\waterControl.o
                0x00002040                fsmIfaceWaterControl_sendStats
 .text.IntDefaultHandler
                0x0000205c        0x8 .\CortexM0\ARM_GCC_484\Debug\Cm0Start.o
                0x0000205c                IntDefaultHandler
 .text.Start_c  0x00002064       0x98 .\CortexM0\ARM_GCC_484\Debug\Cm0Start.o
                0x00002064                Start_c
 .text.initialize_psoc
                0x000020fc       0x64 .\CortexM0\ARM_GCC_484\Debug\Cm0Start.o
                0x000020fc                initialize_psoc
 .text.CYMEMZERO
                0x00002160       0x20 .\CortexM0\ARM_GCC_484\Debug\Atom.a(cyfitter_cfg.o)
 .text.cfg_write_bytes32
                0x00002180       0x80 .\CortexM0\ARM_GCC_484\Debug\Atom.a(cyfitter_cfg.o)
 .text.AnalogSetDefault
                0x00002200       0x24 .\CortexM0\ARM_GCC_484\Debug\Atom.a(cyfitter_cfg.o)
 .text.SetAnalogRoutingPumps
                0x00002224       0x40 .\CortexM0\ARM_GCC_484\Debug\Atom.a(cyfitter_cfg.o)
                0x00002224                SetAnalogRoutingPumps
 .text.UART_Init
                0x00002264        0xc .\CortexM0\ARM_GCC_484\Debug\Atom.a(UART.o)
                0x00002264                UART_Init
 .text.UART_Enable
                0x00002270       0x24 .\CortexM0\ARM_GCC_484\Debug\Atom.a(UART.o)
                0x00002270                UART_Enable
 .text.UART_Start
                0x00002294       0x24 .\CortexM0\ARM_GCC_484\Debug\Atom.a(UART.o)
                0x00002294                UART_Start
 .text.UART_Stop
                0x000022b8       0x28 .\CortexM0\ARM_GCC_484\Debug\Atom.a(UART.o)
                0x000022b8                UART_Stop
 .text.UART_ScbEnableIntr
                0x000022e0        0x8 .\CortexM0\ARM_GCC_484\Debug\Atom.a(UART.o)
 .text.UART_ScbModePostEnable
                0x000022e8        0xc .\CortexM0\ARM_GCC_484\Debug\Atom.a(UART.o)
 .text.UART_ScbModeStop
                0x000022f4        0xc .\CortexM0\ARM_GCC_484\Debug\Atom.a(UART.o)
 .text.UART_SpiUartWriteTxData
                0x00002300       0x2c .\CortexM0\ARM_GCC_484\Debug\Atom.a(UART_SPI_UART.o)
                0x00002300                UART_SpiUartWriteTxData
 .text.UART_UartInit
                0x0000232c       0xa8 .\CortexM0\ARM_GCC_484\Debug\Atom.a(UART_UART.o)
                0x0000232c                UART_UartInit
 .text.UART_UartPostEnable
                0x000023d4       0x24 .\CortexM0\ARM_GCC_484\Debug\Atom.a(UART_UART.o)
                0x000023d4                UART_UartPostEnable
 .text.UART_UartStop
                0x000023f8       0x1c .\CortexM0\ARM_GCC_484\Debug\Atom.a(UART_UART.o)
                0x000023f8                UART_UartStop
 .text.UART_UartPutString
                0x00002414       0x34 .\CortexM0\ARM_GCC_484\Debug\Atom.a(UART_UART.o)
                0x00002414                UART_UartPutString
 .text.isr_WDT_StartEx
                0x00002448       0x24 .\CortexM0\ARM_GCC_484\Debug\Atom.a(isr_WDT.o)
                0x00002448                isr_WDT_StartEx
 .text.isr_WDT_SetVector
                0x0000246c       0x18 .\CortexM0\ARM_GCC_484\Debug\Atom.a(isr_WDT.o)
                0x0000246c                isr_WDT_SetVector
 .text.isr_WDT_SetPriority
                0x00002484       0x50 .\CortexM0\ARM_GCC_484\Debug\Atom.a(isr_WDT.o)
                0x00002484                isr_WDT_SetPriority
 .text.isr_WDT_Enable
                0x000024d4       0x14 .\CortexM0\ARM_GCC_484\Debug\Atom.a(isr_WDT.o)
                0x000024d4                isr_WDT_Enable
 .text.isr_WDT_Disable
                0x000024e8       0x14 .\CortexM0\ARM_GCC_484\Debug\Atom.a(isr_WDT.o)
                0x000024e8                isr_WDT_Disable
 *fill*         0x000024fc        0x4 
 .text          0x00002500       0x28 .\CortexM0\ARM_GCC_484\Debug\Atom.a(CyBootAsmGnu.o)
                0x00002500                CyDelayCycles
                0x00002514                CyEnterCriticalSection
                0x0000251c                CyExitCriticalSection
 .text.CySysClkWriteSysclkDiv
                0x00002528       0x44 .\CortexM0\ARM_GCC_484\Debug\Atom.a(CyLib.o)
                0x00002528                CySysClkWriteSysclkDiv
 .text.CySysClkWriteImoFreq
                0x0000256c      0x1e0 .\CortexM0\ARM_GCC_484\Debug\Atom.a(CyLib.o)
                0x0000256c                CySysClkWriteImoFreq
 .text.CyIntSetSysVector
                0x0000274c       0x48 .\CortexM0\ARM_GCC_484\Debug\Atom.a(CyLib.o)
                0x0000274c                CyIntSetSysVector
 .text.CyIntSetVector
                0x00002794       0x4c .\CortexM0\ARM_GCC_484\Debug\Atom.a(CyLib.o)
                0x00002794                CyIntSetVector
 .text.CyIntSetPriority
                0x000027e0       0xa8 .\CortexM0\ARM_GCC_484\Debug\Atom.a(CyLib.o)
                0x000027e0                CyIntSetPriority
 .text.CyIntEnable
                0x00002888       0x2c .\CortexM0\ARM_GCC_484\Debug\Atom.a(CyLib.o)
                0x00002888                CyIntEnable
 .text.CyIntDisable
                0x000028b4       0x2c .\CortexM0\ARM_GCC_484\Debug\Atom.a(CyLib.o)
                0x000028b4                CyIntDisable
 .text.CyIntClearPending
                0x000028e0       0x2c .\CortexM0\ARM_GCC_484\Debug\Atom.a(CyLib.o)
                0x000028e0                CyIntClearPending
 .text.CyHalt   0x0000290c       0x14 .\CortexM0\ARM_GCC_484\Debug\Atom.a(CyLib.o)
                0x0000290c                CyHalt
 .text.CyDelayUs
                0x00002920       0x28 .\CortexM0\ARM_GCC_484\Debug\Atom.a(CyLib.o)
                0x00002920                CyDelayUs
 .text.CySysPmSleep
                0x00002948       0x34 .\CortexM0\ARM_GCC_484\Debug\Atom.a(cyPm.o)
                0x00002948                CySysPmSleep
 .text.CySysPmDeepSleep
                0x0000297c       0x8c .\CortexM0\ARM_GCC_484\Debug\Atom.a(cyPm.o)
                0x0000297c                CySysPmDeepSleep
 .text.str2flag
                0x00002a08       0xac .\CortexM0\ARM_GCC_484\Debug\Atom.a(comm.o)
 .text.flag2str
                0x00002ab4      0x104 .\CortexM0\ARM_GCC_484\Debug\Atom.a(comm.o)
 .text.get_atom_variable_id_from_string
                0x00002bb8      0x418 .\CortexM0\ARM_GCC_484\Debug\Atom.a(comm.o)
 .text.get_atom_mode_from_string
                0x00002fd0       0x88 .\CortexM0\ARM_GCC_484\Debug\Atom.a(comm.o)
 .text.compKey  0x00003058       0x48 .\CortexM0\ARM_GCC_484\Debug\Atom.a(comm.o)
 .text.skipToNextTokenInLevel
                0x000030a0       0x5c .\CortexM0\ARM_GCC_484\Debug\Atom.a(comm.o)
 .text.resp_GenDestSrcOrder
                0x000030fc      0x148 .\CortexM0\ARM_GCC_484\Debug\Atom.a(comm.o)
 .text.resp_AddFlags
                0x00003244       0x90 .\CortexM0\ARM_GCC_484\Debug\Atom.a(comm.o)
                0x00003244                resp_AddFlags
 .text.validateDestinationAndParse
                0x000032d4      0x410 .\CortexM0\ARM_GCC_484\Debug\Atom.a(comm.o)
                0x000032d4                validateDestinationAndParse
 .text.comm_handle_Get
                0x000036e4      0xc08 .\CortexM0\ARM_GCC_484\Debug\Atom.a(comm.o)
                0x000036e4                comm_handle_Get
 .text.comm_handle_Set
                0x000042ec      0x8bc .\CortexM0\ARM_GCC_484\Debug\Atom.a(comm.o)
                0x000042ec                comm_handle_Set
 .text.comm_handle_Info
                0x00004ba8       0x90 .\CortexM0\ARM_GCC_484\Debug\Atom.a(comm.o)
                0x00004ba8                comm_handle_Info
 .text.comm_handle_Status
                0x00004c38       0x90 .\CortexM0\ARM_GCC_484\Debug\Atom.a(comm.o)
                0x00004c38                comm_handle_Status
 .text.comm_handle_Mode
                0x00004cc8       0xb8 .\CortexM0\ARM_GCC_484\Debug\Atom.a(comm.o)
                0x00004cc8                comm_handle_Mode
 .text.jsonAddressToRS
                0x00004d80       0x30 .\CortexM0\ARM_GCC_484\Debug\Atom.a(comm.o)
 .text.rs485_selected_as_slave_callback
                0x00004db0       0x20 .\CortexM0\ARM_GCC_484\Debug\Atom.a(comm.o)
                0x00004db0                rs485_selected_as_slave_callback
 .text.rs485_released_as_slave_callback
                0x00004dd0       0x28 .\CortexM0\ARM_GCC_484\Debug\Atom.a(comm.o)
                0x00004dd0                rs485_released_as_slave_callback
 .text.rs485_receive_callback
                0x00004df8       0x2c .\CortexM0\ARM_GCC_484\Debug\Atom.a(comm.o)
                0x00004df8                rs485_receive_callback
 .text.rs485_wake_callback
                0x00004e24       0x24 .\CortexM0\ARM_GCC_484\Debug\Atom.a(comm.o)
                0x00004e24                rs485_wake_callback
 .text.rs485_bus_granted_callback
                0x00004e48       0x18 .\CortexM0\ARM_GCC_484\Debug\Atom.a(comm.o)
                0x00004e48                rs485_bus_granted_callback
 .text.rs485_slave_selected_callback
                0x00004e60       0x18 .\CortexM0\ARM_GCC_484\Debug\Atom.a(comm.o)
                0x00004e60                rs485_slave_selected_callback
 .text.rs485_slave_released_callback
                0x00004e78       0x18 .\CortexM0\ARM_GCC_484\Debug\Atom.a(comm.o)
                0x00004e78                rs485_slave_released_callback
 .text.rs485_bus_released_callback
                0x00004e90       0x18 .\CortexM0\ARM_GCC_484\Debug\Atom.a(comm.o)
                0x00004e90                rs485_bus_released_callback
 .text.comm_Init
                0x00004ea8       0x78 .\CortexM0\ARM_GCC_484\Debug\Atom.a(comm.o)
                0x00004ea8                comm_Init
 .text.comm_ScheduleMessage
                0x00004f20       0x84 .\CortexM0\ARM_GCC_484\Debug\Atom.a(comm.o)
                0x00004f20                comm_ScheduleMessage
 .text.rs485_frame_sent_callback
                0x00004fa4       0x60 .\CortexM0\ARM_GCC_484\Debug\Atom.a(comm.o)
                0x00004fa4                rs485_frame_sent_callback
 .text.comm_Handler
                0x00005004      0x5c0 .\CortexM0\ARM_GCC_484\Debug\Atom.a(comm.o)
                0x00005004                comm_Handler
 .text.LED_Write
                0x000055c4       0x4c .\CortexM0\ARM_GCC_484\Debug\Atom.a(LED.o)
                0x000055c4                LED_Write
 .text.LED_Read
                0x00005610       0x1c .\CortexM0\ARM_GCC_484\Debug\Atom.a(LED.o)
                0x00005610                LED_Read
 .text.dispatchReceivedByteInMasterOp
                0x0000562c       0xb0 .\CortexM0\ARM_GCC_484\Debug\Atom.a(comm_RS485.o)
 .text.dispatchReceivedByteInSlaveOp
                0x000056dc       0xd0 .\CortexM0\ARM_GCC_484\Debug\Atom.a(comm_RS485.o)
 .text.comm_RS485_Uart_isr
                0x000057ac      0x3e0 .\CortexM0\ARM_GCC_484\Debug\Atom.a(comm_RS485.o)
                0x000057ac                comm_RS485_Uart_isr
 .text.comm_RS485_Wake_isr
                0x00005b8c       0xc0 .\CortexM0\ARM_GCC_484\Debug\Atom.a(comm_RS485.o)
                0x00005b8c                comm_RS485_Wake_isr
 .text.comm_RS485_Timeout_isr
                0x00005c4c       0x9c .\CortexM0\ARM_GCC_484\Debug\Atom.a(comm_RS485.o)
                0x00005c4c                comm_RS485_Timeout_isr
 .text.comm_RS485_Init
                0x00005ce8       0x7c .\CortexM0\ARM_GCC_484\Debug\Atom.a(comm_RS485.o)
                0x00005ce8                comm_RS485_Init
 .text.comm_RS485_SetCallbackOnWake
                0x00005d64       0x18 .\CortexM0\ARM_GCC_484\Debug\Atom.a(comm_RS485.o)
                0x00005d64                comm_RS485_SetCallbackOnWake
 .text.comm_RS485_SetCallbackOnSelectedAsSlave
                0x00005d7c       0x18 .\CortexM0\ARM_GCC_484\Debug\Atom.a(comm_RS485.o)
                0x00005d7c                comm_RS485_SetCallbackOnSelectedAsSlave
 .text.comm_RS485_SetCallbackOnReleasedAsSlave
                0x00005d94       0x18 .\CortexM0\ARM_GCC_484\Debug\Atom.a(comm_RS485.o)
                0x00005d94                comm_RS485_SetCallbackOnReleasedAsSlave
 .text.comm_RS485_SetCallbackOnSlaveReceive
                0x00005dac       0x34 .\CortexM0\ARM_GCC_484\Debug\Atom.a(comm_RS485.o)
                0x00005dac                comm_RS485_SetCallbackOnSlaveReceive
 .text.comm_RS485_SetCallbackOnMasterReceive
                0x00005de0       0x34 .\CortexM0\ARM_GCC_484\Debug\Atom.a(comm_RS485.o)
                0x00005de0                comm_RS485_SetCallbackOnMasterReceive
 .text.comm_RS485_SendFrame
                0x00005e14       0x90 .\CortexM0\ARM_GCC_484\Debug\Atom.a(comm_RS485.o)
                0x00005e14                comm_RS485_SendFrame
 .text.comm_RS485_RequestBus
                0x00005ea4       0x2c .\CortexM0\ARM_GCC_484\Debug\Atom.a(comm_RS485.o)
                0x00005ea4                comm_RS485_RequestBus
 .text.comm_RS485_SelectSlave
                0x00005ed0       0x88 .\CortexM0\ARM_GCC_484\Debug\Atom.a(comm_RS485.o)
                0x00005ed0                comm_RS485_SelectSlave
 .text.comm_RS485_ReleaseSlave
                0x00005f58       0x80 .\CortexM0\ARM_GCC_484\Debug\Atom.a(comm_RS485.o)
                0x00005f58                comm_RS485_ReleaseSlave
 .text.comm_RS485_ReleaseBus
                0x00005fd8       0x7c .\CortexM0\ARM_GCC_484\Debug\Atom.a(comm_RS485.o)
                0x00005fd8                comm_RS485_ReleaseBus
 .text.conv_i2str
                0x00006054       0xd4 .\CortexM0\ARM_GCC_484\Debug\Atom.a(comm_conv.o)
                0x00006054                conv_i2str
 .text.conv_s2str
                0x00006128       0x6c .\CortexM0\ARM_GCC_484\Debug\Atom.a(comm_conv.o)
                0x00006128                conv_s2str
 .text.conv_str2i
                0x00006194       0x64 .\CortexM0\ARM_GCC_484\Debug\Atom.a(comm_conv.o)
                0x00006194                conv_str2i
 .text.conv_str2s
                0x000061f8       0x30 .\CortexM0\ARM_GCC_484\Debug\Atom.a(comm_conv.o)
                0x000061f8                conv_str2s
 .text.jsmn_alloc_token
                0x00006228       0x4c .\CortexM0\ARM_GCC_484\Debug\Atom.a(comm_jsmn.o)
 .text.jsmn_fill_token
                0x00006274       0x38 .\CortexM0\ARM_GCC_484\Debug\Atom.a(comm_jsmn.o)
 .text.jsmn_parse_primitive
                0x000062ac       0xf4 .\CortexM0\ARM_GCC_484\Debug\Atom.a(comm_jsmn.o)
 .text.jsmn_parse_string
                0x000063a0      0x1ac .\CortexM0\ARM_GCC_484\Debug\Atom.a(comm_jsmn.o)
 .text.jsmn_parse
                0x0000654c      0x32c .\CortexM0\ARM_GCC_484\Debug\Atom.a(comm_jsmn.o)
                0x0000654c                jsmn_parse
 .text.jsmn_init
                0x00006878       0x24 .\CortexM0\ARM_GCC_484\Debug\Atom.a(comm_jsmn.o)
                0x00006878                jsmn_init
 .text.comm_RS485_UART_Init
                0x0000689c        0xc .\CortexM0\ARM_GCC_484\Debug\Atom.a(comm_RS485_UART.o)
                0x0000689c                comm_RS485_UART_Init
 .text.comm_RS485_UART_Enable
                0x000068a8       0x20 .\CortexM0\ARM_GCC_484\Debug\Atom.a(comm_RS485_UART.o)
                0x000068a8                comm_RS485_UART_Enable
 .text.comm_RS485_UART_Start
                0x000068c8       0x24 .\CortexM0\ARM_GCC_484\Debug\Atom.a(comm_RS485_UART.o)
                0x000068c8                comm_RS485_UART_Start
 .text.comm_RS485_UART_Stop
                0x000068ec       0x28 .\CortexM0\ARM_GCC_484\Debug\Atom.a(comm_RS485_UART.o)
                0x000068ec                comm_RS485_UART_Stop
 .text.comm_RS485_UART_SetCustomInterruptHandler
                0x00006914       0x18 .\CortexM0\ARM_GCC_484\Debug\Atom.a(comm_RS485_UART.o)
                0x00006914                comm_RS485_UART_SetCustomInterruptHandler
 .text.comm_RS485_UART_ScbEnableIntr
                0x0000692c       0x10 .\CortexM0\ARM_GCC_484\Debug\Atom.a(comm_RS485_UART.o)
 .text.comm_RS485_UART_ScbModeStop
                0x0000693c        0x8 .\CortexM0\ARM_GCC_484\Debug\Atom.a(comm_RS485_UART.o)
 .text.comm_RS485_UART_SpiUartClearRxBuffer
                0x00006944       0x2c .\CortexM0\ARM_GCC_484\Debug\Atom.a(comm_RS485_UART_SPI_UART.o)
                0x00006944                comm_RS485_UART_SpiUartClearRxBuffer
 .text.comm_RS485_UART_Sleep
                0x00006970       0x2c .\CortexM0\ARM_GCC_484\Debug\Atom.a(comm_RS485_UART_PM.o)
                0x00006970                comm_RS485_UART_Sleep
 .text.comm_RS485_UART_Wakeup
                0x0000699c       0x18 .\CortexM0\ARM_GCC_484\Debug\Atom.a(comm_RS485_UART_PM.o)
                0x0000699c                comm_RS485_UART_Wakeup
 .text.comm_RS485_UART_UartInit
                0x000069b4       0xcc .\CortexM0\ARM_GCC_484\Debug\Atom.a(comm_RS485_UART_UART.o)
                0x000069b4                comm_RS485_UART_UartInit
 .text.comm_RS485_UART_UartSetRxAddress
                0x00006a80       0x34 .\CortexM0\ARM_GCC_484\Debug\Atom.a(comm_RS485_UART_UART.o)
                0x00006a80                comm_RS485_UART_UartSetRxAddress
 .text.comm_RS485_UART_UartSetRxAddressMask
                0x00006ab4       0x34 .\CortexM0\ARM_GCC_484\Debug\Atom.a(comm_RS485_UART_UART.o)
                0x00006ab4                comm_RS485_UART_UartSetRxAddressMask
 .text.comm_RS485_WAKE_ReadDataReg
                0x00006ae8       0x1c .\CortexM0\ARM_GCC_484\Debug\Atom.a(comm_RS485_WAKE.o)
                0x00006ae8                comm_RS485_WAKE_ReadDataReg
 .text.comm_RS485_WAKE_ClearInterrupt
                0x00006b04       0x30 .\CortexM0\ARM_GCC_484\Debug\Atom.a(comm_RS485_WAKE.o)
                0x00006b04                comm_RS485_WAKE_ClearInterrupt
 .text.comm_RS485_isr_WAKE_StartEx
                0x00006b34       0x24 .\CortexM0\ARM_GCC_484\Debug\Atom.a(comm_RS485_isr_WAKE.o)
                0x00006b34                comm_RS485_isr_WAKE_StartEx
 .text.comm_RS485_isr_WAKE_SetVector
                0x00006b58       0x18 .\CortexM0\ARM_GCC_484\Debug\Atom.a(comm_RS485_isr_WAKE.o)
                0x00006b58                comm_RS485_isr_WAKE_SetVector
 .text.comm_RS485_isr_WAKE_SetPriority
                0x00006b70       0x50 .\CortexM0\ARM_GCC_484\Debug\Atom.a(comm_RS485_isr_WAKE.o)
                0x00006b70                comm_RS485_isr_WAKE_SetPriority
 .text.comm_RS485_isr_WAKE_Enable
                0x00006bc0       0x14 .\CortexM0\ARM_GCC_484\Debug\Atom.a(comm_RS485_isr_WAKE.o)
                0x00006bc0                comm_RS485_isr_WAKE_Enable
 .text.comm_RS485_isr_WAKE_Disable
                0x00006bd4       0x14 .\CortexM0\ARM_GCC_484\Debug\Atom.a(comm_RS485_isr_WAKE.o)
                0x00006bd4                comm_RS485_isr_WAKE_Disable
 .text.comm_RS485_isr_Timeout_StartEx
                0x00006be8       0x24 .\CortexM0\ARM_GCC_484\Debug\Atom.a(comm_RS485_isr_Timeout.o)
                0x00006be8                comm_RS485_isr_Timeout_StartEx
 .text.comm_RS485_isr_Timeout_SetVector
                0x00006c0c       0x18 .\CortexM0\ARM_GCC_484\Debug\Atom.a(comm_RS485_isr_Timeout.o)
                0x00006c0c                comm_RS485_isr_Timeout_SetVector
 .text.comm_RS485_isr_Timeout_SetPriority
                0x00006c24       0x50 .\CortexM0\ARM_GCC_484\Debug\Atom.a(comm_RS485_isr_Timeout.o)
                0x00006c24                comm_RS485_isr_Timeout_SetPriority
 .text.comm_RS485_isr_Timeout_Enable
                0x00006c74       0x14 .\CortexM0\ARM_GCC_484\Debug\Atom.a(comm_RS485_isr_Timeout.o)
                0x00006c74                comm_RS485_isr_Timeout_Enable
 .text.comm_RS485_isr_Timeout_Disable
                0x00006c88       0x14 .\CortexM0\ARM_GCC_484\Debug\Atom.a(comm_RS485_isr_Timeout.o)
                0x00006c88                comm_RS485_isr_Timeout_Disable
 .text.comm_RS485_Timeout_Init
                0x00006c9c       0x14 .\CortexM0\ARM_GCC_484\Debug\Atom.a(comm_RS485_Timeout.o)
                0x00006c9c                comm_RS485_Timeout_Init
 .text.comm_RS485_Timeout_Enable
                0x00006cb0       0x34 .\CortexM0\ARM_GCC_484\Debug\Atom.a(comm_RS485_Timeout.o)
                0x00006cb0                comm_RS485_Timeout_Enable
 .text.comm_RS485_Timeout_Start
                0x00006ce4       0x24 .\CortexM0\ARM_GCC_484\Debug\Atom.a(comm_RS485_Timeout.o)
                0x00006ce4                comm_RS485_Timeout_Start
 .text.comm_RS485_Timeout_Stop
                0x00006d08       0x34 .\CortexM0\ARM_GCC_484\Debug\Atom.a(comm_RS485_Timeout.o)
                0x00006d08                comm_RS485_Timeout_Stop
 .text.comm_RS485_Timeout_WriteCounter
                0x00006d3c       0x24 .\CortexM0\ARM_GCC_484\Debug\Atom.a(comm_RS485_Timeout.o)
                0x00006d3c                comm_RS485_Timeout_WriteCounter
 .text.comm_RS485_Timeout_SaveConfig
                0x00006d60       0x1c .\CortexM0\ARM_GCC_484\Debug\Atom.a(comm_RS485_Timeout_PM.o)
                0x00006d60                comm_RS485_Timeout_SaveConfig
 .text.comm_RS485_Timeout_Sleep
                0x00006d7c       0x34 .\CortexM0\ARM_GCC_484\Debug\Atom.a(comm_RS485_Timeout_PM.o)
                0x00006d7c                comm_RS485_Timeout_Sleep
 .text.comm_RS485_Timeout_RestoreConfig
                0x00006db0       0x18 .\CortexM0\ARM_GCC_484\Debug\Atom.a(comm_RS485_Timeout_PM.o)
                0x00006db0                comm_RS485_Timeout_RestoreConfig
 .text.comm_RS485_Timeout_Wakeup
                0x00006dc8       0x1c .\CortexM0\ARM_GCC_484\Debug\Atom.a(comm_RS485_Timeout_PM.o)
                0x00006dc8                comm_RS485_Timeout_Wakeup
 .text.CySysClkIloStart
                0x00006de4       0x1c .\CortexM0\ARM_GCC_484\Debug\Atom.a(CyLFClk.o)
                0x00006de4                CySysClkIloStart
 .text.CySysWdtLock
                0x00006e00       0x34 .\CortexM0\ARM_GCC_484\Debug\Atom.a(CyLFClk.o)
                0x00006e00                CySysWdtLock
 .text.CySysWdtLocked
                0x00006e34       0x20 .\CortexM0\ARM_GCC_484\Debug\Atom.a(CyLFClk.o)
 .text.CySysWdtUnlock
                0x00006e54       0x4c .\CortexM0\ARM_GCC_484\Debug\Atom.a(CyLFClk.o)
                0x00006e54                CySysWdtUnlock
 .text.CySysWdtGetEnabledStatus
                0x00006ea0       0x30 .\CortexM0\ARM_GCC_484\Debug\Atom.a(CyLFClk.o)
                0x00006ea0                CySysWdtGetEnabledStatus
 .text.CySysWdtSetMode
                0x00006ed0       0x60 .\CortexM0\ARM_GCC_484\Debug\Atom.a(CyLFClk.o)
                0x00006ed0                CySysWdtSetMode
 .text.CySysWdtSetClearOnMatch
                0x00006f30       0x70 .\CortexM0\ARM_GCC_484\Debug\Atom.a(CyLFClk.o)
                0x00006f30                CySysWdtSetClearOnMatch
 .text.CySysWdtEnable
                0x00006fa0       0x68 .\CortexM0\ARM_GCC_484\Debug\Atom.a(CyLFClk.o)
                0x00006fa0                CySysWdtEnable
 .text.CySysWdtDisable
                0x00007008       0x70 .\CortexM0\ARM_GCC_484\Debug\Atom.a(CyLFClk.o)
                0x00007008                CySysWdtDisable
 .text.CySysWdtSetCascade
                0x00007078       0x58 .\CortexM0\ARM_GCC_484\Debug\Atom.a(CyLFClk.o)
                0x00007078                CySysWdtSetCascade
 .text.CySysWdtSetMatch
                0x000070d0       0x6c .\CortexM0\ARM_GCC_484\Debug\Atom.a(CyLFClk.o)
                0x000070d0                CySysWdtSetMatch
 .text.CySysWdtGetMatch
                0x0000713c       0x44 .\CortexM0\ARM_GCC_484\Debug\Atom.a(CyLFClk.o)
                0x0000713c                CySysWdtGetMatch
 .text.CySysWdtClearInterrupt
                0x00007180       0x70 .\CortexM0\ARM_GCC_484\Debug\Atom.a(CyLFClk.o)
                0x00007180                CySysWdtClearInterrupt
 .text.CySysWdtResetCounters
                0x000071f0       0x34 .\CortexM0\ARM_GCC_484\Debug\Atom.a(CyLFClk.o)
                0x000071f0                CySysWdtResetCounters
 .text.comm_RS485_UART_SPI_UART_ISR
                0x00007224       0x1c .\CortexM0\ARM_GCC_484\Debug\Atom.a(comm_RS485_UART_SPI_UART_INT.o)
                0x00007224                comm_RS485_UART_SPI_UART_ISR
 .text          0x00007240       0xc0 c:/program files (x86)/cypress/psoc creator/3.2/psoc creator/import/gnu/arm/4.8.4/bin/../lib/gcc/arm-none-eabi/4.8.4/armv6-m\libgcc.a(_divsi3.o)
                0x00007240                __divsi3
                0x00007240                __aeabi_idiv
                0x000072ec                __aeabi_idivmod
 .text          0x00007300        0x4 c:/program files (x86)/cypress/psoc creator/3.2/psoc creator/import/gnu/arm/4.8.4/bin/../lib/gcc/arm-none-eabi/4.8.4/armv6-m\libgcc.a(_dvmd_tls.o)
                0x00007300                __aeabi_idiv0
                0x00007300                __aeabi_ldiv0
 .text.__libc_init_array
                0x00007304       0x4c c:/program files (x86)/cypress/psoc creator/3.2/psoc creator/import/gnu/arm/4.8.4/bin/../lib/gcc/arm-none-eabi/4.8.4/../../../../arm-none-eabi/lib/armv6-m\libg_s.a(lib_a-init.o)
                0x00007304                __libc_init_array
 .text.memcpy   0x00007350       0x12 c:/program files (x86)/cypress/psoc creator/3.2/psoc creator/import/gnu/arm/4.8.4/bin/../lib/gcc/arm-none-eabi/4.8.4/../../../../arm-none-eabi/lib/armv6-m\libg_s.a(lib_a-memcpy-stub.o)
                0x00007350                memcpy
 .text.memset   0x00007362       0x10 c:/program files (x86)/cypress/psoc creator/3.2/psoc creator/import/gnu/arm/4.8.4/bin/../lib/gcc/arm-none-eabi/4.8.4/../../../../arm-none-eabi/lib/armv6-m\libg_s.a(lib_a-memset.o)
                0x00007362                memset
 .text.strncmp  0x00007372       0x2c c:/program files (x86)/cypress/psoc creator/3.2/psoc creator/import/gnu/arm/4.8.4/bin/../lib/gcc/arm-none-eabi/4.8.4/../../../../arm-none-eabi/lib/armv6-m\libg_s.a(lib_a-strncmp.o)
                0x00007372                strncmp
 *(.plt)
 *(.gnu.warning)
 *(.glue_7t)
 .glue_7t       0x00000000        0x0 linker stubs
 *(.glue_7)
 .glue_7        0x00000000        0x0 linker stubs
 *(.vfp11_veneer)
 .vfp11_veneer  0x00000000        0x0 linker stubs
 *(.bootloader)
 *(.ARM.extab* .gnu.linkonce.armextab.*)
 *(.gcc_except_table)

.v4_bx          0x000073a0        0x0
 .v4_bx         0x00000000        0x0 linker stubs

.iplt           0x000073a0        0x0
 .iplt          0x00000000        0x0 c:/program files (x86)/cypress/psoc creator/3.2/psoc creator/import/gnu/arm/4.8.4/bin/../lib/gcc/arm-none-eabi/4.8.4/armv6-m/crtbegin.o

.eh_frame_hdr
 *(.eh_frame_hdr)

.eh_frame       0x000073a0        0x4
 *(.eh_frame)
 .eh_frame      0x000073a0        0x0 c:/program files (x86)/cypress/psoc creator/3.2/psoc creator/import/gnu/arm/4.8.4/bin/../lib/gcc/arm-none-eabi/4.8.4/armv6-m/crtbegin.o
 .eh_frame      0x000073a0        0x4 c:/program files (x86)/cypress/psoc creator/3.2/psoc creator/import/gnu/arm/4.8.4/bin/../lib/gcc/arm-none-eabi/4.8.4/armv6-m/crtend.o
                0x000073a4                PROVIDE (__exidx_start, .)

.ARM.exidx
 *(.ARM.exidx* .gnu.linkonce.armexidx.*)
                0x000073a4                __exidx_end = .

.rodata         0x000073a4     0x1104
 *(.rodata .rodata.* .gnu.linkonce.r.*)
 .rodata        0x000073a4       0x10 .\CortexM0\ARM_GCC_484\Debug\main.o
 .rodata        0x000073b4      0x13c .\CortexM0\ARM_GCC_484\Debug\Fsm.o
 .rodata        0x000074f0      0x17c .\CortexM0\ARM_GCC_484\Debug\waterControl.o
 .rodata        0x0000766c      0x128 .\CortexM0\ARM_GCC_484\Debug\Atom.a(cyfitter_cfg.o)
 .rodata        0x00007794       0x30 .\CortexM0\ARM_GCC_484\Debug\Atom.a(CyLib.o)
                0x00007794                cyImoFreqMhz2Reg
 .rodata        0x000077c4      0xb3c .\CortexM0\ARM_GCC_484\Debug\Atom.a(comm.o)
 .rodata        0x00008300       0x20 .\CortexM0\ARM_GCC_484\Debug\Atom.a(comm_RS485.o)
 .rodata        0x00008320      0x150 .\CortexM0\ARM_GCC_484\Debug\Atom.a(comm_jsmn.o)
                0x00008470                . = ALIGN (0x4)
 *(.init)
 .init          0x00008470        0x4 c:/program files (x86)/cypress/psoc creator/3.2/psoc creator/import/gnu/arm/4.8.4/bin/../lib/gcc/arm-none-eabi/4.8.4/armv6-m/crti.o
                0x00008470                _init
 .init          0x00008474        0x8 c:/program files (x86)/cypress/psoc creator/3.2/psoc creator/import/gnu/arm/4.8.4/bin/../lib/gcc/arm-none-eabi/4.8.4/armv6-m/crtn.o
                0x0000847c                . = ALIGN (0x4)
                0x0000847c                __preinit_array_start = .
 *(.preinit_array)
                0x0000847c                __preinit_array_end = .
                0x0000847c                . = ALIGN (0x4)
                0x0000847c                __init_array_start = .
 *(SORT(.init_array.*))
 *(.init_array)
 .init_array    0x0000847c        0x4 c:/program files (x86)/cypress/psoc creator/3.2/psoc creator/import/gnu/arm/4.8.4/bin/../lib/gcc/arm-none-eabi/4.8.4/armv6-m/crtbegin.o
 .init_array    0x00008480        0x4 .\CortexM0\ARM_GCC_484\Debug\Cm0Start.o
                0x00008484                __init_array_end = .
                0x00008484                . = ALIGN (0x4)
 *(.fini)
 .fini          0x00008484        0x4 c:/program files (x86)/cypress/psoc creator/3.2/psoc creator/import/gnu/arm/4.8.4/bin/../lib/gcc/arm-none-eabi/4.8.4/armv6-m/crti.o
                0x00008484                _fini
 .fini          0x00008488        0x8 c:/program files (x86)/cypress/psoc creator/3.2/psoc creator/import/gnu/arm/4.8.4/bin/../lib/gcc/arm-none-eabi/4.8.4/armv6-m/crtn.o
                0x00008490                . = ALIGN (0x4)
                0x00008490                __fini_array_start = .
 *(.fini_array)
 .fini_array    0x00008490        0x4 c:/program files (x86)/cypress/psoc creator/3.2/psoc creator/import/gnu/arm/4.8.4/bin/../lib/gcc/arm-none-eabi/4.8.4/armv6-m/crtbegin.o
 *(SORT(.fini_array.*))
                0x00008494                __fini_array_end = .
                0x00008494                . = ALIGN (0x4)
 *crtbegin.o(.ctors)
 *(EXCLUDE_FILE(*crtend.o) .ctors)
 *(SORT(.ctors.*))
 *crtend.o(.ctors)
                0x00008494                . = ALIGN (0x4)
 *crtbegin.o(.dtors)
 *(EXCLUDE_FILE(*crtend.o) .dtors)
 *(SORT(.dtors.*))
 *crtend.o(.dtors)
                0x00008494                . = ALIGN (0x4)
                0x00008494                __cy_regions = .
                0x00008494        0x4 LONG 0x84a8 __cy_region_init_ram
                0x00008498        0x4 LONG 0x200000c8 __cy_region_start_data
                0x0000849c        0x4 LONG 0x268 __cy_region_init_size_ram
                0x000084a0        0x4 LONG 0x880 __cy_region_zero_size_ram
                0x000084a4                __cy_regions_end = .
                0x000084a8                . = ALIGN (0x8)
 *fill*         0x000084a4        0x4 
                0x000084a8                _etext = .

.ramvectors     0x20000000       0xc0
                0x20000000                __cy_region_start_ram = .
 *(.ramvectors)
 .ramvectors    0x20000000       0xc0 .\CortexM0\ARM_GCC_484\Debug\Cm0Start.o
                0x20000000                CyRamVectors

.noinit         0x200000c0        0x4
 *(.noinit)
 .noinit        0x200000c0        0x4 .\CortexM0\ARM_GCC_484\Debug\Cm0Start.o

.data           0x200000c8      0x268 load address 0x000084a8
                0x200000c8                __cy_region_start_data = .
 *(.jcr)
 .jcr           0x200000c8        0x0 c:/program files (x86)/cypress/psoc creator/3.2/psoc creator/import/gnu/arm/4.8.4/bin/../lib/gcc/arm-none-eabi/4.8.4/armv6-m/crtbegin.o
 .jcr           0x200000c8        0x4 c:/program files (x86)/cypress/psoc creator/3.2/psoc creator/import/gnu/arm/4.8.4/bin/../lib/gcc/arm-none-eabi/4.8.4/armv6-m/crtend.o
 *(.got.plt)
 *(.got)
 *(.shdata)
 *(.data .data.* .gnu.linkonce.d.*)
 .data          0x200000cc      0x180 .\CortexM0\ARM_GCC_484\Debug\waterControl.o
                0x200000cc                opVals
 .data          0x2000024c       0x10 .\CortexM0\ARM_GCC_484\Debug\Atom.a(CyLib.o)
                0x2000024c                cydelayFreqHz
                0x20000250                cydelayFreqKhz
                0x20000254                cydelayFreqMhz
                0x20000258                cydelay32kMs
 .data          0x2000025c       0xcc .\CortexM0\ARM_GCC_484\Debug\Atom.a(comm.o)
                0x2000025c                respEnd
                0x20000260                respFreeSpace
                0x20000264                msgDestinationHolder
                0x20000280                msgDestinationHolderAtomType
                0x20000284                msgDestinationHolderAtomId
 .data          0x20000328        0x2 .\CortexM0\ARM_GCC_484\Debug\Atom.a(comm_RS485.o)
                0x20000330                . = ALIGN (0x8)
 *fill*         0x2000032a        0x6 
 *(.ram)
                0x20000330                _edata = .

.igot.plt       0x20000330        0x0 load address 0x00008710
 .igot.plt      0x00000000        0x0 c:/program files (x86)/cypress/psoc creator/3.2/psoc creator/import/gnu/arm/4.8.4/bin/../lib/gcc/arm-none-eabi/4.8.4/armv6-m/crtbegin.o

.bss            0x20000330      0x880 load address 0x00008710
                0x20000330                PROVIDE (__bss_start__, .)
 *(.shbss)
 *(.bss .bss.* .gnu.linkonce.b.*)
 .bss           0x20000330       0x1c c:/program files (x86)/cypress/psoc creator/3.2/psoc creator/import/gnu/arm/4.8.4/bin/../lib/gcc/arm-none-eabi/4.8.4/armv6-m/crtbegin.o
 .bss           0x2000034c        0x1 .\CortexM0\ARM_GCC_484\Debug\main.o
                0x2000034c                Flag
 *fill*         0x2000034d        0x3 
 .bss           0x20000350       0x14 .\CortexM0\ARM_GCC_484\Debug\sysTimer.o
 .bss           0x20000364        0x8 .\CortexM0\ARM_GCC_484\Debug\sleepMgr.o
 .bss           0x2000036c       0x10 .\CortexM0\ARM_GCC_484\Debug\waterControl.o
 .bss           0x2000037c        0x1 .\CortexM0\ARM_GCC_484\Debug\Atom.a(UART.o)
                0x2000037c                UART_initVar
 *fill*         0x2000037d        0x3 
 .bss           0x20000380       0x3c .\CortexM0\ARM_GCC_484\Debug\Atom.a(comm.o)
 .bss           0x200003bc       0x60 .\CortexM0\ARM_GCC_484\Debug\Atom.a(comm_RS485.o)
 .bss           0x2000041c       0x14 .\CortexM0\ARM_GCC_484\Debug\Atom.a(comm_conv.o)
 .bss           0x20000430        0x8 .\CortexM0\ARM_GCC_484\Debug\Atom.a(comm_RS485_UART.o)
                0x20000430                comm_RS485_UART_initVar
                0x20000434                comm_RS485_UART_customIntrHandler
 .bss           0x20000438        0x4 .\CortexM0\ARM_GCC_484\Debug\Atom.a(comm_RS485_UART_PM.o)
                0x20000438                comm_RS485_UART_backup
 .bss           0x2000043c        0x1 .\CortexM0\ARM_GCC_484\Debug\Atom.a(comm_RS485_Timeout.o)
                0x2000043c                comm_RS485_Timeout_initVar
 *(COMMON)
 *fill*         0x2000043d        0x3 
 COMMON         0x20000440       0x21 .\CortexM0\ARM_GCC_484\Debug\main.o
                0x20000440                modelHandle
                0x2000045c                time
 *fill*         0x20000461        0x3 
 COMMON         0x20000464      0x111 .\CortexM0\ARM_GCC_484\Debug\waterControl.o
                0x20000464                currentVolume
                0x20000468                expTime
                0x20000470                water_data
                0x2000056c                maxVolume
                0x20000570                currentTime
 *fill*         0x20000575        0x3 
 COMMON         0x20000578      0x630 .\CortexM0\ARM_GCC_484\Debug\Atom.a(comm.o)
                0x20000578                respBuff
                0x200006a4                tokens
                0x20000a64                comm
 COMMON         0x20000ba8        0x2 .\CortexM0\ARM_GCC_484\Debug\Atom.a(comm_RS485_Timeout_PM.o)
                0x20000ba8                comm_RS485_Timeout_backup
                0x20000bb0                . = ALIGN (0x8)
 *fill*         0x20000baa        0x6 
 *(.ram.b)
                0x20000bb0                _end = .
                0x20000bb0                __end = .
                0x20000bb0                PROVIDE (end, .)
                0x20000bb0                PROVIDE (__bss_end__, .)
                0x000084a8                __cy_region_init_ram = LOADADDR (.data)
                0x00000268                __cy_region_init_size_ram = (_edata - ADDR (.data))
                0x00000880                __cy_region_zero_size_ram = (_end - _edata)

.heap           0x20000bb0       0x80 load address 0x00008710
                0x20000bb0                . = _end
                0x20000c30                . = (. + 0x80)
 *fill*         0x20000bb0       0x80 
                0x20000c30                __cy_heap_limit = .

.stack          0x20000c00      0x400
                0x20000c00                __cy_stack_limit = .
                0x20001000                . = (. + 0x400)
 *fill*         0x20000c00      0x400 
                0x00000000                ASSERT ((__cy_stack_limit >= __cy_heap_limit), region RAM overflowed with stack)

.cyloadermeta
 *(.cyloadermeta)

.cyloadablemeta
 *(.cyloadablemeta)

.cyflashprotect
                0x90400000       0x20
 *(.cyflashprotect)
 .cyflashprotect
                0x90400000       0x20 .\CortexM0\ARM_GCC_484\Debug\cymetadata.o
                0x90400000                cy_meta_flashprotect

.cymeta         0x90500000        0xc
 *(.cymeta)
 .cymeta        0x90500000        0xc .\CortexM0\ARM_GCC_484\Debug\cymetadata.o
                0x90500000                cy_metadata

.cychipprotect  0x90600000        0x4
 *(.cychipprotect)
 .cychipprotect
                0x90600000        0x4 .\CortexM0\ARM_GCC_484\Debug\cymetadata.o
                0x90600000                cy_meta_chipprotect

.rel.dyn        0x00008710        0x0 load address 0x90600004
 .rel.iplt      0x00000000        0x0 c:/program files (x86)/cypress/psoc creator/3.2/psoc creator/import/gnu/arm/4.8.4/bin/../lib/gcc/arm-none-eabi/4.8.4/armv6-m/crtbegin.o

.stab
 *(.stab)

.stabstr
 *(.stabstr)

.debug
 *(.debug)

.line
 *(.line)

.debug_srcinfo
 *(.debug_srcinfo)

.debug_sfnames
 *(.debug_sfnames)

.debug_aranges  0x00000000     0x1288
 *(.debug_aranges)
 .debug_aranges
                0x00000000       0xc8 .\CortexM0\ARM_GCC_484\Debug\main.o
 .debug_aranges
                0x000000c8       0xf8 .\CortexM0\ARM_GCC_484\Debug\Fsm.o
 .debug_aranges
                0x000001c0       0x58 .\CortexM0\ARM_GCC_484\Debug\sysTimer.o
 .debug_aranges
                0x00000218       0x40 .\CortexM0\ARM_GCC_484\Debug\sleepMgr.o
 .debug_aranges
                0x00000258      0x280 .\CortexM0\ARM_GCC_484\Debug\waterControl.o
 .debug_aranges
                0x000004d8       0x58 .\CortexM0\ARM_GCC_484\Debug\valveControl.o
 .debug_aranges
                0x00000530       0x18 .\CortexM0\ARM_GCC_484\Debug\cymetadata.o
 .debug_aranges
                0x00000548       0x48 .\CortexM0\ARM_GCC_484\Debug\Cm0Start.o
 .debug_aranges
                0x00000590       0x58 .\CortexM0\ARM_GCC_484\Debug\Atom.a(cyfitter_cfg.o)
 .debug_aranges
                0x000005e8       0x68 .\CortexM0\ARM_GCC_484\Debug\Atom.a(UART.o)
 .debug_aranges
                0x00000650       0x60 .\CortexM0\ARM_GCC_484\Debug\Atom.a(UART_SPI_UART.o)
 .debug_aranges
                0x000006b0       0x60 .\CortexM0\ARM_GCC_484\Debug\Atom.a(UART_UART.o)
 .debug_aranges
                0x00000710       0x80 .\CortexM0\ARM_GCC_484\Debug\Atom.a(isr_WDT.o)
 .debug_aranges
                0x00000790       0x20 .\CortexM0\ARM_GCC_484\Debug\Atom.a(CyBootAsmGnu.o)
 .debug_aranges
                0x000007b0      0x170 .\CortexM0\ARM_GCC_484\Debug\Atom.a(CyLib.o)
 .debug_aranges
                0x00000920       0x58 .\CortexM0\ARM_GCC_484\Debug\Atom.a(cyPm.o)
 .debug_aranges
                0x00000978       0xf0 .\CortexM0\ARM_GCC_484\Debug\Atom.a(comm.o)
 .debug_aranges
                0x00000a68       0x40 .\CortexM0\ARM_GCC_484\Debug\Atom.a(LED.o)
 .debug_aranges
                0x00000aa8       0xa0 .\CortexM0\ARM_GCC_484\Debug\Atom.a(comm_RS485.o)
 .debug_aranges
                0x00000b48       0xa8 .\CortexM0\ARM_GCC_484\Debug\Atom.a(comm_conv.o)
 .debug_aranges
                0x00000bf0       0x48 .\CortexM0\ARM_GCC_484\Debug\Atom.a(comm_jsmn.o)
 .debug_aranges
                0x00000c38       0x68 .\CortexM0\ARM_GCC_484\Debug\Atom.a(comm_RS485_UART.o)
 .debug_aranges
                0x00000ca0       0x60 .\CortexM0\ARM_GCC_484\Debug\Atom.a(comm_RS485_UART_SPI_UART.o)
 .debug_aranges
                0x00000d00       0x28 .\CortexM0\ARM_GCC_484\Debug\Atom.a(comm_RS485_UART_PM.o)
 .debug_aranges
                0x00000d28       0x50 .\CortexM0\ARM_GCC_484\Debug\Atom.a(comm_RS485_UART_UART.o)
 .debug_aranges
                0x00000d78       0x40 .\CortexM0\ARM_GCC_484\Debug\Atom.a(comm_RS485_WAKE.o)
 .debug_aranges
                0x00000db8       0x80 .\CortexM0\ARM_GCC_484\Debug\Atom.a(comm_RS485_isr_WAKE.o)
 .debug_aranges
                0x00000e38       0x80 .\CortexM0\ARM_GCC_484\Debug\Atom.a(comm_RS485_isr_Timeout.o)
 .debug_aranges
                0x00000eb8       0x58 .\CortexM0\ARM_GCC_484\Debug\Atom.a(comm_RS485_Timeout.o)
 .debug_aranges
                0x00000f10       0x38 .\CortexM0\ARM_GCC_484\Debug\Atom.a(comm_RS485_Timeout_PM.o)
 .debug_aranges
                0x00000f48      0x120 .\CortexM0\ARM_GCC_484\Debug\Atom.a(CyLFClk.o)
 .debug_aranges
                0x00001068       0x40 .\CortexM0\ARM_GCC_484\Debug\Atom.a(ON1_DIR1.o)
 .debug_aranges
                0x000010a8       0x40 .\CortexM0\ARM_GCC_484\Debug\Atom.a(ON1_DIR2.o)
 .debug_aranges
                0x000010e8       0x40 .\CortexM0\ARM_GCC_484\Debug\Atom.a(ON2_DIR1.o)
 .debug_aranges
                0x00001128       0x40 .\CortexM0\ARM_GCC_484\Debug\Atom.a(ON2_DIR2.o)
 .debug_aranges
                0x00001168       0x40 .\CortexM0\ARM_GCC_484\Debug\Atom.a(ON3_DIR1.o)
 .debug_aranges
                0x000011a8       0x40 .\CortexM0\ARM_GCC_484\Debug\Atom.a(ON3_DIR2.o)
 .debug_aranges
                0x000011e8       0x40 .\CortexM0\ARM_GCC_484\Debug\Atom.a(ON4_DIR1.o)
 .debug_aranges
                0x00001228       0x40 .\CortexM0\ARM_GCC_484\Debug\Atom.a(ON4_DIR2.o)
 .debug_aranges
                0x00001268       0x20 .\CortexM0\ARM_GCC_484\Debug\Atom.a(comm_RS485_UART_SPI_UART_INT.o)

.debug_pubnames
 *(.debug_pubnames)

.debug_info     0x00000000     0x7cee
 *(.debug_info .gnu.linkonce.wi.*)
 .debug_info    0x00000000      0x55f .\CortexM0\ARM_GCC_484\Debug\main.o
 .debug_info    0x0000055f      0x6ba .\CortexM0\ARM_GCC_484\Debug\Fsm.o
 .debug_info    0x00000c19      0x670 .\CortexM0\ARM_GCC_484\Debug\sysTimer.o
 .debug_info    0x00001289      0x166 .\CortexM0\ARM_GCC_484\Debug\sleepMgr.o
 .debug_info    0x000013ef      0xc1c .\CortexM0\ARM_GCC_484\Debug\waterControl.o
 .debug_info    0x0000200b      0x163 .\CortexM0\ARM_GCC_484\Debug\valveControl.o
 .debug_info    0x0000216e       0xfd .\CortexM0\ARM_GCC_484\Debug\cymetadata.o
 .debug_info    0x0000226b      0x2fe .\CortexM0\ARM_GCC_484\Debug\Cm0Start.o
 .debug_info    0x00002569      0x399 .\CortexM0\ARM_GCC_484\Debug\Atom.a(cyfitter_cfg.o)
 .debug_info    0x00002902      0x1b6 .\CortexM0\ARM_GCC_484\Debug\Atom.a(UART.o)
 .debug_info    0x00002ab8      0x20d .\CortexM0\ARM_GCC_484\Debug\Atom.a(UART_SPI_UART.o)
 .debug_info    0x00002cc5      0x213 .\CortexM0\ARM_GCC_484\Debug\Atom.a(UART_UART.o)
 .debug_info    0x00002ed8      0x244 .\CortexM0\ARM_GCC_484\Debug\Atom.a(isr_WDT.o)
 .debug_info    0x0000311c       0x87 .\CortexM0\ARM_GCC_484\Debug\Atom.a(CyBootAsmGnu.o)
 .debug_info    0x000031a3      0x852 .\CortexM0\ARM_GCC_484\Debug\Atom.a(CyLib.o)
 .debug_info    0x000039f5      0x1fd .\CortexM0\ARM_GCC_484\Debug\Atom.a(cyPm.o)
 .debug_info    0x00003bf2      0xd44 .\CortexM0\ARM_GCC_484\Debug\Atom.a(comm.o)
 .debug_info    0x00004936      0x14c .\CortexM0\ARM_GCC_484\Debug\Atom.a(LED.o)
 .debug_info    0x00004a82      0x696 .\CortexM0\ARM_GCC_484\Debug\Atom.a(comm_RS485.o)
 .debug_info    0x00005118      0x5d6 .\CortexM0\ARM_GCC_484\Debug\Atom.a(comm_conv.o)
 .debug_info    0x000056ee      0x41e .\CortexM0\ARM_GCC_484\Debug\Atom.a(comm_jsmn.o)
 .debug_info    0x00005b0c      0x1eb .\CortexM0\ARM_GCC_484\Debug\Atom.a(comm_RS485_UART.o)
 .debug_info    0x00005cf7      0x20d .\CortexM0\ARM_GCC_484\Debug\Atom.a(comm_RS485_UART_SPI_UART.o)
 .debug_info    0x00005f04      0x102 .\CortexM0\ARM_GCC_484\Debug\Atom.a(comm_RS485_UART_PM.o)
 .debug_info    0x00006006      0x209 .\CortexM0\ARM_GCC_484\Debug\Atom.a(comm_RS485_UART_UART.o)
 .debug_info    0x0000620f      0x14c .\CortexM0\ARM_GCC_484\Debug\Atom.a(comm_RS485_WAKE.o)
 .debug_info    0x0000635b      0x244 .\CortexM0\ARM_GCC_484\Debug\Atom.a(comm_RS485_isr_WAKE.o)
 .debug_info    0x0000659f      0x244 .\CortexM0\ARM_GCC_484\Debug\Atom.a(comm_RS485_isr_Timeout.o)
 .debug_info    0x000067e3      0x191 .\CortexM0\ARM_GCC_484\Debug\Atom.a(comm_RS485_Timeout.o)
 .debug_info    0x00006974      0x11e .\CortexM0\ARM_GCC_484\Debug\Atom.a(comm_RS485_Timeout_PM.o)
 .debug_info    0x00006a92      0x745 .\CortexM0\ARM_GCC_484\Debug\Atom.a(CyLFClk.o)
 .debug_info    0x000071d7      0x14c .\CortexM0\ARM_GCC_484\Debug\Atom.a(ON1_DIR1.o)
 .debug_info    0x00007323      0x14c .\CortexM0\ARM_GCC_484\Debug\Atom.a(ON1_DIR2.o)
 .debug_info    0x0000746f      0x14c .\CortexM0\ARM_GCC_484\Debug\Atom.a(ON2_DIR1.o)
 .debug_info    0x000075bb      0x14c .\CortexM0\ARM_GCC_484\Debug\Atom.a(ON2_DIR2.o)
 .debug_info    0x00007707      0x14c .\CortexM0\ARM_GCC_484\Debug\Atom.a(ON3_DIR1.o)
 .debug_info    0x00007853      0x14c .\CortexM0\ARM_GCC_484\Debug\Atom.a(ON3_DIR2.o)
 .debug_info    0x0000799f      0x14c .\CortexM0\ARM_GCC_484\Debug\Atom.a(ON4_DIR1.o)
 .debug_info    0x00007aeb      0x14c .\CortexM0\ARM_GCC_484\Debug\Atom.a(ON4_DIR2.o)
 .debug_info    0x00007c37       0xb7 .\CortexM0\ARM_GCC_484\Debug\Atom.a(comm_RS485_UART_SPI_UART_INT.o)

.debug_abbrev   0x00000000     0x2be7
 *(.debug_abbrev)
 .debug_abbrev  0x00000000      0x1eb .\CortexM0\ARM_GCC_484\Debug\main.o
 .debug_abbrev  0x000001eb      0x198 .\CortexM0\ARM_GCC_484\Debug\Fsm.o
 .debug_abbrev  0x00000383      0x21e .\CortexM0\ARM_GCC_484\Debug\sysTimer.o
 .debug_abbrev  0x000005a1       0x7f .\CortexM0\ARM_GCC_484\Debug\sleepMgr.o
 .debug_abbrev  0x00000620      0x1cd .\CortexM0\ARM_GCC_484\Debug\waterControl.o
 .debug_abbrev  0x000007ed       0x6b .\CortexM0\ARM_GCC_484\Debug\valveControl.o
 .debug_abbrev  0x00000858       0x5d .\CortexM0\ARM_GCC_484\Debug\cymetadata.o
 .debug_abbrev  0x000008b5      0x1a5 .\CortexM0\ARM_GCC_484\Debug\Cm0Start.o
 .debug_abbrev  0x00000a5a      0x19d .\CortexM0\ARM_GCC_484\Debug\Atom.a(cyfitter_cfg.o)
 .debug_abbrev  0x00000bf7       0xf0 .\CortexM0\ARM_GCC_484\Debug\Atom.a(UART.o)
 .debug_abbrev  0x00000ce7      0x15c .\CortexM0\ARM_GCC_484\Debug\Atom.a(UART_SPI_UART.o)
 .debug_abbrev  0x00000e43      0x111 .\CortexM0\ARM_GCC_484\Debug\Atom.a(UART_UART.o)
 .debug_abbrev  0x00000f54      0x177 .\CortexM0\ARM_GCC_484\Debug\Atom.a(isr_WDT.o)
 .debug_abbrev  0x000010cb       0x14 .\CortexM0\ARM_GCC_484\Debug\Atom.a(CyBootAsmGnu.o)
 .debug_abbrev  0x000010df      0x1a7 .\CortexM0\ARM_GCC_484\Debug\Atom.a(CyLib.o)
 .debug_abbrev  0x00001286       0xf8 .\CortexM0\ARM_GCC_484\Debug\Atom.a(cyPm.o)
 .debug_abbrev  0x0000137e      0x2a9 .\CortexM0\ARM_GCC_484\Debug\Atom.a(comm.o)
 .debug_abbrev  0x00001627       0xb7 .\CortexM0\ARM_GCC_484\Debug\Atom.a(LED.o)
 .debug_abbrev  0x000016de      0x177 .\CortexM0\ARM_GCC_484\Debug\Atom.a(comm_RS485.o)
 .debug_abbrev  0x00001855       0xba .\CortexM0\ARM_GCC_484\Debug\Atom.a(comm_conv.o)
 .debug_abbrev  0x0000190f      0x169 .\CortexM0\ARM_GCC_484\Debug\Atom.a(comm_jsmn.o)
 .debug_abbrev  0x00001a78      0x138 .\CortexM0\ARM_GCC_484\Debug\Atom.a(comm_RS485_UART.o)
 .debug_abbrev  0x00001bb0      0x15c .\CortexM0\ARM_GCC_484\Debug\Atom.a(comm_RS485_UART_SPI_UART.o)
 .debug_abbrev  0x00001d0c       0x90 .\CortexM0\ARM_GCC_484\Debug\Atom.a(comm_RS485_UART_PM.o)
 .debug_abbrev  0x00001d9c       0xf9 .\CortexM0\ARM_GCC_484\Debug\Atom.a(comm_RS485_UART_UART.o)
 .debug_abbrev  0x00001e95       0xb7 .\CortexM0\ARM_GCC_484\Debug\Atom.a(comm_RS485_WAKE.o)
 .debug_abbrev  0x00001f4c      0x177 .\CortexM0\ARM_GCC_484\Debug\Atom.a(comm_RS485_isr_WAKE.o)
 .debug_abbrev  0x000020c3      0x177 .\CortexM0\ARM_GCC_484\Debug\Atom.a(comm_RS485_isr_Timeout.o)
 .debug_abbrev  0x0000223a       0xf8 .\CortexM0\ARM_GCC_484\Debug\Atom.a(comm_RS485_Timeout.o)
 .debug_abbrev  0x00002332       0xa8 .\CortexM0\ARM_GCC_484\Debug\Atom.a(comm_RS485_Timeout_PM.o)
 .debug_abbrev  0x000023da      0x1e5 .\CortexM0\ARM_GCC_484\Debug\Atom.a(CyLFClk.o)
 .debug_abbrev  0x000025bf       0xb7 .\CortexM0\ARM_GCC_484\Debug\Atom.a(ON1_DIR1.o)
 .debug_abbrev  0x00002676       0xb7 .\CortexM0\ARM_GCC_484\Debug\Atom.a(ON1_DIR2.o)
 .debug_abbrev  0x0000272d       0xb7 .\CortexM0\ARM_GCC_484\Debug\Atom.a(ON2_DIR1.o)
 .debug_abbrev  0x000027e4       0xb7 .\CortexM0\ARM_GCC_484\Debug\Atom.a(ON2_DIR2.o)
 .debug_abbrev  0x0000289b       0xb7 .\CortexM0\ARM_GCC_484\Debug\Atom.a(ON3_DIR1.o)
 .debug_abbrev  0x00002952       0xb7 .\CortexM0\ARM_GCC_484\Debug\Atom.a(ON3_DIR2.o)
 .debug_abbrev  0x00002a09       0xb7 .\CortexM0\ARM_GCC_484\Debug\Atom.a(ON4_DIR1.o)
 .debug_abbrev  0x00002ac0       0xb7 .\CortexM0\ARM_GCC_484\Debug\Atom.a(ON4_DIR2.o)
 .debug_abbrev  0x00002b77       0x70 .\CortexM0\ARM_GCC_484\Debug\Atom.a(comm_RS485_UART_SPI_UART_INT.o)

.debug_line     0x00000000     0x48d3
 *(.debug_line)
 .debug_line    0x00000000      0x37b .\CortexM0\ARM_GCC_484\Debug\main.o
 .debug_line    0x0000037b      0x492 .\CortexM0\ARM_GCC_484\Debug\Fsm.o
 .debug_line    0x0000080d      0x24f .\CortexM0\ARM_GCC_484\Debug\sysTimer.o
 .debug_line    0x00000a5c       0xbd .\CortexM0\ARM_GCC_484\Debug\sleepMgr.o
 .debug_line    0x00000b19      0x73f .\CortexM0\ARM_GCC_484\Debug\waterControl.o
 .debug_line    0x00001258       0xd7 .\CortexM0\ARM_GCC_484\Debug\valveControl.o
 .debug_line    0x0000132f       0x53 .\CortexM0\ARM_GCC_484\Debug\cymetadata.o
 .debug_line    0x00001382      0x1b7 .\CortexM0\ARM_GCC_484\Debug\Cm0Start.o
 .debug_line    0x00001539      0x1c7 .\CortexM0\ARM_GCC_484\Debug\Atom.a(cyfitter_cfg.o)
 .debug_line    0x00001700      0x13d .\CortexM0\ARM_GCC_484\Debug\Atom.a(UART.o)
 .debug_line    0x0000183d      0x13c .\CortexM0\ARM_GCC_484\Debug\Atom.a(UART_SPI_UART.o)
 .debug_line    0x00001979      0x147 .\CortexM0\ARM_GCC_484\Debug\Atom.a(UART_UART.o)
 .debug_line    0x00001ac0      0x16d .\CortexM0\ARM_GCC_484\Debug\Atom.a(isr_WDT.o)
 .debug_line    0x00001c2d       0x69 .\CortexM0\ARM_GCC_484\Debug\Atom.a(CyBootAsmGnu.o)
 .debug_line    0x00001c96      0x448 .\CortexM0\ARM_GCC_484\Debug\Atom.a(CyLib.o)
 .debug_line    0x000020de      0x126 .\CortexM0\ARM_GCC_484\Debug\Atom.a(cyPm.o)
 .debug_line    0x00002204      0x84e .\CortexM0\ARM_GCC_484\Debug\Atom.a(comm.o)
 .debug_line    0x00002a52       0xa9 .\CortexM0\ARM_GCC_484\Debug\Atom.a(LED.o)
 .debug_line    0x00002afb      0x45c .\CortexM0\ARM_GCC_484\Debug\Atom.a(comm_RS485.o)
 .debug_line    0x00002f57      0x25b .\CortexM0\ARM_GCC_484\Debug\Atom.a(comm_conv.o)
 .debug_line    0x000031b2      0x2f9 .\CortexM0\ARM_GCC_484\Debug\Atom.a(comm_jsmn.o)
 .debug_line    0x000034ab      0x144 .\CortexM0\ARM_GCC_484\Debug\Atom.a(comm_RS485_UART.o)
 .debug_line    0x000035ef      0x147 .\CortexM0\ARM_GCC_484\Debug\Atom.a(comm_RS485_UART_SPI_UART.o)
 .debug_line    0x00003736       0xb2 .\CortexM0\ARM_GCC_484\Debug\Atom.a(comm_RS485_UART_PM.o)
 .debug_line    0x000037e8      0x126 .\CortexM0\ARM_GCC_484\Debug\Atom.a(comm_RS485_UART_UART.o)
 .debug_line    0x0000390e       0xb5 .\CortexM0\ARM_GCC_484\Debug\Atom.a(comm_RS485_WAKE.o)
 .debug_line    0x000039c3      0x169 .\CortexM0\ARM_GCC_484\Debug\Atom.a(comm_RS485_isr_WAKE.o)
 .debug_line    0x00003b2c      0x17c .\CortexM0\ARM_GCC_484\Debug\Atom.a(comm_RS485_isr_Timeout.o)
 .debug_line    0x00003ca8       0xf1 .\CortexM0\ARM_GCC_484\Debug\Atom.a(comm_RS485_Timeout.o)
 .debug_line    0x00003d99       0xc3 .\CortexM0\ARM_GCC_484\Debug\Atom.a(comm_RS485_Timeout_PM.o)
 .debug_line    0x00003e5c      0x45b .\CortexM0\ARM_GCC_484\Debug\Atom.a(CyLFClk.o)
 .debug_line    0x000042b7       0xae .\CortexM0\ARM_GCC_484\Debug\Atom.a(ON1_DIR1.o)
 .debug_line    0x00004365       0xae .\CortexM0\ARM_GCC_484\Debug\Atom.a(ON1_DIR2.o)
 .debug_line    0x00004413       0xae .\CortexM0\ARM_GCC_484\Debug\Atom.a(ON2_DIR1.o)
 .debug_line    0x000044c1       0xae .\CortexM0\ARM_GCC_484\Debug\Atom.a(ON2_DIR2.o)
 .debug_line    0x0000456f       0xae .\CortexM0\ARM_GCC_484\Debug\Atom.a(ON3_DIR1.o)
 .debug_line    0x0000461d       0xae .\CortexM0\ARM_GCC_484\Debug\Atom.a(ON3_DIR2.o)
 .debug_line    0x000046cb       0xae .\CortexM0\ARM_GCC_484\Debug\Atom.a(ON4_DIR1.o)
 .debug_line    0x00004779       0xae .\CortexM0\ARM_GCC_484\Debug\Atom.a(ON4_DIR2.o)
 .debug_line    0x00004827       0xac .\CortexM0\ARM_GCC_484\Debug\Atom.a(comm_RS485_UART_SPI_UART_INT.o)

.debug_frame    0x00000000     0x3e64
 *(.debug_frame)
 .debug_frame   0x00000000      0x298 .\CortexM0\ARM_GCC_484\Debug\main.o
 .debug_frame   0x00000298      0x390 .\CortexM0\ARM_GCC_484\Debug\Fsm.o
 .debug_frame   0x00000628      0x114 .\CortexM0\ARM_GCC_484\Debug\sysTimer.o
 .debug_frame   0x0000073c       0xbc .\CortexM0\ARM_GCC_484\Debug\sleepMgr.o
 .debug_frame   0x000007f8      0x91c .\CortexM0\ARM_GCC_484\Debug\waterControl.o
 .debug_frame   0x00001114      0x100 .\CortexM0\ARM_GCC_484\Debug\valveControl.o
 .debug_frame   0x00001214       0xc8 .\CortexM0\ARM_GCC_484\Debug\Cm0Start.o
 .debug_frame   0x000012dc      0x108 .\CortexM0\ARM_GCC_484\Debug\Atom.a(cyfitter_cfg.o)
 .debug_frame   0x000013e4      0x130 .\CortexM0\ARM_GCC_484\Debug\Atom.a(UART.o)
 .debug_frame   0x00001514      0x128 .\CortexM0\ARM_GCC_484\Debug\Atom.a(UART_SPI_UART.o)
 .debug_frame   0x0000163c      0x124 .\CortexM0\ARM_GCC_484\Debug\Atom.a(UART_UART.o)
 .debug_frame   0x00001760      0x190 .\CortexM0\ARM_GCC_484\Debug\Atom.a(isr_WDT.o)
 .debug_frame   0x000018f0      0x544 .\CortexM0\ARM_GCC_484\Debug\Atom.a(CyLib.o)
 .debug_frame   0x00001e34      0x124 .\CortexM0\ARM_GCC_484\Debug\Atom.a(cyPm.o)
 .debug_frame   0x00001f58      0x374 .\CortexM0\ARM_GCC_484\Debug\Atom.a(comm.o)
 .debug_frame   0x000022cc       0xa8 .\CortexM0\ARM_GCC_484\Debug\Atom.a(LED.o)
 .debug_frame   0x00002374      0x228 .\CortexM0\ARM_GCC_484\Debug\Atom.a(comm_RS485.o)
 .debug_frame   0x0000259c      0x260 .\CortexM0\ARM_GCC_484\Debug\Atom.a(comm_conv.o)
 .debug_frame   0x000027fc       0xd8 .\CortexM0\ARM_GCC_484\Debug\Atom.a(comm_jsmn.o)
 .debug_frame   0x000028d4      0x134 .\CortexM0\ARM_GCC_484\Debug\Atom.a(comm_RS485_UART.o)
 .debug_frame   0x00002a08      0x128 .\CortexM0\ARM_GCC_484\Debug\Atom.a(comm_RS485_UART_SPI_UART.o)
 .debug_frame   0x00002b30       0x48 .\CortexM0\ARM_GCC_484\Debug\Atom.a(comm_RS485_UART_PM.o)
 .debug_frame   0x00002b78       0xec .\CortexM0\ARM_GCC_484\Debug\Atom.a(comm_RS485_UART_UART.o)
 .debug_frame   0x00002c64       0xa8 .\CortexM0\ARM_GCC_484\Debug\Atom.a(comm_RS485_WAKE.o)
 .debug_frame   0x00002d0c      0x190 .\CortexM0\ARM_GCC_484\Debug\Atom.a(comm_RS485_isr_WAKE.o)
 .debug_frame   0x00002e9c      0x190 .\CortexM0\ARM_GCC_484\Debug\Atom.a(comm_RS485_isr_Timeout.o)
 .debug_frame   0x0000302c      0x108 .\CortexM0\ARM_GCC_484\Debug\Atom.a(comm_RS485_Timeout.o)
 .debug_frame   0x00003134       0x80 .\CortexM0\ARM_GCC_484\Debug\Atom.a(comm_RS485_Timeout_PM.o)
 .debug_frame   0x000031b4      0x424 .\CortexM0\ARM_GCC_484\Debug\Atom.a(CyLFClk.o)
 .debug_frame   0x000035d8       0xa8 .\CortexM0\ARM_GCC_484\Debug\Atom.a(ON1_DIR1.o)
 .debug_frame   0x00003680       0xa8 .\CortexM0\ARM_GCC_484\Debug\Atom.a(ON1_DIR2.o)
 .debug_frame   0x00003728       0xa8 .\CortexM0\ARM_GCC_484\Debug\Atom.a(ON2_DIR1.o)
 .debug_frame   0x000037d0       0xa8 .\CortexM0\ARM_GCC_484\Debug\Atom.a(ON2_DIR2.o)
 .debug_frame   0x00003878       0xa8 .\CortexM0\ARM_GCC_484\Debug\Atom.a(ON3_DIR1.o)
 .debug_frame   0x00003920       0xa8 .\CortexM0\ARM_GCC_484\Debug\Atom.a(ON3_DIR2.o)
 .debug_frame   0x000039c8       0xa8 .\CortexM0\ARM_GCC_484\Debug\Atom.a(ON4_DIR1.o)
 .debug_frame   0x00003a70       0xa8 .\CortexM0\ARM_GCC_484\Debug\Atom.a(ON4_DIR2.o)
 .debug_frame   0x00003b18       0x2c .\CortexM0\ARM_GCC_484\Debug\Atom.a(comm_RS485_UART_SPI_UART_INT.o)
 .debug_frame   0x00003b44       0x20 c:/program files (x86)/cypress/psoc creator/3.2/psoc creator/import/gnu/arm/4.8.4/bin/../lib/gcc/arm-none-eabi/4.8.4/armv6-m\libgcc.a(_udivsi3.o)
 .debug_frame   0x00003b64       0x20 c:/program files (x86)/cypress/psoc creator/3.2/psoc creator/import/gnu/arm/4.8.4/bin/../lib/gcc/arm-none-eabi/4.8.4/armv6-m\libgcc.a(_divsi3.o)
 .debug_frame   0x00003b84       0x3c c:/program files (x86)/cypress/psoc creator/3.2/psoc creator/import/gnu/arm/4.8.4/bin/../lib/gcc/arm-none-eabi/4.8.4/armv6-m\libgcc.a(adddf3.o)
 .debug_frame   0x00003bc0       0x3c c:/program files (x86)/cypress/psoc creator/3.2/psoc creator/import/gnu/arm/4.8.4/bin/../lib/gcc/arm-none-eabi/4.8.4/armv6-m\libgcc.a(divdf3.o)
 .debug_frame   0x00003bfc       0x3c c:/program files (x86)/cypress/psoc creator/3.2/psoc creator/import/gnu/arm/4.8.4/bin/../lib/gcc/arm-none-eabi/4.8.4/armv6-m\libgcc.a(eqdf2.o)
 .debug_frame   0x00003c38       0x38 c:/program files (x86)/cypress/psoc creator/3.2/psoc creator/import/gnu/arm/4.8.4/bin/../lib/gcc/arm-none-eabi/4.8.4/armv6-m\libgcc.a(gedf2.o)
 .debug_frame   0x00003c70       0x3c c:/program files (x86)/cypress/psoc creator/3.2/psoc creator/import/gnu/arm/4.8.4/bin/../lib/gcc/arm-none-eabi/4.8.4/armv6-m\libgcc.a(ledf2.o)
 .debug_frame   0x00003cac       0x3c c:/program files (x86)/cypress/psoc creator/3.2/psoc creator/import/gnu/arm/4.8.4/bin/../lib/gcc/arm-none-eabi/4.8.4/armv6-m\libgcc.a(muldf3.o)
 .debug_frame   0x00003ce8       0x3c c:/program files (x86)/cypress/psoc creator/3.2/psoc creator/import/gnu/arm/4.8.4/bin/../lib/gcc/arm-none-eabi/4.8.4/armv6-m\libgcc.a(subdf3.o)
 .debug_frame   0x00003d24       0x2c c:/program files (x86)/cypress/psoc creator/3.2/psoc creator/import/gnu/arm/4.8.4/bin/../lib/gcc/arm-none-eabi/4.8.4/armv6-m\libgcc.a(fixdfsi.o)
 .debug_frame   0x00003d50       0x30 c:/program files (x86)/cypress/psoc creator/3.2/psoc creator/import/gnu/arm/4.8.4/bin/../lib/gcc/arm-none-eabi/4.8.4/armv6-m\libgcc.a(floatsidf.o)
 .debug_frame   0x00003d80       0x20 c:/program files (x86)/cypress/psoc creator/3.2/psoc creator/import/gnu/arm/4.8.4/bin/../lib/gcc/arm-none-eabi/4.8.4/../../../../arm-none-eabi/lib/armv6-m\libg_s.a(lib_a-errno.o)
 .debug_frame   0x00003da0       0x28 c:/program files (x86)/cypress/psoc creator/3.2/psoc creator/import/gnu/arm/4.8.4/bin/../lib/gcc/arm-none-eabi/4.8.4/../../../../arm-none-eabi/lib/armv6-m\libg_s.a(lib_a-exit.o)
 .debug_frame   0x00003dc8       0x2c c:/program files (x86)/cypress/psoc creator/3.2/psoc creator/import/gnu/arm/4.8.4/bin/../lib/gcc/arm-none-eabi/4.8.4/../../../../arm-none-eabi/lib/armv6-m\libg_s.a(lib_a-init.o)
 .debug_frame   0x00003df4       0x28 c:/program files (x86)/cypress/psoc creator/3.2/psoc creator/import/gnu/arm/4.8.4/bin/../lib/gcc/arm-none-eabi/4.8.4/../../../../arm-none-eabi/lib/armv6-m\libg_s.a(lib_a-memcpy-stub.o)
 .debug_frame   0x00003e1c       0x20 c:/program files (x86)/cypress/psoc creator/3.2/psoc creator/import/gnu/arm/4.8.4/bin/../lib/gcc/arm-none-eabi/4.8.4/../../../../arm-none-eabi/lib/armv6-m\libg_s.a(lib_a-memset.o)
 .debug_frame   0x00003e3c       0x28 c:/program files (x86)/cypress/psoc creator/3.2/psoc creator/import/gnu/arm/4.8.4/bin/../lib/gcc/arm-none-eabi/4.8.4/../../../../arm-none-eabi/lib/armv6-m\libg_s.a(lib_a-strncmp.o)

.debug_str      0x00000000     0x451e
 *(.debug_str)
 .debug_str     0x00000000      0x5cf .\CortexM0\ARM_GCC_484\Debug\main.o
                                0x63e (size before relaxing)
 .debug_str     0x000005cf      0x354 .\CortexM0\ARM_GCC_484\Debug\Fsm.o
                                0x771 (size before relaxing)
 .debug_str     0x00000923      0x1b8 .\CortexM0\ARM_GCC_484\Debug\sysTimer.o
                                0x60b (size before relaxing)
 .debug_str     0x00000adb       0xaf .\CortexM0\ARM_GCC_484\Debug\sleepMgr.o
                                0x20e (size before relaxing)
 .debug_str     0x00000b8a      0x847 .\CortexM0\ARM_GCC_484\Debug\waterControl.o
                                0xa02 (size before relaxing)
 .debug_str     0x000013d1       0x83 .\CortexM0\ARM_GCC_484\Debug\valveControl.o
                                0x1db (size before relaxing)
 .debug_str     0x00001454       0x5b .\CortexM0\ARM_GCC_484\Debug\cymetadata.o
                                0x1b3 (size before relaxing)
 .debug_str     0x000014af      0x12a .\CortexM0\ARM_GCC_484\Debug\Cm0Start.o
                                0x2a7 (size before relaxing)
 .debug_str     0x000015d9      0x12b .\CortexM0\ARM_GCC_484\Debug\Atom.a(cyfitter_cfg.o)
                                0x2c6 (size before relaxing)
 .debug_str     0x00001704       0x53 .\CortexM0\ARM_GCC_484\Debug\Atom.a(UART.o)
                                0x258 (size before relaxing)
 .debug_str     0x00001757       0x55 .\CortexM0\ARM_GCC_484\Debug\Atom.a(UART_SPI_UART.o)
                                0x2a7 (size before relaxing)
 .debug_str     0x000017ac       0x80 .\CortexM0\ARM_GCC_484\Debug\Atom.a(UART_UART.o)
                                0x279 (size before relaxing)
 .debug_str     0x0000182c      0x113 .\CortexM0\ARM_GCC_484\Debug\Atom.a(isr_WDT.o)
                                0x2b2 (size before relaxing)
 .debug_str     0x0000193f      0x448 .\CortexM0\ARM_GCC_484\Debug\Atom.a(CyLib.o)
                                0x5f3 (size before relaxing)
 .debug_str     0x00001d87       0xc2 .\CortexM0\ARM_GCC_484\Debug\Atom.a(cyPm.o)
                                0x24a (size before relaxing)
 .debug_str     0x00001e49      0xa36 .\CortexM0\ARM_GCC_484\Debug\Atom.a(comm.o)
                                0xc70 (size before relaxing)
 .debug_str     0x0000287f       0x79 .\CortexM0\ARM_GCC_484\Debug\Atom.a(LED.o)
                                0x1e0 (size before relaxing)
 .debug_str     0x000028f8      0x699 .\CortexM0\ARM_GCC_484\Debug\Atom.a(comm_RS485.o)
                                0x83e (size before relaxing)
 .debug_str     0x00002f91      0x104 .\CortexM0\ARM_GCC_484\Debug\Atom.a(comm_conv.o)
                                0x26e (size before relaxing)
 .debug_str     0x00003095       0xcf .\CortexM0\ARM_GCC_484\Debug\Atom.a(comm_jsmn.o)
                                0x2b6 (size before relaxing)
 .debug_str     0x00003164      0x18a .\CortexM0\ARM_GCC_484\Debug\Atom.a(comm_RS485_UART.o)
                                0x318 (size before relaxing)
 .debug_str     0x000032ee      0x179 .\CortexM0\ARM_GCC_484\Debug\Atom.a(comm_RS485_UART_SPI_UART.o)
                                0x316 (size before relaxing)
 .debug_str     0x00003467       0x9c .\CortexM0\ARM_GCC_484\Debug\Atom.a(comm_RS485_UART_PM.o)
                                0x201 (size before relaxing)
 .debug_str     0x00003503      0x101 .\CortexM0\ARM_GCC_484\Debug\Atom.a(comm_RS485_UART_UART.o)
                                0x2c3 (size before relaxing)
 .debug_str     0x00003604       0xae .\CortexM0\ARM_GCC_484\Debug\Atom.a(comm_RS485_WAKE.o)
                                0x228 (size before relaxing)
 .debug_str     0x000036b2      0x1ac .\CortexM0\ARM_GCC_484\Debug\Atom.a(comm_RS485_isr_WAKE.o)
                                0x35a (size before relaxing)
 .debug_str     0x0000385e      0x1d6 .\CortexM0\ARM_GCC_484\Debug\Atom.a(comm_RS485_isr_Timeout.o)
                                0x384 (size before relaxing)
 .debug_str     0x00003a34      0x12f .\CortexM0\ARM_GCC_484\Debug\Atom.a(comm_RS485_Timeout.o)
                                0x2a1 (size before relaxing)
 .debug_str     0x00003b63       0xde .\CortexM0\ARM_GCC_484\Debug\Atom.a(comm_RS485_Timeout_PM.o)
                                0x244 (size before relaxing)
 .debug_str     0x00003c41      0x468 .\CortexM0\ARM_GCC_484\Debug\Atom.a(CyLFClk.o)
                                0x5fa (size before relaxing)
 .debug_str     0x000040a9       0x84 .\CortexM0\ARM_GCC_484\Debug\Atom.a(ON1_DIR1.o)
                                0x1fe (size before relaxing)
 .debug_str     0x0000412d       0x84 .\CortexM0\ARM_GCC_484\Debug\Atom.a(ON1_DIR2.o)
                                0x1fe (size before relaxing)
 .debug_str     0x000041b1       0x84 .\CortexM0\ARM_GCC_484\Debug\Atom.a(ON2_DIR1.o)
                                0x1fe (size before relaxing)
 .debug_str     0x00004235       0x84 .\CortexM0\ARM_GCC_484\Debug\Atom.a(ON2_DIR2.o)
                                0x1fe (size before relaxing)
 .debug_str     0x000042b9       0x84 .\CortexM0\ARM_GCC_484\Debug\Atom.a(ON3_DIR1.o)
                                0x1fe (size before relaxing)
 .debug_str     0x0000433d       0x84 .\CortexM0\ARM_GCC_484\Debug\Atom.a(ON3_DIR2.o)
                                0x1fe (size before relaxing)
 .debug_str     0x000043c1       0x84 .\CortexM0\ARM_GCC_484\Debug\Atom.a(ON4_DIR1.o)
                                0x1fe (size before relaxing)
 .debug_str     0x00004445       0x84 .\CortexM0\ARM_GCC_484\Debug\Atom.a(ON4_DIR2.o)
                                0x1fe (size before relaxing)
 .debug_str     0x000044c9       0x55 .\CortexM0\ARM_GCC_484\Debug\Atom.a(comm_RS485_UART_SPI_UART_INT.o)
                                0x1d6 (size before relaxing)

.debug_loc
 *(.debug_loc)

.debug_macinfo
 *(.debug_macinfo)

.debug_ranges   0x00000000      0xff0
 *(.debug_ranges)
 .debug_ranges  0x00000000       0xb8 .\CortexM0\ARM_GCC_484\Debug\main.o
 .debug_ranges  0x000000b8       0xe8 .\CortexM0\ARM_GCC_484\Debug\Fsm.o
 .debug_ranges  0x000001a0       0x48 .\CortexM0\ARM_GCC_484\Debug\sysTimer.o
 .debug_ranges  0x000001e8       0x30 .\CortexM0\ARM_GCC_484\Debug\sleepMgr.o
 .debug_ranges  0x00000218      0x270 .\CortexM0\ARM_GCC_484\Debug\waterControl.o
 .debug_ranges  0x00000488       0x48 .\CortexM0\ARM_GCC_484\Debug\valveControl.o
 .debug_ranges  0x000004d0       0x38 .\CortexM0\ARM_GCC_484\Debug\Cm0Start.o
 .debug_ranges  0x00000508       0x48 .\CortexM0\ARM_GCC_484\Debug\Atom.a(cyfitter_cfg.o)
 .debug_ranges  0x00000550       0x58 .\CortexM0\ARM_GCC_484\Debug\Atom.a(UART.o)
 .debug_ranges  0x000005a8       0x50 .\CortexM0\ARM_GCC_484\Debug\Atom.a(UART_SPI_UART.o)
 .debug_ranges  0x000005f8       0x50 .\CortexM0\ARM_GCC_484\Debug\Atom.a(UART_UART.o)
 .debug_ranges  0x00000648       0x70 .\CortexM0\ARM_GCC_484\Debug\Atom.a(isr_WDT.o)
 .debug_ranges  0x000006b8      0x160 .\CortexM0\ARM_GCC_484\Debug\Atom.a(CyLib.o)
 .debug_ranges  0x00000818       0x48 .\CortexM0\ARM_GCC_484\Debug\Atom.a(cyPm.o)
 .debug_ranges  0x00000860       0xe0 .\CortexM0\ARM_GCC_484\Debug\Atom.a(comm.o)
 .debug_ranges  0x00000940       0x30 .\CortexM0\ARM_GCC_484\Debug\Atom.a(LED.o)
 .debug_ranges  0x00000970       0x90 .\CortexM0\ARM_GCC_484\Debug\Atom.a(comm_RS485.o)
 .debug_ranges  0x00000a00       0x98 .\CortexM0\ARM_GCC_484\Debug\Atom.a(comm_conv.o)
 .debug_ranges  0x00000a98       0x38 .\CortexM0\ARM_GCC_484\Debug\Atom.a(comm_jsmn.o)
 .debug_ranges  0x00000ad0       0x58 .\CortexM0\ARM_GCC_484\Debug\Atom.a(comm_RS485_UART.o)
 .debug_ranges  0x00000b28       0x50 .\CortexM0\ARM_GCC_484\Debug\Atom.a(comm_RS485_UART_SPI_UART.o)
 .debug_ranges  0x00000b78       0x18 .\CortexM0\ARM_GCC_484\Debug\Atom.a(comm_RS485_UART_PM.o)
 .debug_ranges  0x00000b90       0x40 .\CortexM0\ARM_GCC_484\Debug\Atom.a(comm_RS485_UART_UART.o)
 .debug_ranges  0x00000bd0       0x30 .\CortexM0\ARM_GCC_484\Debug\Atom.a(comm_RS485_WAKE.o)
 .debug_ranges  0x00000c00       0x70 .\CortexM0\ARM_GCC_484\Debug\Atom.a(comm_RS485_isr_WAKE.o)
 .debug_ranges  0x00000c70       0x70 .\CortexM0\ARM_GCC_484\Debug\Atom.a(comm_RS485_isr_Timeout.o)
 .debug_ranges  0x00000ce0       0x48 .\CortexM0\ARM_GCC_484\Debug\Atom.a(comm_RS485_Timeout.o)
 .debug_ranges  0x00000d28       0x28 .\CortexM0\ARM_GCC_484\Debug\Atom.a(comm_RS485_Timeout_PM.o)
 .debug_ranges  0x00000d50      0x110 .\CortexM0\ARM_GCC_484\Debug\Atom.a(CyLFClk.o)
 .debug_ranges  0x00000e60       0x30 .\CortexM0\ARM_GCC_484\Debug\Atom.a(ON1_DIR1.o)
 .debug_ranges  0x00000e90       0x30 .\CortexM0\ARM_GCC_484\Debug\Atom.a(ON1_DIR2.o)
 .debug_ranges  0x00000ec0       0x30 .\CortexM0\ARM_GCC_484\Debug\Atom.a(ON2_DIR1.o)
 .debug_ranges  0x00000ef0       0x30 .\CortexM0\ARM_GCC_484\Debug\Atom.a(ON2_DIR2.o)
 .debug_ranges  0x00000f20       0x30 .\CortexM0\ARM_GCC_484\Debug\Atom.a(ON3_DIR1.o)
 .debug_ranges  0x00000f50       0x30 .\CortexM0\ARM_GCC_484\Debug\Atom.a(ON3_DIR2.o)
 .debug_ranges  0x00000f80       0x30 .\CortexM0\ARM_GCC_484\Debug\Atom.a(ON4_DIR1.o)